#
# There is insufficient memory for the Java Runtime Environment to continue.
# Native memory allocation (malloc) failed to allocate 1899376 bytes. Error detail: Chunk::new
# Possible reasons:
#   The system is out of physical RAM or swap space
#   This process is running with CompressedOops enabled, and the Java Heap may be blocking the growth of the native heap
# Possible solutions:
#   Reduce memory load on the system
#   Increase physical memory or swap space
#   Check if swap backing store is full
#   Decrease Java heap size (-Xmx/-Xms)
#   Decrease number of Java threads
#   Decrease Java thread stack sizes (-Xss)
#   Set larger code cache with -XX:ReservedCodeCacheSize=
#   JVM is running with Unscaled Compressed Oops mode in which the Java heap is
#     placed in the first 4GB address space. The Java Heap base address is the
#     maximum limit for the native heap growth. Please use -XX:HeapBaseMinAddress
#     to set the Java Heap base and to place the Java Heap above 4GB virtual address.
# This output file may be truncated or incomplete.
#
#  Out of Memory Error (arena.cpp:168), pid=153024, tid=152572
#
# JRE version: OpenJDK Runtime Environment Temurin-21.0.6+7 (21.0.6+7) (build 21.0.6+7-LTS)
# Java VM: OpenJDK 64-Bit Server VM Temurin-21.0.6+7 (21.0.6+7-LTS, mixed mode, sharing, tiered, compressed oops, compressed class ptrs, g1 gc, windows-amd64)
# No core dump will be written. Minidumps are not enabled by default on client versions of Windows
#

---------------  S U M M A R Y ------------

Command Line: -Dclassworlds.conf=C:/maven/apache-maven-3.9.6/bin/m2.conf -Dmaven.home=C:/maven/apache-maven-3.9.6 -Dlibrary.jansi.path=C:/maven/apache-maven-3.9.6/lib/jansi-native -Dmaven.multiModuleProjectDirectory=C:/Users/bdjar/Desktop/appb3/ticketjo-backend org.codehaus.plexus.classworlds.launcher.Launcher clean package -DsckipTests

Host: Intel(R) Core(TM) i7-10510U CPU @ 1.80GHz, 8 cores, 7G,  Windows 11 , 64 bit Build 26100 (10.0.26100.4202)
Time: Sat Jun 21 23:35:58 2025 Paris, Madrid (heure duild 26100 (10.0.26100.4202) elapsed time: 31.898595 seconds (0d 0h 0m 31s)

---------------  T H R E A D  ---------------

Current thread (0x000002aa88dbe700):  JavaThread "C2 CompilerThread1" daemon [_thread_in_native, id=152572, stack(0x000000d21c800000,0x000000d21c900000) (1024K)]


Current CompileTask:
C2:31898 10869   !   4       lombok.javac.JavacAST::drill (146 bytes)

Stack: [0x000000d21c800000,0x000000d21c900000]
Native frames: (J=compiled Java code, j=interpreted, Vv=VM code, C=native code)
V  [jvm.dll+0x6cdee9]
V  [jvm.dll+0x8a83d1]
V  [jvm.dll+0x8aa8fe]
V  [jvm.dll+0x8aafe3]
V  [jvm.dll+0x27f706]
V  [jvm.dll+0xc500d]
V  [jvm.dll+0xc5543]
V  [jvm.dll+0x3b6752]
V  [jvm.dll+0x382935]
V  [jvm.dll+0x381d9a]
V  [jvm.dll+0x2479f0]
V  [jvm.dll+0x246fcf]
V  [jvm.dll+0x1c75ee]
V  [jvm.dll+0x25685a]
V  [jvm.dll+0x254dfa]
V  [jvm.dll+0x3f0256]
V  [jvm.dll+0x851f8b]
V  [jvm.dll+0x6cc5ed]
C  [ucrtbase.dll+0x37b0]
C  [KERNEL32.DLL+0x2e8d7]
C  [ntdll.dll+0x3c34c]


---------------  P R O C E S S  ---------------

Threads class SMR info:
_java_thread_list=0x000002aa89d61970, length=12, elements={
0x000002aa23245790, 0x000002aa3fd9d600, 0x000002aa3fd9e250, 0x000002aa3fda4ac0,
0x000002aa3fda5870, 0x000002aa3fda6e30, 0x000002aa3fdaa440, 0x000002aa3fda8c20,
0x000002aa3fdc0ee0, 0x000002aa85138e20, 0x000002aa85145680, 0x000002aa88dbe700
}

Java Threads: ( => current thread )
  0x000002aa23245790 JavaThread "main"                              [_thread_blocked, id=143708, stack(0x000000d21ae00000,0x000000d21af00000) (1024K)]
  0x000002aa3fd9d600 JavaThread "Reference Handler"          daemon [_thread_blocked, id=103612, stack(0x000000d21b600000,0x000000d21b700000) (1024K)]
  0x000002aa3fd9e250 JavaThread "Finalizer"                  daemon [_thread_blocked, id=150436, stack(0x000000d21b700000,0x000000d21b800000) (1024K)]
  0x000002aa3fda4ac0 JavaThread "Signal Dispatcher"          daemon [_thread_blocked, id=22412, stack(0x000000d21b800000,0x000000d21b900000) (1024K)]
  0x000002aa3fda5870 JavaThread "Attach Listener"            daemon [_thread_blocked, id=144056, stack(0x000000d21b900000,0x000000d21ba00000) (1024K)]
  0x000002aa3fda6e30 JavaThread "Service Thread"             daemon [_thread_blocked, id=78716, stack(0x000000d21ba00000,0x000000d21bb00000) (1024K)]
  0x000002aa3fdaa440 JavaThread "Monitor Deflation Thread"   daemon [_thread_blocked, id=144196, stack(0x000000d21bb00000,0x000000d21bc00000) (1024K)]
  0x000002aa3fda8c20 JavaThread "C2 CompilerThread0"         daemon [_thread_blocked, id=129960, stack(0x000000d21bc00000,0x000000d21bd00000) (1024K)]
  0x000002aa3fdc0ee0 JavaThread "C1 CompilerThread0"         daemon [_thread_blocked, id=24260, stack(0x000000d21bd00000,0x000000d21be00000) (1024K)]
  0x000002aa85138e20 JavaThread "Notification Thread"        daemon [_thread_blocked, id=142772, stack(0x000000d21be00000,0x000000d21bf00000) (1024K)]
  0x000002aa85145680 JavaThread "Common-Cleaner"             daemon [_thread_blocked, id=133220, stack(0x000000d21bf00000,0x000000d21c000000) (1024K)]
=>0x000002aa88dbe700 JavaThread "C2 CompilerThread1"         daemon [_thread_in_native, id=152572, stack(0x000000d21c800000,0x000000d21c900000) (1024K)]
Total: 12

Other Threads:
  0x000002aa3fd7d3a0 VMThread "VM Thread"                           [id=14032, stack(0x000000d21b500000,0x000000d21b600000) (1024K)]
  0x000002aa3fd69590 WatcherThread "VM Periodic Task Thread"        [id=152632, stack(0x000000d21b400000,0x000000d21b500000) (1024K)]
  0x000002aa232988a0 WorkerThread "GC Thread#0"                     [id=153580, stack(0x000000d21af00000,0x000000d21b000000) (1024K)]
  0x000002aa85c398d0 WorkerThread "GC Thread#1"                     [id=16316, stack(0x000000d21c100000,0x000000d21c200000) (1024K)]
  0x000002aa85c3b230 WorkerThread "GC Thread#2"                     [id=154380, stack(0x000000d21c200000,0x000000d21c300000) (1024K)]
  0x000002aa85c39c70 WorkerThread "GC Thread#3"                     [id=56720, stack(0x000000d21c300000,0x000000d21c400000) (1024K)]
  0x000002aa85c3a010 WorkerThread "GC Thread#4"                     [id=12332, stack(0x000000d21c400000,0x000000d21c500000) (1024K)]
  0x000002aa85c3a3b0 WorkerThread "GC Thread#5"                     [id=154484, stack(0x000000d21c500000,0x000000d21c600000) (1024K)]
  0x000002aa85c3a750 WorkerThread "GC Thread#6"                     [id=84872, stack(0x000000d21c600000,0x000000d21c700000) (1024K)]
  0x000002aa85c3aaf0 WorkerThread "GC Thread#7"                     [id=132116, stack(0x000000d21c700000,0x000000d21c800000) (1024K)]
  0x000002aa232a9280 ConcurrentGCThread "G1 Main Marker"            [id=146120, stack(0x000000d21b000000,0x000000d21b100000) (1024K)]
  0x000002aa232aac00 WorkerThread "G1 Conc#0"                       [id=154548, stack(0x000000d21b100000,0x000000d21b200000) (1024K)]
  0x000002aa85f92a00 WorkerThread "G1 Conc#1"                       [id=143668, stack(0x000000d21c000000,0x000000d21c100000) (1024K)]
  0x000002aa232feb60 ConcurrentGCThread "G1 Refine#0"               [id=139460, stack(0x000000d21b200000,0x000000d21b300000) (1024K)]
  0x000002aa3fc3c880 ConcurrentGCThread "G1 Service"                [id=150020, stack(0x000000d21b300000,0x000000d21b400000) (1024K)]
Total: 15

Threads with active compile tasks:
C2 CompilerThread0  31937 10881       4       lombok.core.AST::buildWithCollection (128 bytes)
C1 CompilerThread0  31937 11015       3       com.sun.tools.javac.comp.Attr::checkIdInternal (793 bytes)
C2 CompilerThread1  31937 10869   !   4       lombok.javac.JavacAST::drill (146 bytes)
Total: 3

VM state: at safepoint (normal execution)

VM Mutex/Monitor currently owned by a thread:  ([mutex/lock_event])
[0x00007ffc8cc1e380] Threads_lock - owner thread: 0x000002aa3fd7d3a0
[0x00007ffc8cc1e480] Heap_lock - owner thread: 0x000002aa23245790

Heap address: 0x0000000083000000, size: 2000 MB, Compressed Oops mode: 32-bit

CDS archive(s) mapped at: [0x000002aa40000000-0x000002aa40c80000-0x000002aa40c80000), size 13107200, SharedBaseAddress: 0x000002aa40000000, ArchiveRelocationMode: 1.
Compressed class space mapped at: 0x000002aa41000000-0x000002aa81000000, reserved size: 1073741824
Narrow klass base: 0x000002aa40000000, Narrow klass shift: 0, Narrow klass range: 0x100000000

GC Precious Log:
 CardTable entry size: 512
 Card Set container configuration: InlinePtr #cards 5 size 8 Array Of Cards #cards 12 size 40 Howl #buckets 4 coarsen threshold 1843 Howl Bitmap #cards 512 size 80 coarsen threshold 460 Card regions per heap region 1 cards per card region 2048
 CPUs: 8 total, 8 available
 Memory: 7995M
 Large Page Support: Disabled
 NUMA Support: Disabled
 Compressed Oops: Enabled (32-bit)
 Heap Region Size: 1M
 Heap Min Capacity: 8M
 Heap Initial Capacity: 126M
 Heap Max Capacity: 2000M
 Pre-touch: Disabled
 Parallel Workers: 8
 Concurrent Workers: 2
 Concurrent Refinement Workers: 8
 Periodic GC: Disabled

Heap:
 garbage-first heap   total 151552K, used 127384K [0x0000000083000000, 0x0000000100000000)
  region size 1024K, 42 young (43008K), 2 survivors (2048K)
 Metaspace       used 35466K, committed 36032K, reserved 1114112K
  class space    used 3829K, committed 4096K, reserved 1048576K

Heap Regions: E=young(eden), S=young(survivor), O=old, HS=humongous(starts), HC=humongous(continues), CS=collection set, F=free, TAMS=top-at-mark-start, PB=parsable bottom
|   0|0x0000000083000000, 0x0000000083100000, 0x0000000083100000|100%| O|  |TAMS 0x0000000083100000| PB 0x0000000083000000| Untracked 
|   1|0x0000000083100000, 0x0000000083200000, 0x0000000083200000|100%| O|  |TAMS 0x0000000083200000| PB 0x0000000083100000| Untracked 
|   2|0x0000000083200000, 0x0000000083300000, 0x0000000083300000|100%| O|  |TAMS 0x0000000083300000| PB 0x0000000083200000| Untracked 
|   3|0x0000000083300000, 0x0000000083400000, 0x0000000083400000|100%| O|  |TAMS 0x0000000083400000| PB 0x0000000083300000| Untracked 
|   4|0x0000000083400000, 0x0000000083500000, 0x0000000083500000|100%| O|  |TAMS 0x0000000083500000| PB 0x0000000083400000| Untracked 
|   5|0x0000000083500000, 0x0000000083600000, 0x0000000083600000|100%| O|  |TAMS 0x0000000083600000| PB 0x0000000083500000| Untracked 
|   6|0x0000000083600000, 0x0000000083700000, 0x0000000083700000|100%| O|  |TAMS 0x0000000083700000| PB 0x0000000083600000| Untracked 
|   7|0x0000000083700000, 0x0000000083800000, 0x0000000083800000|100%| O|  |TAMS 0x0000000083800000| PB 0x0000000083700000| Untracked 
|   8|0x0000000083800000, 0x0000000083900000, 0x0000000083900000|100%| O|  |TAMS 0x0000000083900000| PB 0x0000000083800000| Untracked 
|   9|0x0000000083900000, 0x0000000083a00000, 0x0000000083a00000|100%| O|  |TAMS 0x0000000083a00000| PB 0x0000000083900000| Untracked 
|  10|0x0000000083a00000, 0x0000000083b00000, 0x0000000083b00000|100%| O|  |TAMS 0x0000000083b00000| PB 0x0000000083a00000| Untracked 
|  11|0x0000000083b00000, 0x0000000083c00000, 0x0000000083c00000|100%| O|  |TAMS 0x0000000083c00000| PB 0x0000000083b00000| Untracked 
|  12|0x0000000083c00000, 0x0000000083d00000, 0x0000000083d00000|100%| O|  |TAMS 0x0000000083d00000| PB 0x0000000083c00000| Untracked 
|  13|0x0000000083d00000, 0x0000000083e00000, 0x0000000083e00000|100%| O|  |TAMS 0x0000000083e00000| PB 0x0000000083d00000| Untracked 
|  14|0x0000000083e00000, 0x0000000083e00000, 0x0000000083f00000|  0%| F|  |TAMS 0x0000000083e00000| PB 0x0000000083e00000| Untracked 
|  15|0x0000000083f00000, 0x0000000084000000, 0x0000000084000000|100%|HS|  |TAMS 0x0000000084000000| PB 0x0000000083f00000| Complete 
|  16|0x0000000084000000, 0x0000000084100000, 0x0000000084100000|100%|HS|  |TAMS 0x0000000084100000| PB 0x0000000084000000| Complete 
|  17|0x0000000084100000, 0x0000000084200000, 0x0000000084200000|100%| O|  |TAMS 0x0000000084200000| PB 0x0000000084100000| Untracked 
|  18|0x0000000084200000, 0x0000000084300000, 0x0000000084300000|100%|HS|  |TAMS 0x0000000084300000| PB 0x0000000084200000| Complete 
|  19|0x0000000084300000, 0x0000000084400000, 0x0000000084400000|100%|HC|  |TAMS 0x0000000084400000| PB 0x0000000084300000| Complete 
|  20|0x0000000084400000, 0x0000000084500000, 0x0000000084500000|100%| O|  |TAMS 0x0000000084500000| PB 0x0000000084400000| Untracked 
|  21|0x0000000084500000, 0x0000000084600000, 0x0000000084600000|100%| O|  |TAMS 0x0000000084600000| PB 0x0000000084500000| Untracked 
|  22|0x0000000084600000, 0x0000000084700000, 0x0000000084700000|100%| O|  |TAMS 0x0000000084700000| PB 0x0000000084600000| Untracked 
|  23|0x0000000084700000, 0x0000000084800000, 0x0000000084800000|100%| O|  |TAMS 0x0000000084800000| PB 0x0000000084700000| Untracked 
|  24|0x0000000084800000, 0x0000000084900000, 0x0000000084900000|100%| O|  |TAMS 0x0000000084900000| PB 0x0000000084800000| Untracked 
|  25|0x0000000084900000, 0x0000000084a00000, 0x0000000084a00000|100%| O|  |TAMS 0x0000000084a00000| PB 0x0000000084900000| Untracked 
|  26|0x0000000084a00000, 0x0000000084a00000, 0x0000000084b00000|  0%| F|  |TAMS 0x0000000084a00000| PB 0x0000000084a00000| Untracked 
|  27|0x0000000084b00000, 0x0000000084b00000, 0x0000000084c00000|  0%| F|  |TAMS 0x0000000084b00000| PB 0x0000000084b00000| Untracked 
|  28|0x0000000084c00000, 0x0000000084c00000, 0x0000000084d00000|  0%| F|  |TAMS 0x0000000084c00000| PB 0x0000000084c00000| Untracked 
|  29|0x0000000084d00000, 0x0000000084d00000, 0x0000000084e00000|  0%| F|  |TAMS 0x0000000084d00000| PB 0x0000000084d00000| Untracked 
|  30|0x0000000084e00000, 0x0000000084e00000, 0x0000000084f00000|  0%| F|  |TAMS 0x0000000084e00000| PB 0x0000000084e00000| Untracked 
|  31|0x0000000084f00000, 0x0000000084f00000, 0x0000000085000000|  0%| F|  |TAMS 0x0000000084f00000| PB 0x0000000084f00000| Untracked 
|  32|0x0000000085000000, 0x0000000085000000, 0x0000000085100000|  0%| F|  |TAMS 0x0000000085000000| PB 0x0000000085000000| Untracked 
|  33|0x0000000085100000, 0x0000000085200000, 0x0000000085200000|100%| O|  |TAMS 0x0000000085200000| PB 0x0000000085100000| Untracked 
|  34|0x0000000085200000, 0x0000000085300000, 0x0000000085300000|100%| O|  |TAMS 0x0000000085300000| PB 0x0000000085200000| Untracked 
|  35|0x0000000085300000, 0x0000000085400000, 0x0000000085400000|100%| O|  |TAMS 0x0000000085400000| PB 0x0000000085300000| Untracked 
|  36|0x0000000085400000, 0x0000000085500000, 0x0000000085500000|100%| O|  |TAMS 0x0000000085500000| PB 0x0000000085400000| Untracked 
|  37|0x0000000085500000, 0x0000000085600000, 0x0000000085600000|100%| O|  |TAMS 0x0000000085600000| PB 0x0000000085500000| Untracked 
|  38|0x0000000085600000, 0x0000000085700000, 0x0000000085700000|100%| O|  |TAMS 0x0000000085700000| PB 0x0000000085600000| Untracked 
|  39|0x0000000085700000, 0x0000000085800000, 0x0000000085800000|100%| O|  |TAMS 0x0000000085800000| PB 0x0000000085700000| Untracked 
|  40|0x0000000085800000, 0x0000000085900000, 0x0000000085900000|100%| O|  |TAMS 0x0000000085900000| PB 0x0000000085800000| Untracked 
|  41|0x0000000085900000, 0x0000000085a00000, 0x0000000085a00000|100%| O|  |TAMS 0x0000000085a00000| PB 0x0000000085900000| Untracked 
|  42|0x0000000085a00000, 0x0000000085b00000, 0x0000000085b00000|100%| O|  |TAMS 0x0000000085b00000| PB 0x0000000085a00000| Untracked 
|  43|0x0000000085b00000, 0x0000000085c00000, 0x0000000085c00000|100%| O|  |TAMS 0x0000000085c00000| PB 0x0000000085b00000| Untracked 
|  44|0x0000000085c00000, 0x0000000085d00000, 0x0000000085d00000|100%|HS|  |TAMS 0x0000000085d00000| PB 0x0000000085c00000| Complete 
|  45|0x0000000085d00000, 0x0000000085e00000, 0x0000000085e00000|100%|HC|  |TAMS 0x0000000085e00000| PB 0x0000000085d00000| Complete 
|  46|0x0000000085e00000, 0x0000000085f00000, 0x0000000085f00000|100%|HS|  |TAMS 0x0000000085f00000| PB 0x0000000085e00000| Complete 
|  47|0x0000000085f00000, 0x0000000086000000, 0x0000000086000000|100%| O|  |TAMS 0x0000000086000000| PB 0x0000000085f00000| Untracked 
|  48|0x0000000086000000, 0x0000000086100000, 0x0000000086100000|100%| O|  |TAMS 0x0000000086100000| PB 0x0000000086000000| Untracked 
|  49|0x0000000086100000, 0x0000000086200000, 0x0000000086200000|100%| O|  |TAMS 0x0000000086200000| PB 0x0000000086100000| Untracked 
|  50|0x0000000086200000, 0x0000000086300000, 0x0000000086300000|100%| O|  |TAMS 0x0000000086300000| PB 0x0000000086200000| Untracked 
|  51|0x0000000086300000, 0x0000000086400000, 0x0000000086400000|100%| O|  |TAMS 0x0000000086400000| PB 0x0000000086300000| Untracked 
|  52|0x0000000086400000, 0x0000000086500000, 0x0000000086500000|100%| O|  |TAMS 0x0000000086500000| PB 0x0000000086400000| Untracked 
|  53|0x0000000086500000, 0x0000000086600000, 0x0000000086600000|100%| O|  |TAMS 0x0000000086600000| PB 0x0000000086500000| Untracked 
|  54|0x0000000086600000, 0x0000000086700000, 0x0000000086700000|100%|HS|  |TAMS 0x0000000086700000| PB 0x0000000086600000| Complete 
|  55|0x0000000086700000, 0x0000000086800000, 0x0000000086800000|100%| O|  |TAMS 0x0000000086800000| PB 0x0000000086700000| Untracked 
|  56|0x0000000086800000, 0x0000000086900000, 0x0000000086900000|100%| O|  |TAMS 0x0000000086900000| PB 0x0000000086800000| Untracked 
|  57|0x0000000086900000, 0x0000000086a00000, 0x0000000086a00000|100%| O|  |TAMS 0x0000000086a00000| PB 0x0000000086900000| Untracked 
|  58|0x0000000086a00000, 0x0000000086b00000, 0x0000000086b00000|100%| O|  |TAMS 0x0000000086b00000| PB 0x0000000086a00000| Untracked 
|  59|0x0000000086b00000, 0x0000000086c00000, 0x0000000086c00000|100%| O|  |TAMS 0x0000000086c00000| PB 0x0000000086b00000| Untracked 
|  60|0x0000000086c00000, 0x0000000086d00000, 0x0000000086d00000|100%| O|  |TAMS 0x0000000086d00000| PB 0x0000000086c00000| Untracked 
|  61|0x0000000086d00000, 0x0000000086e00000, 0x0000000086e00000|100%| O|  |TAMS 0x0000000086e00000| PB 0x0000000086d00000| Untracked 
|  62|0x0000000086e00000, 0x0000000086f00000, 0x0000000086f00000|100%| O|  |TAMS 0x0000000086f00000| PB 0x0000000086e00000| Untracked 
|  63|0x0000000086f00000, 0x0000000087000000, 0x0000000087000000|100%| O|  |TAMS 0x0000000087000000| PB 0x0000000086f00000| Untracked 
|  64|0x0000000087000000, 0x0000000087100000, 0x0000000087100000|100%| O|  |TAMS 0x0000000087100000| PB 0x0000000087000000| Untracked 
|  65|0x0000000087100000, 0x0000000087200000, 0x0000000087200000|100%| O|  |TAMS 0x0000000087200000| PB 0x0000000087100000| Untracked 
|  66|0x0000000087200000, 0x0000000087300000, 0x0000000087300000|100%| O|  |TAMS 0x0000000087300000| PB 0x0000000087200000| Untracked 
|  67|0x0000000087300000, 0x0000000087400000, 0x0000000087400000|100%| O|  |TAMS 0x0000000087400000| PB 0x0000000087300000| Untracked 
|  68|0x0000000087400000, 0x0000000087500000, 0x0000000087500000|100%| O|  |TAMS 0x0000000087500000| PB 0x0000000087400000| Untracked 
|  69|0x0000000087500000, 0x0000000087600000, 0x0000000087600000|100%| O|  |TAMS 0x0000000087600000| PB 0x0000000087500000| Untracked 
|  70|0x0000000087600000, 0x0000000087700000, 0x0000000087700000|100%| O|  |TAMS 0x0000000087700000| PB 0x0000000087600000| Untracked 
|  71|0x0000000087700000, 0x0000000087800000, 0x0000000087800000|100%| O|  |TAMS 0x0000000087800000| PB 0x0000000087700000| Untracked 
|  72|0x0000000087800000, 0x0000000087900000, 0x0000000087900000|100%| O|  |TAMS 0x0000000087900000| PB 0x0000000087800000| Untracked 
|  73|0x0000000087900000, 0x0000000087a00000, 0x0000000087a00000|100%| O|  |TAMS 0x0000000087a00000| PB 0x0000000087900000| Untracked 
|  74|0x0000000087a00000, 0x0000000087b00000, 0x0000000087b00000|100%| O|  |TAMS 0x0000000087b00000| PB 0x0000000087a00000| Untracked 
|  75|0x0000000087b00000, 0x0000000087c00000, 0x0000000087c00000|100%| O|  |TAMS 0x0000000087c00000| PB 0x0000000087b00000| Untracked 
|  76|0x0000000087c00000, 0x0000000087d00000, 0x0000000087d00000|100%| O|  |TAMS 0x0000000087d00000| PB 0x0000000087c00000| Untracked 
|  77|0x0000000087d00000, 0x0000000087e00000, 0x0000000087e00000|100%| O|  |TAMS 0x0000000087e00000| PB 0x0000000087d00000| Untracked 
|  78|0x0000000087e00000, 0x0000000087e00000, 0x0000000087f00000|  0%| F|  |TAMS 0x0000000087e00000| PB 0x0000000087e00000| Untracked 
|  79|0x0000000087f00000, 0x0000000087f00000, 0x0000000088000000|  0%| F|  |TAMS 0x0000000087f00000| PB 0x0000000087f00000| Untracked 
|  80|0x0000000088000000, 0x0000000088000000, 0x0000000088100000|  0%| F|  |TAMS 0x0000000088000000| PB 0x0000000088000000| Untracked 
|  81|0x0000000088100000, 0x0000000088100000, 0x0000000088200000|  0%| F|  |TAMS 0x0000000088100000| PB 0x0000000088100000| Untracked 
|  82|0x0000000088200000, 0x0000000088200000, 0x0000000088300000|  0%| F|  |TAMS 0x0000000088200000| PB 0x0000000088200000| Untracked 
|  83|0x0000000088300000, 0x0000000088300000, 0x0000000088400000|  0%| F|  |TAMS 0x0000000088300000| PB 0x0000000088300000| Untracked 
|  84|0x0000000088400000, 0x0000000088400000, 0x0000000088500000|  0%| F|  |TAMS 0x0000000088400000| PB 0x0000000088400000| Untracked 
|  85|0x0000000088500000, 0x0000000088500000, 0x0000000088600000|  0%| F|  |TAMS 0x0000000088500000| PB 0x0000000088500000| Untracked 
|  86|0x0000000088600000, 0x0000000088600000, 0x0000000088700000|  0%| F|  |TAMS 0x0000000088600000| PB 0x0000000088600000| Untracked 
|  87|0x0000000088700000, 0x0000000088700000, 0x0000000088800000|  0%| F|  |TAMS 0x0000000088700000| PB 0x0000000088700000| Untracked 
|  88|0x0000000088800000, 0x0000000088800000, 0x0000000088900000|  0%| F|  |TAMS 0x0000000088800000| PB 0x0000000088800000| Untracked 
|  89|0x0000000088900000, 0x0000000088900000, 0x0000000088a00000|  0%| F|  |TAMS 0x0000000088900000| PB 0x0000000088900000| Untracked 
|  90|0x0000000088a00000, 0x0000000088a78240, 0x0000000088b00000| 46%| S|  |TAMS 0x0000000088a00000| PB 0x0000000088a00000| Complete 
|  91|0x0000000088b00000, 0x0000000088c00000, 0x0000000088c00000|100%| S|  |TAMS 0x0000000088b00000| PB 0x0000000088b00000| Complete 
|  92|0x0000000088c00000, 0x0000000088d00000, 0x0000000088d00000|100%| S|  |TAMS 0x0000000088c00000| PB 0x0000000088c00000| Complete 
|  93|0x0000000088d00000, 0x0000000088e00000, 0x0000000088e00000|100%| E|CS|TAMS 0x0000000088d00000| PB 0x0000000088d00000| Complete 
|  94|0x0000000088e00000, 0x0000000088f00000, 0x0000000088f00000|100%| E|CS|TAMS 0x0000000088e00000| PB 0x0000000088e00000| Complete 
|  95|0x0000000088f00000, 0x0000000089000000, 0x0000000089000000|100%| E|CS|TAMS 0x0000000088f00000| PB 0x0000000088f00000| Complete 
|  96|0x0000000089000000, 0x0000000089066318, 0x0000000089100000| 39%| E|CS|TAMS 0x0000000089000000| PB 0x0000000089000000| Complete 
|  97|0x0000000089100000, 0x0000000089200000, 0x0000000089200000|100%| E|CS|TAMS 0x0000000089100000| PB 0x0000000089100000| Complete 
|  98|0x0000000089200000, 0x0000000089300000, 0x0000000089300000|100%| E|CS|TAMS 0x0000000089200000| PB 0x0000000089200000| Complete 
|  99|0x0000000089300000, 0x0000000089400000, 0x0000000089400000|100%| E|CS|TAMS 0x0000000089300000| PB 0x0000000089300000| Complete 
| 100|0x0000000089400000, 0x0000000089500000, 0x0000000089500000|100%| E|CS|TAMS 0x0000000089400000| PB 0x0000000089400000| Complete 
| 101|0x0000000089500000, 0x0000000089600000, 0x0000000089600000|100%| E|CS|TAMS 0x0000000089500000| PB 0x0000000089500000| Complete 
| 102|0x0000000089600000, 0x0000000089700000, 0x0000000089700000|100%| E|CS|TAMS 0x0000000089600000| PB 0x0000000089600000| Complete 
| 103|0x0000000089700000, 0x0000000089800000, 0x0000000089800000|100%| E|CS|TAMS 0x0000000089700000| PB 0x0000000089700000| Complete 
| 104|0x0000000089800000, 0x0000000089900000, 0x0000000089900000|100%| E|CS|TAMS 0x0000000089800000| PB 0x0000000089800000| Complete 
| 105|0x0000000089900000, 0x0000000089a00000, 0x0000000089a00000|100%| E|CS|TAMS 0x0000000089900000| PB 0x0000000089900000| Complete 
| 106|0x0000000089a00000, 0x0000000089b00000, 0x0000000089b00000|100%| E|CS|TAMS 0x0000000089a00000| PB 0x0000000089a00000| Complete 
| 107|0x0000000089b00000, 0x0000000089c00000, 0x0000000089c00000|100%| E|CS|TAMS 0x0000000089b00000| PB 0x0000000089b00000| Complete 
| 108|0x0000000089c00000, 0x0000000089d00000, 0x0000000089d00000|100%| E|CS|TAMS 0x0000000089c00000| PB 0x0000000089c00000| Complete 
| 109|0x0000000089d00000, 0x0000000089e00000, 0x0000000089e00000|100%| E|CS|TAMS 0x0000000089d00000| PB 0x0000000089d00000| Complete 
| 110|0x0000000089e00000, 0x0000000089f00000, 0x0000000089f00000|100%| E|CS|TAMS 0x0000000089e00000| PB 0x0000000089e00000| Complete 
| 111|0x0000000089f00000, 0x000000008a000000, 0x000000008a000000|100%| E|CS|TAMS 0x0000000089f00000| PB 0x0000000089f00000| Complete 
| 112|0x000000008a000000, 0x000000008a100000, 0x000000008a100000|100%| E|CS|TAMS 0x000000008a000000| PB 0x000000008a000000| Complete 
| 113|0x000000008a100000, 0x000000008a200000, 0x000000008a200000|100%| E|CS|TAMS 0x000000008a100000| PB 0x000000008a100000| Complete 
| 114|0x000000008a200000, 0x000000008a300000, 0x000000008a300000|100%| E|CS|TAMS 0x000000008a200000| PB 0x000000008a200000| Complete 
| 115|0x000000008a300000, 0x000000008a400000, 0x000000008a400000|100%| E|CS|TAMS 0x000000008a300000| PB 0x000000008a300000| Complete 
| 116|0x000000008a400000, 0x000000008a500000, 0x000000008a500000|100%| E|CS|TAMS 0x000000008a400000| PB 0x000000008a400000| Complete 
| 117|0x000000008a500000, 0x000000008a600000, 0x000000008a600000|100%| E|CS|TAMS 0x000000008a500000| PB 0x000000008a500000| Complete 
| 118|0x000000008a600000, 0x000000008a700000, 0x000000008a700000|100%| E|CS|TAMS 0x000000008a600000| PB 0x000000008a600000| Complete 
| 119|0x000000008a700000, 0x000000008a800000, 0x000000008a800000|100%| E|CS|TAMS 0x000000008a700000| PB 0x000000008a700000| Complete 
| 120|0x000000008a800000, 0x000000008a900000, 0x000000008a900000|100%| E|CS|TAMS 0x000000008a800000| PB 0x000000008a800000| Complete 
| 121|0x000000008a900000, 0x000000008aa00000, 0x000000008aa00000|100%| E|CS|TAMS 0x000000008a900000| PB 0x000000008a900000| Complete 
| 122|0x000000008aa00000, 0x000000008ab00000, 0x000000008ab00000|100%| E|CS|TAMS 0x000000008aa00000| PB 0x000000008aa00000| Complete 
| 123|0x000000008ab00000, 0x000000008ac00000, 0x000000008ac00000|100%| E|CS|TAMS 0x000000008ab00000| PB 0x000000008ab00000| Complete 
| 124|0x000000008ac00000, 0x000000008ad00000, 0x000000008ad00000|100%| E|CS|TAMS 0x000000008ac00000| PB 0x000000008ac00000| Complete 
| 125|0x000000008ad00000, 0x000000008ae00000, 0x000000008ae00000|100%| E|CS|TAMS 0x000000008ad00000| PB 0x000000008ad00000| Complete 
| 126|0x000000008ae00000, 0x000000008af00000, 0x000000008af00000|100%| E|CS|TAMS 0x000000008ae00000| PB 0x000000008ae00000| Complete 
| 127|0x000000008af00000, 0x000000008b000000, 0x000000008b000000|100%| E|CS|TAMS 0x000000008af00000| PB 0x000000008af00000| Complete 
| 128|0x000000008b000000, 0x000000008b100000, 0x000000008b100000|100%| E|CS|TAMS 0x000000008b000000| PB 0x000000008b000000| Complete 
| 129|0x000000008b100000, 0x000000008b200000, 0x000000008b200000|100%| E|CS|TAMS 0x000000008b100000| PB 0x000000008b100000| Complete 
| 130|0x000000008b200000, 0x000000008b300000, 0x000000008b300000|100%| E|CS|TAMS 0x000000008b200000| PB 0x000000008b200000| Complete 
|1983|0x00000000fef00000, 0x00000000ff000000, 0x00000000ff000000|100%| O|  |TAMS 0x00000000ff000000| PB 0x00000000fef00000| Untracked 
|1984|0x00000000ff000000, 0x00000000ff100000, 0x00000000ff100000|100%| O|  |TAMS 0x00000000ff100000| PB 0x00000000ff000000| Untracked 
|1985|0x00000000ff100000, 0x00000000ff200000, 0x00000000ff200000|100%| O|  |TAMS 0x00000000ff200000| PB 0x00000000ff100000| Untracked 
|1986|0x00000000ff200000, 0x00000000ff300000, 0x00000000ff300000|100%| O|  |TAMS 0x00000000ff300000| PB 0x00000000ff200000| Untracked 
|1987|0x00000000ff300000, 0x00000000ff400000, 0x00000000ff400000|100%| O|  |TAMS 0x00000000ff400000| PB 0x00000000ff300000| Untracked 
|1988|0x00000000ff400000, 0x00000000ff500000, 0x00000000ff500000|100%| O|  |TAMS 0x00000000ff500000| PB 0x00000000ff400000| Untracked 
|1989|0x00000000ff500000, 0x00000000ff600000, 0x00000000ff600000|100%| O|  |TAMS 0x00000000ff600000| PB 0x00000000ff500000| Untracked 
|1990|0x00000000ff600000, 0x00000000ff600000, 0x00000000ff700000|  0%| F|CS|TAMS 0x00000000ff600000| PB 0x00000000ff600000| Untracked 
|1991|0x00000000ff700000, 0x00000000ff800000, 0x00000000ff800000|100%| O|  |TAMS 0x00000000ff800000| PB 0x00000000ff700000| Untracked 
|1992|0x00000000ff800000, 0x00000000ff900000, 0x00000000ff900000|100%| O|  |TAMS 0x00000000ff900000| PB 0x00000000ff800000| Untracked 
|1993|0x00000000ff900000, 0x00000000ffa00000, 0x00000000ffa00000|100%| O|  |TAMS 0x00000000ffa00000| PB 0x00000000ff900000| Untracked 
|1994|0x00000000ffa00000, 0x00000000ffb00000, 0x00000000ffb00000|100%| O|  |TAMS 0x00000000ffb00000| PB 0x00000000ffa00000| Untracked 
|1995|0x00000000ffb00000, 0x00000000ffc00000, 0x00000000ffc00000|100%| O|  |TAMS 0x00000000ffc00000| PB 0x00000000ffb00000| Untracked 
|1996|0x00000000ffc00000, 0x00000000ffc00000, 0x00000000ffd00000|  0%| F|  |TAMS 0x00000000ffc00000| PB 0x00000000ffc00000| Untracked 
|1997|0x00000000ffd00000, 0x00000000ffd00000, 0x00000000ffe00000|  0%| F|  |TAMS 0x00000000ffd00000| PB 0x00000000ffd00000| Untracked 
|1998|0x00000000ffe00000, 0x00000000ffe80000, 0x00000000fff00000| 50%| E|  |TAMS 0x00000000ffe00000| PB 0x00000000ffe00000| Complete 
|1999|0x00000000fff00000, 0x0000000100000000, 0x0000000100000000|100%| O|  |TAMS 0x0000000100000000| PB 0x00000000fff00000| Untracked 

Card table byte_map: [0x000002aa3b040000,0x000002aa3b430000] _byte_map_base: 0x000002aa3ac28000

Marking Bits: (CMBitMap*) 0x000002aa23298fa0
 Bits: [0x000002aa3b430000, 0x000002aa3d370000)

Polling page: 0x000002aa21040000

Metaspace:

Usage:
  Non-class:     30.90 MB used.
      Class:      3.74 MB used.
       Both:     34.64 MB used.

Virtual space:
  Non-class space:       64.00 MB reserved,      31.19 MB ( 49%) committed,  1 nodes.
      Class space:        1.00 GB reserved,       4.00 MB ( <1%) committed,  1 nodes.
             Both:        1.06 GB reserved,      35.19 MB (  3%) committed. 

Chunk freelists:
   Non-Class:  656.00 KB
       Class:  11.73 MB
        Both:  12.37 MB

MaxMetaspaceSize: unlimited
CompressedClassSpaceSize: 1.00 GB
Initial GC threshold: 21.00 MB
Current GC threshold: 55.94 MB
CDS: on
 - commit_granule_bytes: 65536.
 - commit_granule_words: 8192.
 - virtual_space_node_default_size: 8388608.
 - enlarge_chunks_in_place: 1.
 - use_allocation_guard: 0.


Internal statistics:

num_allocs_failed_limit: 3.
num_arena_births: 616.
num_arena_deaths: 0.
num_vsnodes_births: 2.
num_vsnodes_deaths: 0.
num_space_committed: 563.
num_space_uncommitted: 0.
num_chunks_returned_to_freelist: 3.
num_chunks_taken_from_freelist: 1990.
num_chunk_merges: 0.
num_chunk_splits: 1375.
num_chunks_enlarged: 1020.
num_inconsistent_stats: 0.

CodeHeap 'non-profiled nmethods': size=120000Kb used=6706Kb max_used=6706Kb free=113293Kb
 bounds [0x000002aa333f0000, 0x000002aa33a80000, 0x000002aa3a920000]
CodeHeap 'profiled nmethods': size=120000Kb used=23462Kb max_used=24661Kb free=96537Kb
 bounds [0x000002aa2b920000, 0x000002aa2d140000, 0x000002aa32e50000]
CodeHeap 'non-nmethods': size=5760Kb used=1472Kb max_used=1577Kb free=4287Kb
 bounds [0x000002aa32e50000, 0x000002aa330c0000, 0x000002aa333f0000]
 total_blobs=10718 nmethods=10165 adapters=457
 compilation: enabled
              stopped_count=0, restarted_count=0
 full_count=0

Compilation events (20 events):
Event: 30.824 Thread 0x000002aa3fdc0ee0 10959       2       com.sun.tools.javac.comp.ArgumentAttr::lambda$visitApply$5 (15 bytes)
Event: 30.824 Thread 0x000002aa3fdc0ee0 nmethod 10959 0x000002aa2be79090 code [0x000002aa2be79240, 0x000002aa2be793e8]
Event: 30.824 Thread 0x000002aa3fdc0ee0 10960       2       com.sun.tools.javac.comp.Check$$Lambda/0x000002aa413e1a18::typesInferred (25 bytes)
Event: 30.825 Thread 0x000002aa3fdc0ee0 nmethod 10960 0x000002aa2be78b90 code [0x000002aa2be78d40, 0x000002aa2be78e80]
Event: 30.825 Thread 0x000002aa3fdc0ee0 10961       2       com.sun.tools.javac.comp.Check::lambda$checkType$0 (21 bytes)
Event: 30.825 Thread 0x000002aa3fdc0ee0 nmethod 10961 0x000002aa2bf89b10 code [0x000002aa2bf89d00, 0x000002aa2bf89f80]
Event: 30.825 Thread 0x000002aa3fdc0ee0 10962       2       com.sun.tools.javac.code.Types$5::visitUndetVar (10 bytes)
Event: 31.850 Thread 0x000002aa3fdc0ee0 nmethod 10962 0x000002aa2bfc2690 code [0x000002aa2bfc2840, 0x000002aa2bfc29a0]
Event: 31.850 Thread 0x000002aa3fdc0ee0 10964       2       com.sun.tools.javac.comp.InferenceContext::solve (25 bytes)
Event: 31.850 Thread 0x000002aa3fdc0ee0 nmethod 10964 0x000002aa2c010790 code [0x000002aa2c010960, 0x000002aa2c010ce8]
Event: 31.850 Thread 0x000002aa3fdc0ee0 10965       2       com.sun.tools.javac.comp.Infer$GraphSolver::<init> (20 bytes)
Event: 31.851 Thread 0x000002aa3fdc0ee0 nmethod 10965 0x000002aa2bfc2190 code [0x000002aa2bfc2340, 0x000002aa2bfc2558]
Event: 31.851 Thread 0x000002aa3fdc0ee0 10966       2       com.sun.tools.javac.util.GraphUtils::tarjan (14 bytes)
Event: 31.851 Thread 0x000002aa3fdc0ee0 nmethod 10966 0x000002aa2c292c10 code [0x000002aa2c292de0, 0x000002aa2c2931a8]
Event: 31.851 Thread 0x000002aa3fdc0ee0 10967       2       com.sun.tools.javac.util.GraphUtils$Tarjan::<init> (32 bytes)
Event: 31.851 Thread 0x000002aa3fdc0ee0 nmethod 10967 0x000002aa2c42dc90 code [0x000002aa2c42de40, 0x000002aa2c42e1b0]
Event: 31.851 Thread 0x000002aa3fdc0ee0 10963       2       com.sun.tools.javac.code.Types$5::visitUndetVar (70 bytes)
Event: 31.851 Thread 0x000002aa3fdc0ee0 nmethod 10963 0x000002aa2c42a410 code [0x000002aa2c42a600, 0x000002aa2c42a8e8]
Event: 31.857 Thread 0x000002aa3fda8c20 nmethod 10786 0x000002aa33a6e990 code [0x000002aa33a6f460, 0x000002aa33a78140]
Event: 31.858 Thread 0x000002aa3fda8c20 10881       4       lombok.core.AST::buildWithCollection (128 bytes)

GC Heap History (20 events):
Event: 8.536 GC heap before
{Heap before GC invocations=4 (full 0):
 garbage-first heap   total 129024K, used 72577K [0x0000000083000000, 0x0000000100000000)
  region size 1024K, 52 young (53248K), 6 survivors (6144K)
 Metaspace       used 21255K, committed 21504K, reserved 1114112K
  class space    used 2333K, committed 2432K, reserved 1048576K
}
Event: 8.546 GC heap after
{Heap after GC invocations=5 (full 0):
 garbage-first heap   total 129024K, used 29696K [0x0000000083000000, 0x0000000100000000)
  region size 1024K, 10 young (10240K), 10 survivors (10240K)
 Metaspace       used 21255K, committed 21504K, reserved 1114112K
  class space    used 2333K, committed 2432K, reserved 1048576K
}
Event: 9.988 GC heap before
{Heap before GC invocations=6 (full 0):
 garbage-first heap   total 99328K, used 98304K [0x0000000083000000, 0x0000000100000000)
  region size 1024K, 75 young (76800K), 10 survivors (10240K)
 Metaspace       used 27609K, committed 27968K, reserved 1114112K
  class space    used 3047K, committed 3200K, reserved 1048576K
}
Event: 10.053 GC heap after
{Heap after GC invocations=7 (full 0):
 garbage-first heap   total 125952K, used 48640K [0x0000000083000000, 0x0000000100000000)
  region size 1024K, 10 young (10240K), 10 survivors (10240K)
 Metaspace       used 27609K, committed 27968K, reserved 1114112K
  class space    used 3047K, committed 3200K, reserved 1048576K
}
Event: 10.679 GC heap before
{Heap before GC invocations=7 (full 0):
 garbage-first heap   total 125952K, used 99840K [0x0000000083000000, 0x0000000100000000)
  region size 1024K, 60 young (61440K), 10 survivors (10240K)
 Metaspace       used 28043K, committed 28352K, reserved 1114112K
  class space    used 3060K, committed 3200K, reserved 1048576K
}
Event: 10.722 GC heap after
{Heap after GC invocations=8 (full 0):
 garbage-first heap   total 151552K, used 57856K [0x0000000083000000, 0x0000000100000000)
  region size 1024K, 8 young (8192K), 8 survivors (8192K)
 Metaspace       used 28043K, committed 28352K, reserved 1114112K
  class space    used 3060K, committed 3200K, reserved 1048576K
}
Event: 12.134 GC heap before
{Heap before GC invocations=8 (full 0):
 garbage-first heap   total 151552K, used 119296K [0x0000000083000000, 0x0000000100000000)
  region size 1024K, 69 young (70656K), 8 survivors (8192K)
 Metaspace       used 30749K, committed 31232K, reserved 1114112K
  class space    used 3362K, committed 3584K, reserved 1048576K
}
Event: 12.149 GC heap after
{Heap after GC invocations=9 (full 0):
 garbage-first heap   total 151552K, used 61952K [0x0000000083000000, 0x0000000100000000)
  region size 1024K, 3 young (3072K), 3 survivors (3072K)
 Metaspace       used 30749K, committed 31232K, reserved 1114112K
  class space    used 3362K, committed 3584K, reserved 1048576K
}
Event: 22.108 GC heap before
{Heap before GC invocations=9 (full 0):
 garbage-first heap   total 151552K, used 125440K [0x0000000083000000, 0x0000000100000000)
  region size 1024K, 65 young (66560K), 3 survivors (3072K)
 Metaspace       used 31090K, committed 31552K, reserved 1114112K
  class space    used 3375K, committed 3584K, reserved 1048576K
}
Event: 22.117 GC heap after
{Heap after GC invocations=10 (full 0):
 garbage-first heap   total 151552K, used 64000K [0x0000000083000000, 0x0000000100000000)
  region size 1024K, 5 young (5120K), 5 survivors (5120K)
 Metaspace       used 31090K, committed 31552K, reserved 1114112K
  class space    used 3375K, committed 3584K, reserved 1048576K
}
Event: 22.848 GC heap before
{Heap before GC invocations=10 (full 0):
 garbage-first heap   total 151552K, used 128512K [0x0000000083000000, 0x0000000100000000)
  region size 1024K, 68 young (69632K), 5 survivors (5120K)
 Metaspace       used 32951K, committed 33536K, reserved 1114112K
  class space    used 3596K, committed 3840K, reserved 1048576K
}
Event: 22.862 GC heap after
{Heap after GC invocations=11 (full 0):
 garbage-first heap   total 151552K, used 65849K [0x0000000083000000, 0x0000000100000000)
  region size 1024K, 5 young (5120K), 5 survivors (5120K)
 Metaspace       used 32951K, committed 33536K, reserved 1114112K
  class space    used 3596K, committed 3840K, reserved 1048576K
}
Event: 25.873 GC heap before
{Heap before GC invocations=11 (full 0):
 garbage-first heap   total 151552K, used 136505K [0x0000000083000000, 0x0000000100000000)
  region size 1024K, 68 young (69632K), 5 survivors (5120K)
 Metaspace       used 33799K, committed 34304K, reserved 1114112K
  class space    used 3661K, committed 3904K, reserved 1048576K
}
Event: 25.894 GC heap after
{Heap after GC invocations=12 (full 0):
 garbage-first heap   total 151552K, used 78572K [0x0000000083000000, 0x0000000100000000)
  region size 1024K, 9 young (9216K), 9 survivors (9216K)
 Metaspace       used 33799K, committed 34304K, reserved 1114112K
  class space    used 3661K, committed 3904K, reserved 1048576K
}
Event: 26.138 GC heap before
{Heap before GC invocations=12 (full 0):
 garbage-first heap   total 151552K, used 101100K [0x0000000083000000, 0x0000000100000000)
  region size 1024K, 32 young (32768K), 9 survivors (9216K)
 Metaspace       used 33812K, committed 34368K, reserved 1114112K
  class space    used 3661K, committed 3904K, reserved 1048576K
}
Event: 26.153 GC heap after
{Heap after GC invocations=13 (full 0):
 garbage-first heap   total 151552K, used 87552K [0x0000000083000000, 0x0000000100000000)
  region size 1024K, 8 young (8192K), 8 survivors (8192K)
 Metaspace       used 33812K, committed 34368K, reserved 1114112K
  class space    used 3661K, committed 3904K, reserved 1048576K
}
Event: 30.065 GC heap before
{Heap before GC invocations=14 (full 0):
 garbage-first heap   total 151552K, used 123392K [0x0000000083000000, 0x0000000100000000)
  region size 1024K, 47 young (48128K), 8 survivors (8192K)
 Metaspace       used 33858K, committed 34432K, reserved 1114112K
  class space    used 3665K, committed 3904K, reserved 1048576K
}
Event: 30.077 GC heap after
{Heap after GC invocations=15 (full 0):
 garbage-first heap   total 151552K, used 92672K [0x0000000083000000, 0x0000000100000000)
  region size 1024K, 6 young (6144K), 6 survivors (6144K)
 Metaspace       used 33858K, committed 34432K, reserved 1114112K
  class space    used 3665K, committed 3904K, reserved 1048576K
}
Event: 30.670 GC heap before
{Heap before GC invocations=15 (full 0):
 garbage-first heap   total 151552K, used 127488K [0x0000000083000000, 0x0000000100000000)
  region size 1024K, 41 young (41984K), 6 survivors (6144K)
 Metaspace       used 35241K, committed 35776K, reserved 1114112K
  class space    used 3816K, committed 4032K, reserved 1048576K
}
Event: 30.681 GC heap after
{Heap after GC invocations=16 (full 0):
 garbage-first heap   total 151552K, used 86424K [0x0000000083000000, 0x0000000100000000)
  region size 1024K, 2 young (2048K), 2 survivors (2048K)
 Metaspace       used 35241K, committed 35776K, reserved 1114112K
  class space    used 3816K, committed 4032K, reserved 1048576K
}

Dll operation events (8 events):
Event: 0.020 Loaded shared library C:\Users\bdjar\AppData\Local\Programs\Eclipse Adoptium\jdk-21.0.6.7-hotspot\bin\java.dll
Event: 0.144 Loaded shared library C:\Users\bdjar\AppData\Local\Programs\Eclipse Adoptium\jdk-21.0.6.7-hotspot\bin\jsvml.dll
Event: 0.162 Loaded shared library C:\Users\bdjar\AppData\Local\Programs\Eclipse Adoptium\jdk-21.0.6.7-hotspot\bin\net.dll
Event: 0.169 Loaded shared library C:\Users\bdjar\AppData\Local\Programs\Eclipse Adoptium\jdk-21.0.6.7-hotspot\bin\nio.dll
Event: 0.188 Loaded shared library C:\Users\bdjar\AppData\Local\Programs\Eclipse Adoptium\jdk-21.0.6.7-hotspot\bin\zip.dll
Event: 1.446 Loaded shared library C:\Users\bdjar\AppData\Local\Programs\Eclipse Adoptium\jdk-21.0.6.7-hotspot\bin\jimage.dll
Event: 1.632 Loaded shared library C:\maven\apache-maven-3.9.6\lib\jansi-native\Windows\x86_64\jansi.dll
Event: 1.648 Loaded shared library C:\Users\bdjar\AppData\Local\Programs\Eclipse Adoptium\jdk-21.0.6.7-hotspot\bin\verify.dll

Deoptimization events (20 events):
Event: 30.626 Thread 0x000002aa23245790 DEOPT PACKING pc=0x000002aa335fdf44 sp=0x000000d21aefca50
Event: 30.626 Thread 0x000002aa23245790 DEOPT UNPACKING pc=0x000002aa32ea46a2 sp=0x000000d21aefc9b0 mode 2
Event: 30.714 Thread 0x000002aa23245790 DEOPT PACKING pc=0x000002aa2cbc1c98 sp=0x000000d21aefd6c0
Event: 30.714 Thread 0x000002aa23245790 DEOPT UNPACKING pc=0x000002aa32ea4e42 sp=0x000000d21aefcb18 mode 0
Event: 30.786 Thread 0x000002aa23245790 Uncommon trap: trap_request=0xffffff45 fr.pc=0x000002aa33435488 relative=0x0000000000000ae8
Event: 30.786 Thread 0x000002aa23245790 Uncommon trap: reason=unstable_if action=reinterpret pc=0x000002aa33435488 method=com.sun.tools.javac.code.Symbol.isAccessibleIn(Lcom/sun/tools/javac/code/Symbol;Lcom/sun/tools/javac/code/Types;)Z @ 98 c2
Event: 30.786 Thread 0x000002aa23245790 DEOPT PACKING pc=0x000002aa33435488 sp=0x000000d21aefd430
Event: 30.786 Thread 0x000002aa23245790 DEOPT UNPACKING pc=0x000002aa32ea46a2 sp=0x000000d21aefd320 mode 2
Event: 30.801 Thread 0x000002aa23245790 Uncommon trap: trap_request=0xffffff45 fr.pc=0x000002aa33a61fc8 relative=0x00000000000013c8
Event: 30.801 Thread 0x000002aa23245790 Uncommon trap: reason=unstable_if action=reinterpret pc=0x000002aa33a61fc8 method=lombok.launch.PackageShader.apply([B)Z @ 190 c2
Event: 30.801 Thread 0x000002aa23245790 DEOPT PACKING pc=0x000002aa33a61fc8 sp=0x000000d21aefcc30
Event: 30.801 Thread 0x000002aa23245790 DEOPT UNPACKING pc=0x000002aa32ea46a2 sp=0x000000d21aefcc10 mode 2
Event: 30.803 Thread 0x000002aa23245790 Uncommon trap: trap_request=0xffffff45 fr.pc=0x000002aa334acb90 relative=0x0000000000000990
Event: 30.803 Thread 0x000002aa23245790 Uncommon trap: reason=unstable_if action=reinterpret pc=0x000002aa334acb90 method=lombok.launch.PackageShader.apply([B)Z @ 190 c2
Event: 30.803 Thread 0x000002aa23245790 DEOPT PACKING pc=0x000002aa334acb90 sp=0x000000d21aef9560
Event: 30.803 Thread 0x000002aa23245790 DEOPT UNPACKING pc=0x000002aa32ea46a2 sp=0x000000d21aef94e0 mode 2
Event: 30.810 Thread 0x000002aa23245790 Uncommon trap: trap_request=0xffffff45 fr.pc=0x000002aa3390ad40 relative=0x00000000000005e0
Event: 30.810 Thread 0x000002aa23245790 Uncommon trap: reason=unstable_if action=reinterpret pc=0x000002aa3390ad40 method=com.sun.tools.javac.comp.Resolve.isAccessible(Lcom/sun/tools/javac/comp/Env;Lcom/sun/tools/javac/code/Symbol$TypeSymbol;Z)Z @ 73 c2
Event: 30.810 Thread 0x000002aa23245790 DEOPT PACKING pc=0x000002aa3390ad40 sp=0x000000d21aefcb50
Event: 30.810 Thread 0x000002aa23245790 DEOPT UNPACKING pc=0x000002aa32ea46a2 sp=0x000000d21aefcb28 mode 2

Classes loaded (20 events):
Event: 22.882 Loading class java/util/stream/Nodes$IntFixedNodeBuilder
Event: 22.882 Loading class java/util/stream/Node$Builder$OfInt
Event: 22.882 Loading class java/util/stream/Sink$OfInt
Event: 22.882 Loading class java/util/stream/Sink$OfInt done
Event: 22.882 Loading class java/util/stream/Node$Builder$OfInt done
Event: 22.882 Loading class java/util/stream/Nodes$IntArrayNode
Event: 22.882 Loading class java/util/stream/Nodes$IntArrayNode done
Event: 22.882 Loading class java/util/stream/Nodes$IntFixedNodeBuilder done
Event: 22.883 Loading class java/util/stream/ReferencePipeline$4$1
Event: 22.883 Loading class java/util/stream/ReferencePipeline$4$1 done
Event: 22.923 Loading class java/lang/invoke/MethodHandleImpl$CountingWrapper
Event: 22.923 Loading class java/lang/invoke/MethodHandleImpl$CountingWrapper done
Event: 23.713 Loading class java/util/EnumMap$Values
Event: 23.726 Loading class java/util/EnumMap$Values done
Event: 23.726 Loading class java/util/EnumMap$ValueIterator
Event: 23.726 Loading class java/util/EnumMap$ValueIterator done
Event: 23.727 Loading class java/util/WeakHashMap$KeyIterator
Event: 23.727 Loading class java/util/WeakHashMap$KeyIterator done
Event: 30.148 Loading class jdk/internal/module/IllegalAccessLogger
Event: 30.148 Loading class jdk/internal/module/IllegalAccessLogger done

Classes unloaded (0 events):
No events

Classes redefined (0 events):
No events

Internal exceptions (20 events):
Event: 30.790 Thread 0x000002aa23245790 Exception <a 'sun/nio/fs/WindowsException'{0x0000000089622268}> (0x0000000089622268) 
thrown [s\src\hotspot\share\prims\jni.cpp, line 520]
Event: 30.793 Thread 0x000002aa23245790 Exception <a 'sun/nio/fs/WindowsException'{0x00000000896396b8}> (0x00000000896396b8) 
thrown [s\src\hotspot\share\prims\jni.cpp, line 520]
Event: 30.793 Thread 0x000002aa23245790 Exception <a 'sun/nio/fs/WindowsException'{0x0000000089639e20}> (0x0000000089639e20) 
thrown [s\src\hotspot\share\prims\jni.cpp, line 520]
Event: 30.793 Thread 0x000002aa23245790 Exception <a 'sun/nio/fs/WindowsException'{0x000000008963a3f0}> (0x000000008963a3f0) 
thrown [s\src\hotspot\share\prims\jni.cpp, line 520]
Event: 30.793 Thread 0x000002aa23245790 Exception <a 'sun/nio/fs/WindowsException'{0x000000008963ab10}> (0x000000008963ab10) 
thrown [s\src\hotspot\share\prims\jni.cpp, line 520]
Event: 30.793 Thread 0x000002aa23245790 Exception <a 'sun/nio/fs/WindowsException'{0x000000008963b218}> (0x000000008963b218) 
thrown [s\src\hotspot\share\prims\jni.cpp, line 520]
Event: 30.813 Thread 0x000002aa23245790 Exception <a 'sun/nio/fs/WindowsException'{0x000000008959d378}> (0x000000008959d378) 
thrown [s\src\hotspot\share\prims\jni.cpp, line 520]
Event: 30.813 Thread 0x000002aa23245790 Exception <a 'sun/nio/fs/WindowsException'{0x000000008959e240}> (0x000000008959e240) 
thrown [s\src\hotspot\share\prims\jni.cpp, line 520]
Event: 30.813 Thread 0x000002aa23245790 Exception <a 'sun/nio/fs/WindowsException'{0x00000000895a3328}> (0x00000000895a3328) 
thrown [s\src\hotspot\share\prims\jni.cpp, line 520]
Event: 30.813 Thread 0x000002aa23245790 Exception <a 'sun/nio/fs/WindowsException'{0x00000000895ad5b8}> (0x00000000895ad5b8) 
thrown [s\src\hotspot\share\prims\jni.cpp, line 520]
Event: 30.813 Thread 0x000002aa23245790 Exception <a 'sun/nio/fs/WindowsException'{0x00000000895ae540}> (0x00000000895ae540) 
thrown [s\src\hotspot\share\prims\jni.cpp, line 520]
Event: 30.819 Thread 0x000002aa23245790 Exception <a 'sun/nio/fs/WindowsException'{0x00000000894705b0}> (0x00000000894705b0) 
thrown [s\src\hotspot\share\prims\jni.cpp, line 520]
Event: 30.819 Thread 0x000002aa23245790 Exception <a 'sun/nio/fs/WindowsException'{0x0000000089470ca0}> (0x0000000089470ca0) 
thrown [s\src\hotspot\share\prims\jni.cpp, line 520]
Event: 30.819 Thread 0x000002aa23245790 Exception <a 'sun/nio/fs/WindowsException'{0x00000000894715d8}> (0x00000000894715d8) 
thrown [s\src\hotspot\share\prims\jni.cpp, line 520]
Event: 30.819 Thread 0x000002aa23245790 Exception <a 'sun/nio/fs/WindowsException'{0x0000000089471d58}> (0x0000000089471d58) 
thrown [s\src\hotspot\share\prims\jni.cpp, line 520]
Event: 30.825 Thread 0x000002aa23245790 Exception <a 'sun/nio/fs/WindowsException'{0x00000000894cadd0}> (0x00000000894cadd0) 
thrown [s\src\hotspot\share\prims\jni.cpp, line 520]
Event: 30.826 Thread 0x000002aa23245790 Exception <a 'sun/nio/fs/WindowsException'{0x00000000894cbc68}> (0x00000000894cbc68) 
thrown [s\src\hotspot\share\prims\jni.cpp, line 520]
Event: 30.826 Thread 0x000002aa23245790 Exception <a 'sun/nio/fs/WindowsException'{0x00000000894d2c80}> (0x00000000894d2c80) 
thrown [s\src\hotspot\share\prims\jni.cpp, line 520]
Event: 30.826 Thread 0x000002aa23245790 Exception <a 'sun/nio/fs/WindowsException'{0x00000000894de9d0}> (0x00000000894de9d0) 
thrown [s\src\hotspot\share\prims\jni.cpp, line 520]
Event: 30.826 Thread 0x000002aa23245790 Exception <a 'sun/nio/fs/WindowsException'{0x00000000894df928}> (0x00000000894df928) 
thrown [s\src\hotspot\share\prims\jni.cpp, line 520]

ZGC Phase Switch (0 events):
No events

VM Operations (20 events):
Event: 26.138 Executing VM operation: G1TryInitiateConcMark (G1 Humongous Allocation)
Event: 26.153 Executing VM operation: G1TryInitiateConcMark (G1 Humongous Allocation) done
Event: 26.209 Executing VM operation: G1PauseRemark
Event: 26.224 Executing VM operation: G1PauseRemark done
Event: 26.250 Executing VM operation: G1PauseCleanup
Event: 26.250 Executing VM operation: G1PauseCleanup done
Event: 27.261 Executing VM operation: Cleanup
Event: 27.261 Executing VM operation: Cleanup done
Event: 28.537 Executing VM operation: HandshakeAllThreads (Deoptimize)
Event: 28.537 Executing VM operation: HandshakeAllThreads (Deoptimize) done
Event: 28.537 Executing VM operation: Cleanup
Event: 28.537 Executing VM operation: Cleanup done
Event: 29.539 Executing VM operation: Cleanup
Event: 29.540 Executing VM operation: Cleanup done
Event: 30.065 Executing VM operation: G1CollectForAllocation (G1 Evacuation Pause)
Event: 30.077 Executing VM operation: G1CollectForAllocation (G1 Evacuation Pause) done
Event: 30.670 Executing VM operation: G1CollectForAllocation (G1 Evacuation Pause)
Event: 30.681 Executing VM operation: G1CollectForAllocation (G1 Evacuation Pause) done
Event: 31.693 Executing VM operation: Cleanup
Event: 31.850 Executing VM operation: Cleanup done

Memory protections (0 events):
No events

Nmethod flushes (20 events):
Event: 26.222 Thread 0x000002aa3fd7d3a0 flushing  nmethod 0x000002aa2bfc2190
Event: 26.222 Thread 0x000002aa3fd7d3a0 flushing  nmethod 0x000002aa2c00fa90
Event: 26.222 Thread 0x000002aa3fd7d3a0 flushing  nmethod 0x000002aa2c010790
Event: 26.222 Thread 0x000002aa3fd7d3a0 flushing  nmethod 0x000002aa2c010c10
Event: 26.222 Thread 0x000002aa3fd7d3a0 flushing  nmethod 0x000002aa2c024a10
Event: 26.222 Thread 0x000002aa3fd7d3a0 flushing  nmethod 0x000002aa2c051d90
Event: 26.222 Thread 0x000002aa3fd7d3a0 flushing  nmethod 0x000002aa2c06a010
Event: 26.222 Thread 0x000002aa3fd7d3a0 flushing  nmethod 0x000002aa2c080090
Event: 26.222 Thread 0x000002aa3fd7d3a0 flushing  nmethod 0x000002aa2c0a3310
Event: 26.222 Thread 0x000002aa3fd7d3a0 flushing  nmethod 0x000002aa2c0ae910
Event: 26.222 Thread 0x000002aa3fd7d3a0 flushing  nmethod 0x000002aa2c0b9190
Event: 26.222 Thread 0x000002aa3fd7d3a0 flushing  nmethod 0x000002aa2c10b810
Event: 26.222 Thread 0x000002aa3fd7d3a0 flushing  nmethod 0x000002aa2c225b10
Event: 26.222 Thread 0x000002aa3fd7d3a0 flushing  nmethod 0x000002aa2c227010
Event: 26.222 Thread 0x000002aa3fd7d3a0 flushing  nmethod 0x000002aa2c227490
Event: 26.222 Thread 0x000002aa3fd7d3a0 flushing  nmethod 0x000002aa2c228790
Event: 26.222 Thread 0x000002aa3fd7d3a0 flushing  nmethod 0x000002aa2c229490
Event: 26.222 Thread 0x000002aa3fd7d3a0 flushing  nmethod 0x000002aa2c258190
Event: 26.222 Thread 0x000002aa3fd7d3a0 flushing  nmethod 0x000002aa2c33bf10
Event: 26.222 Thread 0x000002aa3fd7d3a0 flushing  nmethod 0x000002aa2c406e10

Events (20 events):
Event: 0.138 Thread 0x000002aa23245790 Thread added: 0x000002aa3fdc0ee0
Event: 0.155 Thread 0x000002aa23245790 Thread added: 0x000002aa85138e20
Event: 0.157 Thread 0x000002aa23245790 Thread added: 0x000002aa85145680
Event: 2.187 Thread 0x000002aa3fda8c20 Thread added: 0x000002aa85bb6620
Event: 5.328 Thread 0x000002aa85bb6620 Thread exited: 0x000002aa85bb6620
Event: 5.677 Thread 0x000002aa3fdc0ee0 Thread added: 0x000002aa8752d650
Event: 6.244 Thread 0x000002aa8752d650 Thread exited: 0x000002aa8752d650
Event: 6.483 Thread 0x000002aa3fda8c20 Thread added: 0x000002aa8752d650
Event: 6.867 Thread 0x000002aa8752d650 Thread exited: 0x000002aa8752d650
Event: 12.198 Thread 0x000002aa3fdc0ee0 Thread added: 0x000002aa86e9f050
Event: 13.606 Thread 0x000002aa86e9f050 Thread exited: 0x000002aa86e9f050
Event: 14.057 Thread 0x000002aa3fda8c20 Thread added: 0x000002aa88093950
Event: 14.572 Thread 0x000002aa88093950 Thread exited: 0x000002aa88093950
Event: 19.652 Thread 0x000002aa3fdc0ee0 Thread added: 0x000002aa88dbe700
Event: 19.652 Thread 0x000002aa3fdc0ee0 Thread added: 0x000002aa8839b010
Event: 20.127 Thread 0x000002aa8839b010 Thread exited: 0x000002aa8839b010
Event: 20.129 Thread 0x000002aa88dbe700 Thread exited: 0x000002aa88dbe700
Event: 21.873 Thread 0x000002aa3fdc0ee0 Thread added: 0x000002aa88dbe700
Event: 21.902 Thread 0x000002aa3fdc0ee0 Thread added: 0x000002aa89264760
Event: 30.448 Thread 0x000002aa89264760 Thread exited: 0x000002aa89264760


Dynamic libraries:
0x00007ff64ffc0000 - 0x00007ff64ffce000 	C:\Users\bdjar\AppData\Local\Programs\Eclipse Adoptium\jdk-21.0.6.7-hotspot\bin\java.exe
0x00007ffd2fd20000 - 0x00007ffd2ff85000 	C:\WINDOWS\SYSTEM32\ntdll.dll
0x00007ffd2e970000 - 0x00007ffd2ea39000 	C:\WINDOWS\System32\KERNEL32.DLL
0x00007ffd2cf10000 - 0x00007ffd2d2f8000 	C:\WINDOWS\System32\KERNELBASE.dll
0x00007ffd2d3e0000 - 0x00007ffd2d52b000 	C:\WINDOWS\System32\ucrtbase.dll
0x00007ffcfd570000 - 0x00007ffcfd588000 	C:\Users\bdjar\AppData\Local\Programs\Eclipse Adoptium\jdk-21.0.6.7-hotspot\bin\jli.dll
0x00007ffd2e210000 - 0x00007ffd2e3da000 	C:\WINDOWS\System32\USER32.dll
0x00007ffd2d3b0000 - 0x00007ffd2d3d7000 	C:\WINDOWS\System32\win32u.dll
0x00007ffd0c300000 - 0x00007ffd0c59a000 	C:\WINDOWS\WinSxS\amd64_microsoft.windows.common-controls_6595b64144ccf1df_6.0.26100.4202_none_3e0698d4e335f517\COMCTL32.dll
0x00007ffd2dc80000 - 0x00007ffd2dcab000 	C:\WINDOWS\System32\GDI32.dll
0x00007ffd2e590000 - 0x00007ffd2e639000 	C:\WINDOWS\System32\msvcrt.dll
0x00007ffd2d980000 - 0x00007ffd2dab7000 	C:\WINDOWS\System32\gdi32full.dll
0x00007ffd2d300000 - 0x00007ffd2d3a3000 	C:\WINDOWS\System32\msvcp_win.dll
0x00007ffcfc6a0000 - 0x00007ffcfc6be000 	C:\Users\bdjar\AppData\Local\Programs\Eclipse Adoptium\jdk-21.0.6.7-hotspot\bin\VCRUNTIME140.dll
0x00007ffd2dd70000 - 0x00007ffd2dda0000 	C:\WINDOWS\System32\IMM32.DLL
0x00007ffcfcf10000 - 0x00007ffcfcf1c000 	C:\Users\bdjar\AppData\Local\Programs\Eclipse Adoptium\jdk-21.0.6.7-hotspot\bin\vcruntime140_1.dll
0x00007ffcea690000 - 0x00007ffcea71d000 	C:\Users\bdjar\AppData\Local\Programs\Eclipse Adoptium\jdk-21.0.6.7-hotspot\bin\msvcp140.dll
0x00007ffc8bf70000 - 0x00007ffc8cd00000 	C:\Users\bdjar\AppData\Local\Programs\Eclipse Adoptium\jdk-21.0.6.7-hotspot\bin\server\jvm.dll
0x00007ffd2dcb0000 - 0x00007ffd2dd63000 	C:\WINDOWS\System32\ADVAPI32.dll
0x00007ffd2ecb0000 - 0x00007ffd2ed56000 	C:\WINDOWS\System32\sechost.dll
0x00007ffd2ed60000 - 0x00007ffd2ee75000 	C:\WINDOWS\System32\RPCRT4.dll
0x00007ffd2dc00000 - 0x00007ffd2dc74000 	C:\WINDOWS\System32\WS2_32.dll
0x00007ffd2ba70000 - 0x00007ffd2bace000 	C:\WINDOWS\SYSTEM32\POWRPROF.dll
0x00007ffd25650000 - 0x00007ffd2565b000 	C:\WINDOWS\SYSTEM32\VERSION.dll
0x00007ffd12d00000 - 0x00007ffd12d35000 	C:\WINDOWS\SYSTEM32\WINMM.dll
0x00007ffd2ba50000 - 0x00007ffd2ba64000 	C:\WINDOWS\SYSTEM32\UMPDC.dll
0x00007ffd2bd50000 - 0x00007ffd2bd6b000 	C:\WINDOWS\SYSTEM32\kernel.appcore.dll
0x00007ffcfc690000 - 0x00007ffcfc69a000 	C:\Users\bdjar\AppData\Local\Programs\Eclipse Adoptium\jdk-21.0.6.7-hotspot\bin\jimage.dll
0x00007ffd2a620000 - 0x00007ffd2a861000 	C:\WINDOWS\SYSTEM32\DBGHELP.DLL
0x00007ffd2ddf0000 - 0x00007ffd2e175000 	C:\WINDOWS\System32\combase.dll
0x00007ffd2db10000 - 0x00007ffd2dbf1000 	C:\WINDOWS\System32\OLEAUT32.dll
0x00007ffd0a8d0000 - 0x00007ffd0a909000 	C:\WINDOWS\SYSTEM32\dbgcore.DLL
0x00007ffd2ce70000 - 0x00007ffd2cf09000 	C:\WINDOWS\System32\bcryptPrimitives.dll
0x00007ffcfba80000 - 0x00007ffcfba9f000 	C:\Users\bdjar\AppData\Local\Programs\Eclipse Adoptium\jdk-21.0.6.7-hotspot\bin\java.dll
0x00007ffd2f590000 - 0x00007ffd2fcd2000 	C:\WINDOWS\System32\SHELL32.dll
0x00007ffd2d680000 - 0x00007ffd2d7f4000 	C:\WINDOWS\System32\wintypes.dll
0x00007ffd2aae0000 - 0x00007ffd2b338000 	C:\WINDOWS\SYSTEM32\windows.storage.dll
0x00007ffd2e870000 - 0x00007ffd2e961000 	C:\WINDOWS\System32\SHCORE.dll
0x00007ffd2e7f0000 - 0x00007ffd2e85a000 	C:\WINDOWS\System32\shlwapi.dll
0x00007ffd2cd80000 - 0x00007ffd2cdaf000 	C:\WINDOWS\SYSTEM32\profapi.dll
0x00007ffce3310000 - 0x00007ffce33e7000 	C:\Users\bdjar\AppData\Local\Programs\Eclipse Adoptium\jdk-21.0.6.7-hotspot\bin\jsvml.dll
0x00007ffcfc620000 - 0x00007ffcfc630000 	C:\Users\bdjar\AppData\Local\Programs\Eclipse Adoptium\jdk-21.0.6.7-hotspot\bin\net.dll
0x00007ffd243a0000 - 0x00007ffd244be000 	C:\WINDOWS\SYSTEM32\WINHTTP.dll
0x00007ffd2c2c0000 - 0x00007ffd2c32a000 	C:\WINDOWS\system32\mswsock.dll
0x00007ffcfadd0000 - 0x00007ffcfade6000 	C:\Users\bdjar\AppData\Local\Programs\Eclipse Adoptium\jdk-21.0.6.7-hotspot\bin\nio.dll
0x00007ffcf53b0000 - 0x00007ffcf53c8000 	C:\Users\bdjar\AppData\Local\Programs\Eclipse Adoptium\jdk-21.0.6.7-hotspot\bin\zip.dll
0x0000000069ac0000 - 0x0000000069ae4000 	C:\maven\apache-maven-3.9.6\lib\jansi-native\Windows\x86_64\jansi.dll
0x00007ffcfc5d0000 - 0x00007ffcfc5e0000 	C:\Users\bdjar\AppData\Local\Programs\Eclipse Adoptium\jdk-21.0.6.7-hotspot\bin\verify.dll
0x00007ffd2be70000 - 0x00007ffd2bea6000 	C:\WINDOWS\SYSTEM32\ntmarta.dll

dbghelp: loaded successfully - version: 4.0.5 - missing functions: none
symbol engine: initialized successfully - sym options: 0x614 - pdb path: .;C:\Users\bdjar\AppData\Local\Programs\Eclipse Adoptium\jdk-21.0.6.7-hotspot\bin;C:\WINDOWS\SYSTEM32;C:\WINDOWS\WinSxS\amd64_microsoft.windows.common-controls_6595b64144ccf1df_6.0.26100.4202_none_3e0698d4e335f517;C:\Users\bdjar\AppData\Local\Programs\Eclipse Adoptium\jdk-21.0.6.7-hotspot\bin\server;C:\maven\apache-maven-3.9.6\lib\jansi-native\Windows\x86_64

VM Arguments:
jvm_args: -Dclassworlds.conf=C:/maven/apache-maven-3.9.6/bin/m2.conf -Dmaven.home=C:/maven/apache-maven-3.9.6 -Dlibrary.jansi.path=C:/maven/apache-maven-3.9.6/lib/jansi-native -Dmaven.multiModuleProjectDirectory=C:/Users/bdjar/Desktop/appb3/ticketjo-backend 
java_command: org.codehaus.plexus.classworlds.launcher.Launcher clean package -DsckipTests
java_class_path (initial): C:/maven/apache-maven-3.9.6/boot/plexus-classworlds-2.7.0.jar
Launcher Type: SUN_STANDARD

[Global flags]
     intx CICompilerCount                          = 4                                         {product} {ergonomic}
     uint ConcGCThreads                            = 2                                         {product} {ergonomic}
     uint G1ConcRefinementThreads                  = 8                                         {product} {ergonomic}
   size_t G1HeapRegionSize                         = 1048576                                   {product} {ergonomic}
    uintx GCDrainStackTargetSize                   = 64                                        {product} {ergonomic}
   size_t InitialHeapSize                          = 132120576                                 {product} {ergonomic}
   size_t MarkStackSize                            = 4194304                                   {product} {ergonomic}
   size_t MaxHeapSize                              = 2097152000                                {product} {ergonomic}
   size_t MaxNewSize                               = 1258291200                                {product} {ergonomic}
   size_t MinHeapDeltaBytes                        = 1048576                                   {product} {ergonomic}
   size_t MinHeapSize                              = 8388608                                   {product} {ergonomic}
    uintx NonNMethodCodeHeapSize                   = 5839372                                {pd product} {ergonomic}
    uintx NonProfiledCodeHeapSize                  = 122909434                              {pd product} {ergonomic}
    uintx ProfiledCodeHeapSize                     = 122909434                              {pd product} {ergonomic}
    uintx ReservedCodeCacheSize                    = 251658240                              {pd product} {ergonomic}
     bool SegmentedCodeCache                       = true                                      {product} {ergonomic}
   size_t SoftMaxHeapSize                          = 2097152000                             {manageable} {ergonomic}
     bool UseCompressedOops                        = true                           {product lp64_product} {ergonomic}
     bool UseG1GC                                  = true                                      {product} {ergonomic}
     bool UseLargePagesIndividualAllocation        = false                                  {pd product} {ergonomic}

Logging:
Log output configuration:
 #0: stdout all=warning uptime,level,tags foldmultilines=false
 #1: stderr all=off uptime,level,tags foldmultilines=false

Environment Variables:
JAVA_HOME=C:/Users/bdjar/AppData/Local/Programs/Eclipse Adoptium/jdk-21.0.6.7-hotspot
PATH=C:\Users\bdjar\bin;C:\Program Files\Git\mingw64\bin;C:\Program Files\Git\usr\local\bin;C:\Program Files\Git\usr\bin;C:\Program Files\Git\usr\bin;C:\Program Files\Git\mingw64\bin;C:\Program Files\Git\usr\bin;C:\Users\bdjar\bin;C:\Users\bdjar\Downloads\sts-4.22.0.RELEASE\plugins\org.eclipse.justj.openjdk.hotspot.jre.full.win32.x86_64_17.0.10.v20240120-1143\jre\bin\server;C:\Users\bdjar\Downloads\sts-4.22.0.RELEASE\plugins\org.eclipse.justj.openjdk.hotspot.jre.full.win32.x86_64_17.0.10.v20240120-1143\jre\bin;C:\maven\apache-maven-3.9.6\bin;C:\WINDOWS\system32;C:\WINDOWS;C:\WINDOWS\System32\Wbem;C:\WINDOWS\System32\WindowsPowerShell\v1.0;C:\WINDOWS\System32\OpenSSH;C:\Program Files\Symfony;C:\Program Files (x86)\Yarn\bin;C:\Program Files\Docker\Docker\resources\bin;C:\Program Files\nodejs;C:\Program Files\Git\cmd;C:\Program Files\apache-maven\bin;C:\ProgramData\ComposerSetup\bin;C:\Users\bdjar\AppData\Local\Programs\Python\Python311\Scripts;C:\Users\bdjar\AppData\Local\Programs\Python\Python311;C:\Users\bdjar\scoop\shims;C:\Program Files\MySQL\MySQL Shell 8.0\bin;C:\Users\bdjar\AppData\Local\Microsoft\WindowsApps;C:\Users\bdjar\AppData\Local\Programs\Microsoft VS Code\bin;C:\Users\bdjar\composer;C:\Users\bdjar\AppData\Roaming\Composer\vendor\bin;C:\Users\bdjar\AppData\Local\GitHubDesktop\bin;C:\Users\bdjar\AppData\Local\Yarn\bin;C:\Users\bdjar\AppData\Roaming\npm;C:\Program Files\php-8.2.9;C:\Program Files\heroku\bin;C:\WINDOWS\system32;C:\WINDOWS;C:\WINDOWS\System32\Wbem;C:\WINDOWS\System32\WindowsPowerShell\v1.0;C:\WINDOWS\System32\OpenSSH;C:\Users\bdjar\AppData\Local\Programs\Eclipse Adoptium\jdk-21.0.6.7-hotspot\bin;C:\Program Files\MySQL\MySQL Shell 8.0\bin;C:\Users\bdjar\AppData\Local\Programs\Python\Python311\Scripts;C:\Users\bdjar\AppData\Local\Programs\Python\Python311;C:\Users\bdjar\scoop\shims;C:\Users\bdjar\AppData\Local\Microsoft\WindowsApps;C:\Users\bdjar\AppData\Local\Programs\Microsoft VS Code\bin;C:\Users\bdjar\composer;C:\Users\bdjar\AppData\Roaming\Composer\vendor\bin;C:\Users\bdjar\AppData\Local\GitHubDesktop\bin;C:\Users\bdjar\AppData\Local\Yarn\bin;C:\Users\bdjar\AppData\Roaming\npm;C:\Program Files\php-8.2.9;C:\Program Files\heroku\bin;C:\Program Files\JetBrains\IntelliJ IDEA 2024.3\bin;C:\Program Files\PostgreSQL\17\bin;C:\Program Files\mosquitto;C:\Users\bdjar\Downloads\sts-4.22.0.RELEASE;C:\Program Files\Git\usr\bin\vendor_perl;C:\Program Files\Git\usr\bin\core_perl
USERNAME=Bdjaraye
SHELL=C:\Program Files\Git\usr\bin\bash.exe
DISPLAY=needs-to-be-defined
LANG=fr_FR.UTF-8
TERM=xterm
TMPDIR=C:\Users\bdjar\AppData\Local\Temp
OS=Windows_NT
PROCESSOR_IDENTIFIER=Intel64 Family 6 Model 142 Stepping 12, GenuineIntel
TMP=C:\Users\bdjar\AppData\Local\Temp
TEMP=C:\Users\bdjar\AppData\Local\Temp




Periodic native trim disabled

---------------  S Y S T E M  ---------------

OS:
 Windows 11 , 64 bit Build 26100 (10.0.26100.4202)
OS uptime: 6 days 9:14 hours
Hyper-V role detected

CPU: total 8 (initial active 8) (4 cores per cpu, 2 threads per core) family 6 model 142 stepping 12 microcode 0xea, cx8, cmov, fxsr, ht, mmx, 3dnowpref, sse, sse2, sse3, ssse3, sse4.1, sse4.2, popcnt, lzcnt, tsc, tscinvbit, avx, avx2, aes, erms, clmul, bmi1, bmi2, adx, fma, vzeroupper, clflush, clflushopt, hv, rdtscp, f16c
Processor Information for the first 8 processors :
  Max Mhz: 2304, Current Mhz: 1803, Mhz Limit: 1797

Memory: 4k page, system-wide physical 7995M (506M free)
TotalPageFile size 32571M (AvailPageFile size 8M)
current process WorkingSet (physical memory assigned to process): 326M, peak: 332M
current process commit charge ("private bytes"): 360M, peak: 365M

vm_info: OpenJDK 64-Bit Server VM (21.0.6+7-LTS) for windows-amd64 JRE (21.0.6+7-LTS), built on 2025-01-21T00:00:00Z by "admin" with MS VC++ 17.7 (VS2022)

END.
