#
# There is insufficient memory for the Java Runtime Environment to continue.
# Native memory allocation (malloc) failed to allocate 1161936 bytes. Error detail: Chunk::new
# Possible reasons:
#   The system is out of physical RAM or swap space
#   This process is running with CompressedOops enabled, and the Java Heap may be blocking the growth of the native heap
# Possible solutions:
#   Reduce memory load on the system
#   Increase physical memory or swap space
#   Check if swap backing store is full
#   Decrease Java heap size (-Xmx/-Xms)
#   Decrease number of Java threads
#   Decrease Java thread stack sizes (-Xss)
#   Set larger code cache with -XX:ReservedCodeCacheSize=
#   JVM is running with Unscaled Compressed Oops mode in which the Java heap is
#     placed in the first 4GB address space. The Java Heap base address is the
#     maximum limit for the native heap growth. Please use -XX:HeapBaseMinAddress
#     to set the Java Heap base and to place the Java Heap above 4GB virtual address.
# This output file may be truncated or incomplete.
#
#  Out of Memory Error (arena.cpp:168), pid=146312, tid=149976
#
# JRE version: OpenJDK Runtime Environment Temurin-21.0.6+7 (21.0.6+7) (build 21.0.6+7-LTS)
# Java VM: OpenJDK 64-Bit Server VM Temurin-21.0.6+7 (21.0.6+7-LTS, mixed mode, sharing, tiered, compressed oops, compressed class ptrs, g1 gc, windows-amd64)
# No core dump will be written. Minidumps are not enabled by default on client versions of Windows
#

---------------  S U M M A R Y ------------

Command Line: -javaagent:C:\\Users\\bdjar\\.m2\\repository\\org\\jacoco\\org.jacoco.agent\\0.8.11\\org.jacoco.agent-0.8.11-runtime.jar=destfile=C:\\Users\\bdjar\\Desktop\\appb3\\ticketjo-backend\\target\\jacoco.exec C:\Users\bdjar\AppData\Local\Temp\surefire11238765201757641007\surefirebooter-20250621154747295_3.jar C:\Users\bdjar\AppData\Local\Temp\surefire11238765201757641007 2025-06-21T15-47-46_935-jvmRun1 surefire-20250621154747295_1tmp surefire_0-20250621154747295_2tmp

Host: Intel(R) Core(TM) i7-10510U CPU @ 1.80GHz, 8 cores, 7G,  Windows 11 , 64 bit Build 26100 (10.0.26100.4202)
Time: Sat Jun 21 15:47:53 2025 Paris, Madrid (heure duild 26100 (10.0.26100.4202) elapsed time: 4.881539 seconds (0d 0h 0m 4s)

---------------  T H R E A D  ---------------

Current thread (0x00000249ff8efc50):  JavaThread "C2 CompilerThread1" daemon [_thread_in_native, id=149976, stack(0x000000f9efd00000,0x000000f9efe00000) (1024K)]


Current CompileTask:
C2:4881 2637 %     4       org.jacoco.agent.rt.internal_4742761.asm.ClassReader::readCode @ 92 (5117 bytes)

Stack: [0x000000f9efd00000,0x000000f9efe00000]
Native frames: (J=compiled Java code, j=interpreted, Vv=VM code, C=native code)
V  [jvm.dll+0x6cdee9]
V  [jvm.dll+0x8a83d1]
V  [jvm.dll+0x8aa8fe]
V  [jvm.dll+0x8aafe3]
V  [jvm.dll+0x27f706]
V  [jvm.dll+0xc500d]
V  [jvm.dll+0xc5543]
V  [jvm.dll+0x2f2acd]
V  [jvm.dll+0x5f6a2a]
V  [jvm.dll+0x250bb2]
V  [jvm.dll+0x250f6f]
V  [jvm.dll+0x249834]
V  [jvm.dll+0x246ec4]
V  [jvm.dll+0x1c75ee]
V  [jvm.dll+0x25685a]
V  [jvm.dll+0x254dfa]
V  [jvm.dll+0x3f0256]
V  [jvm.dll+0x851f8b]
V  [jvm.dll+0x6cc5ed]
C  [ucrtbase.dll+0x37b0]
C  [KERNEL32.DLL+0x2e8d7]
C  [ntdll.dll+0x3c34c]


---------------  P R O C E S S  ---------------

Threads class SMR info:
_java_thread_list=0x00000249d8595550, length=14, elements={
0x00000249f13aeeb0, 0x00000249ff3984e0, 0x00000249ff398f30, 0x00000249ff399980,
0x00000249ff39a3d0, 0x00000249ff39ae20, 0x00000249ff39dae0, 0x00000249ff3a9a20,
0x00000249ff3ab4c0, 0x00000249ff47f2d0, 0x00000249ffd8f520, 0x00000249d6714050,
0x00000249d67139c0, 0x00000249ff8efc50
}

Java Threads: ( => current thread )
  0x00000249f13aeeb0 JavaThread "main"                              [_thread_in_native, id=70340, stack(0x000000f9eec00000,0x000000f9eed00000) (1024K)]
  0x00000249ff3984e0 JavaThread "Reference Handler"          daemon [_thread_blocked, id=131556, stack(0x000000f9ef400000,0x000000f9ef500000) (1024K)]
  0x00000249ff398f30 JavaThread "Finalizer"                  daemon [_thread_blocked, id=139844, stack(0x000000f9ef500000,0x000000f9ef600000) (1024K)]
  0x00000249ff399980 JavaThread "Signal Dispatcher"          daemon [_thread_blocked, id=147276, stack(0x000000f9ef600000,0x000000f9ef700000) (1024K)]
  0x00000249ff39a3d0 JavaThread "Attach Listener"            daemon [_thread_blocked, id=113416, stack(0x000000f9ef700000,0x000000f9ef800000) (1024K)]
  0x00000249ff39ae20 JavaThread "Service Thread"             daemon [_thread_blocked, id=137784, stack(0x000000f9ef800000,0x000000f9ef900000) (1024K)]
  0x00000249ff39dae0 JavaThread "Monitor Deflation Thread"   daemon [_thread_blocked, id=150348, stack(0x000000f9ef900000,0x000000f9efa00000) (1024K)]
  0x00000249ff3a9a20 JavaThread "C2 CompilerThread0"         daemon [_thread_in_native, id=148340, stack(0x000000f9efa00000,0x000000f9efb00000) (1024K)]
  0x00000249ff3ab4c0 JavaThread "C1 CompilerThread0"         daemon [_thread_blocked, id=70492, stack(0x000000f9efb00000,0x000000f9efc00000) (1024K)]
  0x00000249ff47f2d0 JavaThread "Common-Cleaner"             daemon [_thread_blocked, id=92152, stack(0x000000f9efc00000,0x000000f9efd00000) (1024K)]
  0x00000249ffd8f520 JavaThread "Notification Thread"        daemon [_thread_blocked, id=129844, stack(0x000000f9efe00000,0x000000f9eff00000) (1024K)]
  0x00000249d6714050 JavaThread "surefire-forkedjvm-stream-flusher" daemon [_thread_blocked, id=147516, stack(0x000000f9eff00000,0x000000f9f0000000) (1024K)]
  0x00000249d67139c0 JavaThread "surefire-forkedjvm-command-thread" daemon [_thread_in_native, id=132568, stack(0x000000f9f0400000,0x000000f9f0500000) (1024K)]
=>0x00000249ff8efc50 JavaThread "C2 CompilerThread1"         daemon [_thread_in_native, id=149976, stack(0x000000f9efd00000,0x000000f9efe00000) (1024K)]
Total: 14

Other Threads:
  0x00000249ff378330 VMThread "VM Thread"                           [id=87876, stack(0x000000f9ef300000,0x000000f9ef400000) (1024K)]
  0x00000249ff3644d0 WatcherThread "VM Periodic Task Thread"        [id=139800, stack(0x000000f9ef200000,0x000000f9ef300000) (1024K)]
  0x00000249f387afa0 WorkerThread "GC Thread#0"                     [id=126012, stack(0x000000f9eed00000,0x000000f9eee00000) (1024K)]
  0x00000249ffdd7970 WorkerThread "GC Thread#1"                     [id=140224, stack(0x000000f9f0000000,0x000000f9f0100000) (1024K)]
  0x00000249fff0e540 WorkerThread "GC Thread#2"                     [id=6348, stack(0x000000f9f0100000,0x000000f9f0200000) (1024K)]
  0x00000249fffb4160 WorkerThread "GC Thread#3"                     [id=149948, stack(0x000000f9f0200000,0x000000f9f0300000) (1024K)]
  0x00000249d69e93a0 WorkerThread "GC Thread#4"                     [id=149936, stack(0x000000f9f0300000,0x000000f9f0400000) (1024K)]
  0x00000249d6c65b10 WorkerThread "GC Thread#5"                     [id=145480, stack(0x000000f9f0500000,0x000000f9f0600000) (1024K)]
  0x00000249d7007bf0 WorkerThread "GC Thread#6"                     [id=146916, stack(0x000000f9f0600000,0x000000f9f0700000) (1024K)]
  0x00000249d6c62a70 WorkerThread "GC Thread#7"                     [id=116844, stack(0x000000f9f0700000,0x000000f9f0800000) (1024K)]
  0x00000249f388b890 ConcurrentGCThread "G1 Main Marker"            [id=89356, stack(0x000000f9eee00000,0x000000f9eef00000) (1024K)]
  0x00000249f388c2a0 WorkerThread "G1 Conc#0"                       [id=144084, stack(0x000000f9eef00000,0x000000f9ef000000) (1024K)]
  0x00000249f38de810 ConcurrentGCThread "G1 Refine#0"               [id=148548, stack(0x000000f9ef000000,0x000000f9ef100000) (1024K)]
  0x00000249ff233570 ConcurrentGCThread "G1 Service"                [id=26088, stack(0x000000f9ef100000,0x000000f9ef200000) (1024K)]
Total: 14

Threads with active compile tasks:
C2 CompilerThread0  4901 2645       4       org.jacoco.agent.rt.internal_4742761.core.internal.instr.ProbeInserter::insertProbe (39 bytes)
C2 CompilerThread1  4901 2637 %     4       org.jacoco.agent.rt.internal_4742761.asm.ClassReader::readCode @ 92 (5117 bytes)
Total: 2

VM state: not at safepoint (normal execution)

VM Mutex/Monitor currently owned by a thread: None

Heap address: 0x0000000083000000, size: 2000 MB, Compressed Oops mode: 32-bit

CDS archive(s) mapped at: [0x0000024991000000-0x0000024991c80000-0x0000024991c80000), size 13107200, SharedBaseAddress: 0x0000024991000000, ArchiveRelocationMode: 1.
Compressed class space mapped at: 0x0000024992000000-0x00000249d2000000, reserved size: 1073741824
Narrow klass base: 0x0000024991000000, Narrow klass shift: 0, Narrow klass range: 0x100000000

GC Precious Log:
 CardTable entry size: 512
 Card Set container configuration: InlinePtr #cards 5 size 8 Array Of Cards #cards 12 size 40 Howl #buckets 4 coarsen threshold 1843 Howl Bitmap #cards 512 size 80 coarsen threshold 460 Card regions per heap region 1 cards per card region 2048
 CPUs: 8 total, 8 available
 Memory: 7995M
 Large Page Support: Disabled
 NUMA Support: Disabled
 Compressed Oops: Enabled (32-bit)
 Heap Region Size: 1M
 Heap Min Capacity: 8M
 Heap Initial Capacity: 126M
 Heap Max Capacity: 2000M
 Pre-touch: Disabled
 Parallel Workers: 8
 Concurrent Workers: 2
 Concurrent Refinement Workers: 8
 Periodic GC: Disabled

Heap:
 garbage-first heap   total 129024K, used 68697K [0x0000000083000000, 0x0000000100000000)
  region size 1024K, 59 young (60416K), 2 survivors (2048K)
 Metaspace       used 9862K, committed 10176K, reserved 1114112K
  class space    used 1055K, committed 1216K, reserved 1048576K

Heap Regions: E=young(eden), S=young(survivor), O=old, HS=humongous(starts), HC=humongous(continues), CS=collection set, F=free, TAMS=top-at-mark-start, PB=parsable bottom
|   0|0x0000000083000000, 0x0000000083100000, 0x0000000083100000|100%|HS|  |TAMS 0x0000000083000000| PB 0x0000000083000000| Complete 
|   1|0x0000000083100000, 0x0000000083200000, 0x0000000083200000|100%|HS|  |TAMS 0x0000000083100000| PB 0x0000000083100000| Complete 
|   2|0x0000000083200000, 0x0000000083300000, 0x0000000083300000|100%|HS|  |TAMS 0x0000000083200000| PB 0x0000000083200000| Complete 
|   3|0x0000000083300000, 0x0000000083400000, 0x0000000083400000|100%| O|  |TAMS 0x0000000083300000| PB 0x0000000083300000| Untracked 
|   4|0x0000000083400000, 0x0000000083500000, 0x0000000083500000|100%| O|  |TAMS 0x0000000083400000| PB 0x0000000083400000| Untracked 
|   5|0x0000000083500000, 0x0000000083600000, 0x0000000083600000|100%| O|  |TAMS 0x0000000083500000| PB 0x0000000083500000| Untracked 
|   6|0x0000000083600000, 0x0000000083700000, 0x0000000083700000|100%| O|  |TAMS 0x0000000083600000| PB 0x0000000083600000| Untracked 
|   7|0x0000000083700000, 0x0000000083800000, 0x0000000083800000|100%| O|  |TAMS 0x0000000083700000| PB 0x0000000083700000| Untracked 
|   8|0x0000000083800000, 0x0000000083900000, 0x0000000083900000|100%| O|  |TAMS 0x0000000083800000| PB 0x0000000083800000| Untracked 
|   9|0x0000000083900000, 0x000000008396f7e8, 0x0000000083a00000| 43%| O|  |TAMS 0x0000000083900000| PB 0x0000000083900000| Untracked 
|  10|0x0000000083a00000, 0x0000000083a00000, 0x0000000083b00000|  0%| F|  |TAMS 0x0000000083a00000| PB 0x0000000083a00000| Untracked 
|  11|0x0000000083b00000, 0x0000000083b00000, 0x0000000083c00000|  0%| F|  |TAMS 0x0000000083b00000| PB 0x0000000083b00000| Untracked 
|  12|0x0000000083c00000, 0x0000000083c00000, 0x0000000083d00000|  0%| F|  |TAMS 0x0000000083c00000| PB 0x0000000083c00000| Untracked 
|  13|0x0000000083d00000, 0x0000000083d00000, 0x0000000083e00000|  0%| F|  |TAMS 0x0000000083d00000| PB 0x0000000083d00000| Untracked 
|  14|0x0000000083e00000, 0x0000000083e00000, 0x0000000083f00000|  0%| F|  |TAMS 0x0000000083e00000| PB 0x0000000083e00000| Untracked 
|  15|0x0000000083f00000, 0x0000000083f00000, 0x0000000084000000|  0%| F|  |TAMS 0x0000000083f00000| PB 0x0000000083f00000| Untracked 
|  16|0x0000000084000000, 0x0000000084000000, 0x0000000084100000|  0%| F|  |TAMS 0x0000000084000000| PB 0x0000000084000000| Untracked 
|  17|0x0000000084100000, 0x0000000084100000, 0x0000000084200000|  0%| F|  |TAMS 0x0000000084100000| PB 0x0000000084100000| Untracked 
|  18|0x0000000084200000, 0x0000000084200000, 0x0000000084300000|  0%| F|  |TAMS 0x0000000084200000| PB 0x0000000084200000| Untracked 
|  19|0x0000000084300000, 0x0000000084300000, 0x0000000084400000|  0%| F|  |TAMS 0x0000000084300000| PB 0x0000000084300000| Untracked 
|  20|0x0000000084400000, 0x0000000084400000, 0x0000000084500000|  0%| F|  |TAMS 0x0000000084400000| PB 0x0000000084400000| Untracked 
|  21|0x0000000084500000, 0x0000000084500000, 0x0000000084600000|  0%| F|  |TAMS 0x0000000084500000| PB 0x0000000084500000| Untracked 
|  22|0x0000000084600000, 0x0000000084600000, 0x0000000084700000|  0%| F|  |TAMS 0x0000000084600000| PB 0x0000000084600000| Untracked 
|  23|0x0000000084700000, 0x0000000084700000, 0x0000000084800000|  0%| F|  |TAMS 0x0000000084700000| PB 0x0000000084700000| Untracked 
|  24|0x0000000084800000, 0x0000000084800000, 0x0000000084900000|  0%| F|  |TAMS 0x0000000084800000| PB 0x0000000084800000| Untracked 
|  25|0x0000000084900000, 0x0000000084900000, 0x0000000084a00000|  0%| F|  |TAMS 0x0000000084900000| PB 0x0000000084900000| Untracked 
|  26|0x0000000084a00000, 0x0000000084a00000, 0x0000000084b00000|  0%| F|  |TAMS 0x0000000084a00000| PB 0x0000000084a00000| Untracked 
|  27|0x0000000084b00000, 0x0000000084b00000, 0x0000000084c00000|  0%| F|  |TAMS 0x0000000084b00000| PB 0x0000000084b00000| Untracked 
|  28|0x0000000084c00000, 0x0000000084c00000, 0x0000000084d00000|  0%| F|  |TAMS 0x0000000084c00000| PB 0x0000000084c00000| Untracked 
|  29|0x0000000084d00000, 0x0000000084d00000, 0x0000000084e00000|  0%| F|  |TAMS 0x0000000084d00000| PB 0x0000000084d00000| Untracked 
|  30|0x0000000084e00000, 0x0000000084e00000, 0x0000000084f00000|  0%| F|  |TAMS 0x0000000084e00000| PB 0x0000000084e00000| Untracked 
|  31|0x0000000084f00000, 0x0000000084f00000, 0x0000000085000000|  0%| F|  |TAMS 0x0000000084f00000| PB 0x0000000084f00000| Untracked 
|  32|0x0000000085000000, 0x0000000085000000, 0x0000000085100000|  0%| F|  |TAMS 0x0000000085000000| PB 0x0000000085000000| Untracked 
|  33|0x0000000085100000, 0x0000000085100000, 0x0000000085200000|  0%| F|  |TAMS 0x0000000085100000| PB 0x0000000085100000| Untracked 
|  34|0x0000000085200000, 0x0000000085200000, 0x0000000085300000|  0%| F|  |TAMS 0x0000000085200000| PB 0x0000000085200000| Untracked 
|  35|0x0000000085300000, 0x0000000085300000, 0x0000000085400000|  0%| F|  |TAMS 0x0000000085300000| PB 0x0000000085300000| Untracked 
|  36|0x0000000085400000, 0x0000000085400000, 0x0000000085500000|  0%| F|  |TAMS 0x0000000085400000| PB 0x0000000085400000| Untracked 
|  37|0x0000000085500000, 0x0000000085500000, 0x0000000085600000|  0%| F|  |TAMS 0x0000000085500000| PB 0x0000000085500000| Untracked 
|  38|0x0000000085600000, 0x0000000085600000, 0x0000000085700000|  0%| F|  |TAMS 0x0000000085600000| PB 0x0000000085600000| Untracked 
|  39|0x0000000085700000, 0x0000000085700000, 0x0000000085800000|  0%| F|  |TAMS 0x0000000085700000| PB 0x0000000085700000| Untracked 
|  40|0x0000000085800000, 0x0000000085800000, 0x0000000085900000|  0%| F|  |TAMS 0x0000000085800000| PB 0x0000000085800000| Untracked 
|  41|0x0000000085900000, 0x0000000085900000, 0x0000000085a00000|  0%| F|  |TAMS 0x0000000085900000| PB 0x0000000085900000| Untracked 
|  42|0x0000000085a00000, 0x0000000085a00000, 0x0000000085b00000|  0%| F|  |TAMS 0x0000000085a00000| PB 0x0000000085a00000| Untracked 
|  43|0x0000000085b00000, 0x0000000085b00000, 0x0000000085c00000|  0%| F|  |TAMS 0x0000000085b00000| PB 0x0000000085b00000| Untracked 
|  44|0x0000000085c00000, 0x0000000085c00000, 0x0000000085d00000|  0%| F|  |TAMS 0x0000000085c00000| PB 0x0000000085c00000| Untracked 
|  45|0x0000000085d00000, 0x0000000085d00000, 0x0000000085e00000|  0%| F|  |TAMS 0x0000000085d00000| PB 0x0000000085d00000| Untracked 
|  46|0x0000000085e00000, 0x0000000085e00000, 0x0000000085f00000|  0%| F|  |TAMS 0x0000000085e00000| PB 0x0000000085e00000| Untracked 
|  47|0x0000000085f00000, 0x0000000085f00000, 0x0000000086000000|  0%| F|  |TAMS 0x0000000085f00000| PB 0x0000000085f00000| Untracked 
|  48|0x0000000086000000, 0x0000000086000000, 0x0000000086100000|  0%| F|  |TAMS 0x0000000086000000| PB 0x0000000086000000| Untracked 
|  49|0x0000000086100000, 0x0000000086100000, 0x0000000086200000|  0%| F|  |TAMS 0x0000000086100000| PB 0x0000000086100000| Untracked 
|  50|0x0000000086200000, 0x0000000086200000, 0x0000000086300000|  0%| F|  |TAMS 0x0000000086200000| PB 0x0000000086200000| Untracked 
|  51|0x0000000086300000, 0x0000000086300000, 0x0000000086400000|  0%| F|  |TAMS 0x0000000086300000| PB 0x0000000086300000| Untracked 
|  52|0x0000000086400000, 0x0000000086400000, 0x0000000086500000|  0%| F|  |TAMS 0x0000000086400000| PB 0x0000000086400000| Untracked 
|  53|0x0000000086500000, 0x0000000086500000, 0x0000000086600000|  0%| F|  |TAMS 0x0000000086500000| PB 0x0000000086500000| Untracked 
|  54|0x0000000086600000, 0x0000000086600000, 0x0000000086700000|  0%| F|  |TAMS 0x0000000086600000| PB 0x0000000086600000| Untracked 
|  55|0x0000000086700000, 0x0000000086700000, 0x0000000086800000|  0%| F|  |TAMS 0x0000000086700000| PB 0x0000000086700000| Untracked 
|  56|0x0000000086800000, 0x0000000086800000, 0x0000000086900000|  0%| F|  |TAMS 0x0000000086800000| PB 0x0000000086800000| Untracked 
|  57|0x0000000086900000, 0x0000000086900000, 0x0000000086a00000|  0%| F|  |TAMS 0x0000000086900000| PB 0x0000000086900000| Untracked 
|  58|0x0000000086a00000, 0x0000000086a00000, 0x0000000086b00000|  0%| F|  |TAMS 0x0000000086a00000| PB 0x0000000086a00000| Untracked 
|  59|0x0000000086b00000, 0x0000000086b00000, 0x0000000086c00000|  0%| F|  |TAMS 0x0000000086b00000| PB 0x0000000086b00000| Untracked 
|  60|0x0000000086c00000, 0x0000000086c00000, 0x0000000086d00000|  0%| F|  |TAMS 0x0000000086c00000| PB 0x0000000086c00000| Untracked 
|  61|0x0000000086d00000, 0x0000000086d00000, 0x0000000086e00000|  0%| F|  |TAMS 0x0000000086d00000| PB 0x0000000086d00000| Untracked 
|  62|0x0000000086e00000, 0x0000000086e00000, 0x0000000086f00000|  0%| F|  |TAMS 0x0000000086e00000| PB 0x0000000086e00000| Untracked 
|  63|0x0000000086f00000, 0x0000000086f00000, 0x0000000087000000|  0%| F|  |TAMS 0x0000000086f00000| PB 0x0000000086f00000| Untracked 
|  64|0x0000000087000000, 0x0000000087000000, 0x0000000087100000|  0%| F|  |TAMS 0x0000000087000000| PB 0x0000000087000000| Untracked 
|  65|0x0000000087100000, 0x0000000087100000, 0x0000000087200000|  0%| F|  |TAMS 0x0000000087100000| PB 0x0000000087100000| Untracked 
|  66|0x0000000087200000, 0x0000000087200000, 0x0000000087300000|  0%| F|  |TAMS 0x0000000087200000| PB 0x0000000087200000| Untracked 
|  67|0x0000000087300000, 0x0000000087400000, 0x0000000087400000|100%| E|  |TAMS 0x0000000087300000| PB 0x0000000087300000| Complete 
|  68|0x0000000087400000, 0x0000000087500000, 0x0000000087500000|100%| E|CS|TAMS 0x0000000087400000| PB 0x0000000087400000| Complete 
|  69|0x0000000087500000, 0x0000000087600000, 0x0000000087600000|100%| E|CS|TAMS 0x0000000087500000| PB 0x0000000087500000| Complete 
|  70|0x0000000087600000, 0x0000000087700000, 0x0000000087700000|100%| E|CS|TAMS 0x0000000087600000| PB 0x0000000087600000| Complete 
|  71|0x0000000087700000, 0x0000000087800000, 0x0000000087800000|100%| E|CS|TAMS 0x0000000087700000| PB 0x0000000087700000| Complete 
|  72|0x0000000087800000, 0x0000000087900000, 0x0000000087900000|100%| E|CS|TAMS 0x0000000087800000| PB 0x0000000087800000| Complete 
|  73|0x0000000087900000, 0x0000000087a00000, 0x0000000087a00000|100%| E|CS|TAMS 0x0000000087900000| PB 0x0000000087900000| Complete 
|  74|0x0000000087a00000, 0x0000000087b00000, 0x0000000087b00000|100%| E|CS|TAMS 0x0000000087a00000| PB 0x0000000087a00000| Complete 
|  75|0x0000000087b00000, 0x0000000087c00000, 0x0000000087c00000|100%| E|CS|TAMS 0x0000000087b00000| PB 0x0000000087b00000| Complete 
|  76|0x0000000087c00000, 0x0000000087d00000, 0x0000000087d00000|100%| E|CS|TAMS 0x0000000087c00000| PB 0x0000000087c00000| Complete 
|  77|0x0000000087d00000, 0x0000000087e00000, 0x0000000087e00000|100%| E|CS|TAMS 0x0000000087d00000| PB 0x0000000087d00000| Complete 
|  78|0x0000000087e00000, 0x0000000087f00000, 0x0000000087f00000|100%| E|CS|TAMS 0x0000000087e00000| PB 0x0000000087e00000| Complete 
|  79|0x0000000087f00000, 0x0000000088000000, 0x0000000088000000|100%| E|CS|TAMS 0x0000000087f00000| PB 0x0000000087f00000| Complete 
|  80|0x0000000088000000, 0x0000000088100000, 0x0000000088100000|100%| E|CS|TAMS 0x0000000088000000| PB 0x0000000088000000| Complete 
|  81|0x0000000088100000, 0x0000000088200000, 0x0000000088200000|100%| E|CS|TAMS 0x0000000088100000| PB 0x0000000088100000| Complete 
|  82|0x0000000088200000, 0x0000000088300000, 0x0000000088300000|100%| E|CS|TAMS 0x0000000088200000| PB 0x0000000088200000| Complete 
|  83|0x0000000088300000, 0x0000000088400000, 0x0000000088400000|100%| E|CS|TAMS 0x0000000088300000| PB 0x0000000088300000| Complete 
|  84|0x0000000088400000, 0x0000000088500000, 0x0000000088500000|100%| E|CS|TAMS 0x0000000088400000| PB 0x0000000088400000| Complete 
|  85|0x0000000088500000, 0x0000000088600000, 0x0000000088600000|100%| E|CS|TAMS 0x0000000088500000| PB 0x0000000088500000| Complete 
|  86|0x0000000088600000, 0x0000000088700000, 0x0000000088700000|100%| E|CS|TAMS 0x0000000088600000| PB 0x0000000088600000| Complete 
|  87|0x0000000088700000, 0x0000000088800000, 0x0000000088800000|100%| E|CS|TAMS 0x0000000088700000| PB 0x0000000088700000| Complete 
|  88|0x0000000088800000, 0x0000000088900000, 0x0000000088900000|100%| E|CS|TAMS 0x0000000088800000| PB 0x0000000088800000| Complete 
|  89|0x0000000088900000, 0x0000000088a00000, 0x0000000088a00000|100%| E|CS|TAMS 0x0000000088900000| PB 0x0000000088900000| Complete 
|  90|0x0000000088a00000, 0x0000000088b00000, 0x0000000088b00000|100%| E|CS|TAMS 0x0000000088a00000| PB 0x0000000088a00000| Complete 
|  91|0x0000000088b00000, 0x0000000088c00000, 0x0000000088c00000|100%| E|CS|TAMS 0x0000000088b00000| PB 0x0000000088b00000| Complete 
|  92|0x0000000088c00000, 0x0000000088d00000, 0x0000000088d00000|100%| E|CS|TAMS 0x0000000088c00000| PB 0x0000000088c00000| Complete 
|  93|0x0000000088d00000, 0x0000000088da6e00, 0x0000000088e00000| 65%| S|CS|TAMS 0x0000000088d00000| PB 0x0000000088d00000| Complete 
|  94|0x0000000088e00000, 0x0000000088f00000, 0x0000000088f00000|100%| S|CS|TAMS 0x0000000088e00000| PB 0x0000000088e00000| Complete 
|  95|0x0000000088f00000, 0x0000000089000000, 0x0000000089000000|100%| E|CS|TAMS 0x0000000088f00000| PB 0x0000000088f00000| Complete 
|  96|0x0000000089000000, 0x0000000089100000, 0x0000000089100000|100%| E|CS|TAMS 0x0000000089000000| PB 0x0000000089000000| Complete 
|  97|0x0000000089100000, 0x0000000089200000, 0x0000000089200000|100%| E|CS|TAMS 0x0000000089100000| PB 0x0000000089100000| Complete 
|  98|0x0000000089200000, 0x0000000089300000, 0x0000000089300000|100%| E|CS|TAMS 0x0000000089200000| PB 0x0000000089200000| Complete 
|  99|0x0000000089300000, 0x0000000089400000, 0x0000000089400000|100%| E|CS|TAMS 0x0000000089300000| PB 0x0000000089300000| Complete 
| 100|0x0000000089400000, 0x0000000089500000, 0x0000000089500000|100%| E|CS|TAMS 0x0000000089400000| PB 0x0000000089400000| Complete 
| 101|0x0000000089500000, 0x0000000089600000, 0x0000000089600000|100%| E|CS|TAMS 0x0000000089500000| PB 0x0000000089500000| Complete 
| 102|0x0000000089600000, 0x0000000089700000, 0x0000000089700000|100%| E|CS|TAMS 0x0000000089600000| PB 0x0000000089600000| Complete 
| 103|0x0000000089700000, 0x0000000089800000, 0x0000000089800000|100%| E|CS|TAMS 0x0000000089700000| PB 0x0000000089700000| Complete 
| 104|0x0000000089800000, 0x0000000089900000, 0x0000000089900000|100%| E|CS|TAMS 0x0000000089800000| PB 0x0000000089800000| Complete 
| 105|0x0000000089900000, 0x0000000089a00000, 0x0000000089a00000|100%| E|CS|TAMS 0x0000000089900000| PB 0x0000000089900000| Complete 
| 106|0x0000000089a00000, 0x0000000089b00000, 0x0000000089b00000|100%| E|CS|TAMS 0x0000000089a00000| PB 0x0000000089a00000| Complete 
| 107|0x0000000089b00000, 0x0000000089c00000, 0x0000000089c00000|100%| E|CS|TAMS 0x0000000089b00000| PB 0x0000000089b00000| Complete 
| 108|0x0000000089c00000, 0x0000000089d00000, 0x0000000089d00000|100%| E|CS|TAMS 0x0000000089c00000| PB 0x0000000089c00000| Complete 
| 109|0x0000000089d00000, 0x0000000089e00000, 0x0000000089e00000|100%| E|CS|TAMS 0x0000000089d00000| PB 0x0000000089d00000| Complete 
| 110|0x0000000089e00000, 0x0000000089f00000, 0x0000000089f00000|100%| E|CS|TAMS 0x0000000089e00000| PB 0x0000000089e00000| Complete 
| 111|0x0000000089f00000, 0x000000008a000000, 0x000000008a000000|100%| E|CS|TAMS 0x0000000089f00000| PB 0x0000000089f00000| Complete 
| 112|0x000000008a000000, 0x000000008a100000, 0x000000008a100000|100%| E|CS|TAMS 0x000000008a000000| PB 0x000000008a000000| Complete 
| 113|0x000000008a100000, 0x000000008a200000, 0x000000008a200000|100%| E|CS|TAMS 0x000000008a100000| PB 0x000000008a100000| Complete 
| 114|0x000000008a200000, 0x000000008a300000, 0x000000008a300000|100%| E|CS|TAMS 0x000000008a200000| PB 0x000000008a200000| Complete 
| 115|0x000000008a300000, 0x000000008a400000, 0x000000008a400000|100%| E|CS|TAMS 0x000000008a300000| PB 0x000000008a300000| Complete 
| 116|0x000000008a400000, 0x000000008a500000, 0x000000008a500000|100%| E|CS|TAMS 0x000000008a400000| PB 0x000000008a400000| Complete 
| 117|0x000000008a500000, 0x000000008a600000, 0x000000008a600000|100%| E|CS|TAMS 0x000000008a500000| PB 0x000000008a500000| Complete 
| 118|0x000000008a600000, 0x000000008a700000, 0x000000008a700000|100%| E|CS|TAMS 0x000000008a600000| PB 0x000000008a600000| Complete 
| 119|0x000000008a700000, 0x000000008a800000, 0x000000008a800000|100%| E|CS|TAMS 0x000000008a700000| PB 0x000000008a700000| Complete 
| 120|0x000000008a800000, 0x000000008a900000, 0x000000008a900000|100%| E|CS|TAMS 0x000000008a800000| PB 0x000000008a800000| Complete 
| 121|0x000000008a900000, 0x000000008aa00000, 0x000000008aa00000|100%| E|CS|TAMS 0x000000008a900000| PB 0x000000008a900000| Complete 
| 122|0x000000008aa00000, 0x000000008ab00000, 0x000000008ab00000|100%| E|CS|TAMS 0x000000008aa00000| PB 0x000000008aa00000| Complete 
| 123|0x000000008ab00000, 0x000000008ac00000, 0x000000008ac00000|100%| E|CS|TAMS 0x000000008ab00000| PB 0x000000008ab00000| Complete 
| 124|0x000000008ac00000, 0x000000008ad00000, 0x000000008ad00000|100%| E|CS|TAMS 0x000000008ac00000| PB 0x000000008ac00000| Complete 
| 125|0x000000008ad00000, 0x000000008ae00000, 0x000000008ae00000|100%| E|CS|TAMS 0x000000008ad00000| PB 0x000000008ad00000| Complete 

Card table byte_map: [0x00000249fc620000,0x00000249fca10000] _byte_map_base: 0x00000249fc208000

Marking Bits: (CMBitMap*) 0x00000249f387b5b0
 Bits: [0x00000249fca10000, 0x00000249fe950000)

Polling page: 0x00000249f1670000

Metaspace:

Usage:
  Non-class:      8.60 MB used.
      Class:      1.03 MB used.
       Both:      9.63 MB used.

Virtual space:
  Non-class space:       64.00 MB reserved,       8.75 MB ( 14%) committed,  1 nodes.
      Class space:        1.00 GB reserved,       1.19 MB ( <1%) committed,  1 nodes.
             Both:        1.06 GB reserved,       9.94 MB ( <1%) committed. 

Chunk freelists:
   Non-Class:  6.98 MB
       Class:  14.73 MB
        Both:  21.72 MB

MaxMetaspaceSize: unlimited
CompressedClassSpaceSize: 1.00 GB
Initial GC threshold: 21.00 MB
Current GC threshold: 21.00 MB
CDS: on
 - commit_granule_bytes: 65536.
 - commit_granule_words: 8192.
 - virtual_space_node_default_size: 8388608.
 - enlarge_chunks_in_place: 1.
 - use_allocation_guard: 0.


Internal statistics:

num_allocs_failed_limit: 0.
num_arena_births: 184.
num_arena_deaths: 0.
num_vsnodes_births: 2.
num_vsnodes_deaths: 0.
num_space_committed: 159.
num_space_uncommitted: 0.
num_chunks_returned_to_freelist: 0.
num_chunks_taken_from_freelist: 503.
num_chunk_merges: 0.
num_chunk_splits: 311.
num_chunks_enlarged: 215.
num_inconsistent_stats: 0.

CodeHeap 'non-profiled nmethods': size=120000Kb used=1202Kb max_used=1202Kb free=118798Kb
 bounds [0x0000024987ad0000, 0x0000024987d40000, 0x000002498f000000]
CodeHeap 'profiled nmethods': size=120000Kb used=5452Kb max_used=5452Kb free=114547Kb
 bounds [0x0000024980000000, 0x0000024980560000, 0x0000024987530000]
CodeHeap 'non-nmethods': size=5760Kb used=1370Kb max_used=1474Kb free=4389Kb
 bounds [0x0000024987530000, 0x00000249877a0000, 0x0000024987ad0000]
 total_blobs=3125 nmethods=2653 adapters=376
 compilation: enabled
              stopped_count=0, restarted_count=0
 full_count=0

Compilation events (20 events):
Event: 3.787 Thread 0x00000249ff3ab4c0 2659       3       java.net.URI::match (56 bytes)
Event: 3.787 Thread 0x00000249ff3ab4c0 nmethod 2659 0x0000024980551a10 code [0x0000024980551bc0, 0x0000024980551e90]
Event: 3.792 Thread 0x00000249ff3ab4c0 2660       3       java.lang.Character::isLetterOrDigit (5 bytes)
Event: 3.792 Thread 0x00000249ff3ab4c0 nmethod 2660 0x0000024980551f10 code [0x00000249805520e0, 0x00000249805523f0]
Event: 3.792 Thread 0x00000249ff3ab4c0 2662       3       java.lang.Character::getType (9 bytes)
Event: 3.792 Thread 0x00000249ff3ab4c0 nmethod 2662 0x0000024980552510 code [0x00000249805526c0, 0x00000249805528b8]
Event: 3.792 Thread 0x00000249ff3ab4c0 2663       3       java.lang.CharacterDataLatin1::getType (11 bytes)
Event: 3.792 Thread 0x00000249ff3ab4c0 nmethod 2663 0x0000024980552990 code [0x0000024980552b40, 0x0000024980552ce0]
Event: 3.792 Thread 0x00000249ff3ab4c0 2661       3       java.lang.Character::isLetterOrDigit (19 bytes)
Event: 3.792 Thread 0x00000249ff3ab4c0 nmethod 2661 0x0000024980552e10 code [0x0000024980552fe0, 0x0000024980553288]
Event: 3.843 Thread 0x00000249ff3a9a20 nmethod 2634 0x0000024987bf2210 code [0x0000024987bf2780, 0x0000024987bf5f80]
Event: 3.843 Thread 0x00000249ff3a9a20 2649       4       org.jacoco.agent.rt.internal_4742761.asm.ByteVector::putUTF8 (144 bytes)
Event: 3.847 Thread 0x00000249ff3a9a20 nmethod 2649 0x0000024987bf7d10 code [0x0000024987bf7ee0, 0x0000024987bf82e8]
Event: 3.847 Thread 0x00000249ff3a9a20 2650       4       java.util.HashSet::add (20 bytes)
Event: 3.848 Thread 0x00000249ff3a9a20 nmethod 2650 0x0000024987bf8610 code [0x0000024987bf87c0, 0x0000024987bf8900]
Event: 3.848 Thread 0x00000249ff3a9a20 2632       4       org.jacoco.agent.rt.internal_4742761.asm.tree.LabelNode::getLabel (23 bytes)
Event: 3.850 Thread 0x00000249ff3a9a20 nmethod 2632 0x0000024987bf8a10 code [0x0000024987bf8ba0, 0x0000024987bf8d98]
Event: 3.850 Thread 0x00000249ff3a9a20 2656       4       org.jacoco.agent.rt.internal_4742761.core.internal.instr.ProbeInserter::visitLocalVariable (53 bytes)
Event: 3.852 Thread 0x00000249ff3a9a20 nmethod 2656 0x0000024987bf8e90 code [0x0000024987bf9040, 0x0000024987bf9240]
Event: 3.853 Thread 0x00000249ff3a9a20 2657       4       org.jacoco.agent.rt.internal_4742761.asm.MethodWriter::visitLocalVariable (222 bytes)

GC Heap History (4 events):
Event: 0.730 GC heap before
{Heap before GC invocations=0 (full 0):
 garbage-first heap   total 129024K, used 25600K [0x0000000083000000, 0x0000000100000000)
  region size 1024K, 23 young (23552K), 0 survivors (0K)
 Metaspace       used 3418K, committed 3584K, reserved 1114112K
  class space    used 312K, committed 384K, reserved 1048576K
}
Event: 0.736 GC heap after
{Heap after GC invocations=1 (full 0):
 garbage-first heap   total 129024K, used 9507K [0x0000000083000000, 0x0000000100000000)
  region size 1024K, 3 young (3072K), 3 survivors (3072K)
 Metaspace       used 3418K, committed 3584K, reserved 1114112K
  class space    used 312K, committed 384K, reserved 1048576K
}
Event: 1.256 GC heap before
{Heap before GC invocations=1 (full 0):
 garbage-first heap   total 129024K, used 38179K [0x0000000083000000, 0x0000000100000000)
  region size 1024K, 31 young (31744K), 3 survivors (3072K)
 Metaspace       used 5399K, committed 5632K, reserved 1114112K
  class space    used 488K, committed 576K, reserved 1048576K
}
Event: 1.264 GC heap after
{Heap after GC invocations=2 (full 0):
 garbage-first heap   total 129024K, used 11353K [0x0000000083000000, 0x0000000100000000)
  region size 1024K, 2 young (2048K), 2 survivors (2048K)
 Metaspace       used 5399K, committed 5632K, reserved 1114112K
  class space    used 488K, committed 576K, reserved 1048576K
}

Dll operation events (11 events):
Event: 0.014 Loaded shared library C:\Users\bdjar\AppData\Local\Programs\Eclipse Adoptium\jdk-21.0.6.7-hotspot\bin\java.dll
Event: 0.061 Loaded shared library C:\Users\bdjar\AppData\Local\Programs\Eclipse Adoptium\jdk-21.0.6.7-hotspot\bin\jsvml.dll
Event: 0.094 Loaded shared library C:\Users\bdjar\AppData\Local\Programs\Eclipse Adoptium\jdk-21.0.6.7-hotspot\bin\zip.dll
Event: 0.098 Loaded shared library C:\Users\bdjar\AppData\Local\Programs\Eclipse Adoptium\jdk-21.0.6.7-hotspot\bin\instrument.dll
Event: 0.104 Loaded shared library C:\Users\bdjar\AppData\Local\Programs\Eclipse Adoptium\jdk-21.0.6.7-hotspot\bin\net.dll
Event: 0.106 Loaded shared library C:\Users\bdjar\AppData\Local\Programs\Eclipse Adoptium\jdk-21.0.6.7-hotspot\bin\nio.dll
Event: 0.109 Loaded shared library C:\Users\bdjar\AppData\Local\Programs\Eclipse Adoptium\jdk-21.0.6.7-hotspot\bin\zip.dll
Event: 0.221 Loaded shared library C:\Users\bdjar\AppData\Local\Programs\Eclipse Adoptium\jdk-21.0.6.7-hotspot\bin\verify.dll
Event: 0.255 Loaded shared library C:\Users\bdjar\AppData\Local\Programs\Eclipse Adoptium\jdk-21.0.6.7-hotspot\bin\jimage.dll
Event: 0.617 Loaded shared library C:\Users\bdjar\AppData\Local\Programs\Eclipse Adoptium\jdk-21.0.6.7-hotspot\bin\management.dll
Event: 0.624 Loaded shared library C:\Users\bdjar\AppData\Local\Programs\Eclipse Adoptium\jdk-21.0.6.7-hotspot\bin\management_ext.dll

Deoptimization events (20 events):
Event: 2.499 Thread 0x00000249f13aeeb0 DEOPT PACKING pc=0x0000024987ba5fcc sp=0x000000f9eecf97b0
Event: 2.499 Thread 0x00000249f13aeeb0 DEOPT UNPACKING pc=0x00000249875846a2 sp=0x000000f9eecf9780 mode 2
Event: 2.499 Thread 0x00000249f13aeeb0 Uncommon trap: trap_request=0xffffffc6 fr.pc=0x0000024987ba5ecc relative=0x000000000000134c
Event: 2.499 Thread 0x00000249f13aeeb0 Uncommon trap: reason=bimorphic_or_optimized_type_check action=maybe_recompile pc=0x0000024987ba5ecc method=java.util.HashMap.putVal(ILjava/lang/Object;Ljava/lang/Object;ZZ)Ljava/lang/Object; @ 56 c2
Event: 2.499 Thread 0x00000249f13aeeb0 DEOPT PACKING pc=0x0000024987ba5ecc sp=0x000000f9eecf97b0
Event: 2.499 Thread 0x00000249f13aeeb0 DEOPT UNPACKING pc=0x00000249875846a2 sp=0x000000f9eecf9778 mode 2
Event: 3.745 Thread 0x00000249f13aeeb0 Uncommon trap: trap_request=0xffffff45 fr.pc=0x0000024987bc0f10 relative=0x00000000000003b0
Event: 3.745 Thread 0x00000249f13aeeb0 Uncommon trap: reason=unstable_if action=reinterpret pc=0x0000024987bc0f10 method=org.jacoco.agent.rt.internal_4742761.asm.SymbolTable.addConstantUtf8Reference(ILjava/lang/String;)Lorg/jacoco/agent/rt/internal_4742761/asm/Symbol; @ 45 c2
Event: 3.745 Thread 0x00000249f13aeeb0 DEOPT PACKING pc=0x0000024987bc0f10 sp=0x000000f9eecf46f0
Event: 3.745 Thread 0x00000249f13aeeb0 DEOPT UNPACKING pc=0x00000249875846a2 sp=0x000000f9eecf45d8 mode 2
Event: 3.746 Thread 0x00000249f13aeeb0 Uncommon trap: trap_request=0xffffff45 fr.pc=0x0000024987b72f50 relative=0x00000000000003d0
Event: 3.746 Thread 0x00000249f13aeeb0 Uncommon trap: reason=unstable_if action=reinterpret pc=0x0000024987b72f50 method=org.jacoco.agent.rt.internal_4742761.asm.SymbolTable.addConstantUtf8Reference(ILjava/lang/String;)Lorg/jacoco/agent/rt/internal_4742761/asm/Symbol; @ 45 c2
Event: 3.746 Thread 0x00000249f13aeeb0 DEOPT PACKING pc=0x0000024987b72f50 sp=0x000000f9eecf4650
Event: 3.746 Thread 0x00000249f13aeeb0 DEOPT UNPACKING pc=0x00000249875846a2 sp=0x000000f9eecf45e8 mode 2
Event: 3.757 Thread 0x00000249f13aeeb0 DEOPT PACKING pc=0x00000249801b5172 sp=0x000000f9eecf7b50
Event: 3.757 Thread 0x00000249f13aeeb0 DEOPT UNPACKING pc=0x0000024987584e42 sp=0x000000f9eecf7260 mode 0
Event: 3.771 Thread 0x00000249f13aeeb0 Uncommon trap: trap_request=0xffffffde fr.pc=0x0000024987bc01d8 relative=0x0000000000000298
Event: 3.771 Thread 0x00000249f13aeeb0 Uncommon trap: reason=class_check action=maybe_recompile pc=0x0000024987bc01d8 method=java.util.HashMap.prepareArray([Ljava/lang/Object;)[Ljava/lang/Object; @ 22 c2
Event: 3.771 Thread 0x00000249f13aeeb0 DEOPT PACKING pc=0x0000024987bc01d8 sp=0x000000f9eecfb680
Event: 3.771 Thread 0x00000249f13aeeb0 DEOPT UNPACKING pc=0x00000249875846a2 sp=0x000000f9eecfb638 mode 2

Classes loaded (20 events):
Event: 2.521 Loading class java/net/NetPermission
Event: 2.522 Loading class java/net/NetPermission done
Event: 2.522 Loading class java/security/SecurityPermission
Event: 2.523 Loading class java/security/SecurityPermission done
Event: 2.524 Loading class java/net/SocketPermission
Event: 2.525 Loading class java/net/SocketPermission done
Event: 2.526 Loading class java/lang/reflect/ReflectPermission
Event: 2.526 Loading class java/lang/reflect/ReflectPermission done
Event: 2.528 Loading class jdk/internal/logger/LoggerFinderLoader$TemporaryLoggerFinder
Event: 2.528 Loading class jdk/internal/logger/LoggerFinderLoader$TemporaryLoggerFinder done
Event: 2.528 Loading class sun/util/logging/internal/LoggingProviderImpl$JULWrapper
Event: 2.528 Loading class sun/util/logging/PlatformLogger$ConfigurableBridge$LoggerConfiguration
Event: 2.528 Loading class sun/util/logging/PlatformLogger$ConfigurableBridge$LoggerConfiguration done
Event: 2.528 Loading class sun/util/logging/internal/LoggingProviderImpl$JULWrapper done
Event: 2.529 Loading class java/lang/System$Logger$Level
Event: 2.529 Loading class java/lang/System$Logger$Level done
Event: 3.733 Loading class java/lang/ThreadLocal$SuppliedThreadLocal
Event: 3.733 Loading class java/lang/ThreadLocal$SuppliedThreadLocal done
Event: 3.735 Loading class java/util/ServiceConfigurationError
Event: 3.736 Loading class java/util/ServiceConfigurationError done

Classes unloaded (0 events):
No events

Classes redefined (0 events):
No events

Internal exceptions (20 events):
Event: 2.040 Thread 0x00000249f13aeeb0 Exception <a 'java/lang/NoSuchMethodError'{0x0000000088b556c0}: 'int java.lang.invoke.DirectMethodHandle$Holder.invokeStatic(java.lang.Object, java.lang.Object, java.lang.Object, java.lang.Object)'> (0x0000000088b556c0) 
thrown [s\src\hotspot\share\interpreter\linkResolver.cpp, line 773]
Event: 2.041 Thread 0x00000249f13aeeb0 Exception <a 'java/lang/NoSuchMethodError'{0x0000000088b58d90}: 'java.lang.Object java.lang.invoke.Invokers$Holder.invokeExact_MT(java.lang.Object, java.lang.Object, java.lang.Object, java.lang.Object, java.lang.Object, java.lang.Object)'> (0x0000000088b58d90) 
thrown [s\src\hotspot\share\interpreter\linkResolver.cpp, line 773]
Event: 2.045 Thread 0x00000249f13aeeb0 Exception <a 'java/lang/NoSuchMethodError'{0x0000000088b670a8}: 'int java.lang.invoke.DirectMethodHandle$Holder.invokeStatic(java.lang.Object, java.lang.Object, java.lang.Object, java.lang.Object, java.lang.Object)'> (0x0000000088b670a8) 
thrown [s\src\hotspot\share\interpreter\linkResolver.cpp, line 773]
Event: 2.081 Thread 0x00000249f13aeeb0 Exception <a 'java/lang/NoSuchMethodError'{0x0000000088a58250}: 'void java.lang.invoke.DirectMethodHandle$Holder.invokeStaticInit(java.lang.Object)'> (0x0000000088a58250) 
thrown [s\src\hotspot\share\interpreter\linkResolver.cpp, line 773]
Event: 2.155 Thread 0x00000249f13aeeb0 Exception <a 'java/lang/NoSuchMethodError'{0x0000000088747680}: 'void java.lang.invoke.DirectMethodHandle$Holder.invokeStaticInit(java.lang.Object, java.lang.Object, java.lang.Object, java.lang.Object)'> (0x0000000088747680) 
thrown [s\src\hotspot\share\interpreter\linkResolver.cpp, line 773]
Event: 2.189 Thread 0x00000249f13aeeb0 Exception <a 'java/lang/NoSuchMethodError'{0x00000000886929c0}: 'int java.lang.invoke.DirectMethodHandle$Holder.invokeStaticInit(java.lang.Object, java.lang.Object)'> (0x00000000886929c0) 
thrown [s\src\hotspot\share\interpreter\linkResolver.cpp, line 773]
Event: 2.300 Thread 0x00000249f13aeeb0 Exception <a 'java/lang/NoSuchMethodError'{0x00000000882ea2d0}: 'void java.lang.invoke.DirectMethodHandle$Holder.invokeStatic(java.lang.Object, java.lang.Object)'> (0x00000000882ea2d0) 
thrown [s\src\hotspot\share\interpreter\linkResolver.cpp, line 773]
Event: 2.326 Thread 0x00000249f13aeeb0 Exception <a 'java/lang/NoSuchMethodError'{0x0000000088184e60}: 'java.lang.Object java.lang.invoke.DirectMethodHandle$Holder.newInvokeSpecial(java.lang.Object, java.lang.Object, java.lang.Object, java.lang.Object, java.lang.Object, java.lang.Object, java.lang.Object)'> (0x0000000088184e60) 
thrown [s\src\hotspot\share\interpreter\linkResolver.cpp, line 773]
Event: 2.332 Thread 0x00000249f13aeeb0 Exception <a 'java/lang/NoSuchMethodError'{0x00000000881a0ee8}: 'java.lang.Object java.lang.invoke.DirectMethodHandle$Holder.invokeInterface(java.lang.Object, java.lang.Object, java.lang.Object, java.lang.Object, java.lang.Object)'> (0x00000000881a0ee8) 
thrown [s\src\hotspot\share\interpreter\linkResolver.cpp, line 773]
Event: 2.333 Thread 0x00000249f13aeeb0 Exception <a 'java/lang/IncompatibleClassChangeError'{0x00000000881a4a30}: Found class java.lang.Object, but interface was expected> (0x00000000881a4a30) 
thrown [s\src\hotspot\share\interpreter\linkResolver.cpp, line 840]
Event: 2.358 Thread 0x00000249f13aeeb0 Exception <a 'java/lang/IncompatibleClassChangeError'{0x00000000880a1250}: Found class java.lang.Object, but interface was expected> (0x00000000880a1250) 
thrown [s\src\hotspot\share\interpreter\linkResolver.cpp, line 840]
Event: 2.369 Thread 0x00000249f13aeeb0 Exception <a 'java/lang/NoSuchMethodError'{0x0000000087f24930}: 'void java.lang.invoke.DirectMethodHandle$Holder.invokeVirtual(java.lang.Object, java.lang.Object)'> (0x0000000087f24930) 
thrown [s\src\hotspot\share\interpreter\linkResolver.cpp, line 773]
Event: 2.443 Thread 0x00000249f13aeeb0 Exception <a 'java/lang/NoSuchMethodError'{0x0000000087b5a108}: method resolution failed> (0x0000000087b5a108) 
thrown [s\src\hotspot\share\prims\methodHandles.cpp, line 1144]
Event: 2.469 Thread 0x00000249f13aeeb0 Exception <a 'java/lang/NoSuchMethodError'{0x0000000087a2efd0}: 'int java.lang.invoke.DirectMethodHandle$Holder.invokeSpecial(java.lang.Object, java.lang.Object, java.lang.Object, java.lang.Object)'> (0x0000000087a2efd0) 
thrown [s\src\hotspot\share\interpreter\linkResolver.cpp, line 773]
Event: 2.474 Thread 0x00000249f13aeeb0 Exception <a 'java/lang/NoSuchMethodError'{0x0000000087a40ee8}: 'java.lang.Object java.lang.invoke.DirectMethodHandle$Holder.invokeStatic(java.lang.Object, long, java.lang.Object)'> (0x0000000087a40ee8) 
thrown [s\src\hotspot\share\interpreter\linkResolver.cpp, line 773]
Event: 2.475 Thread 0x00000249f13aeeb0 Exception <a 'java/lang/NoSuchMethodError'{0x0000000087a44c10}: 'java.lang.Object java.lang.invoke.DirectMethodHandle$Holder.invokeStaticInit(java.lang.Object, long, java.lang.Object)'> (0x0000000087a44c10) 
thrown [s\src\hotspot\share\interpreter\linkResolver.cpp, line 773]
Event: 2.475 Thread 0x00000249f13aeeb0 Exception <a 'java/lang/NoSuchMethodError'{0x0000000087a4ab18}: 'java.lang.Object java.lang.invoke.DirectMethodHandle$Holder.newInvokeSpecial(java.lang.Object, long)'> (0x0000000087a4ab18) 
thrown [s\src\hotspot\share\interpreter\linkResolver.cpp, line 773]
Event: 2.477 Thread 0x00000249f13aeeb0 Exception <a 'java/lang/NoSuchMethodError'{0x0000000087a587d0}: 'long java.lang.invoke.DirectMethodHandle$Holder.invokeInterface(java.lang.Object, java.lang.Object)'> (0x0000000087a587d0) 
thrown [s\src\hotspot\share\interpreter\linkResolver.cpp, line 773]
Event: 2.478 Thread 0x00000249f13aeeb0 Exception <a 'java/lang/NoSuchMethodError'{0x0000000087a5d0b0}: 'long java.lang.invoke.DelegatingMethodHandle$Holder.reinvoke_L(java.lang.Object, java.lang.Object)'> (0x0000000087a5d0b0) 
thrown [s\src\hotspot\share\interpreter\linkResolver.cpp, line 773]
Event: 2.515 Thread 0x00000249f13aeeb0 Exception <a 'java/lang/NoSuchMethodError'{0x000000008792c3b0}: 'void java.lang.invoke.DirectMethodHandle$Holder.invokeStatic(java.lang.Object, long)'> (0x000000008792c3b0) 
thrown [s\src\hotspot\share\interpreter\linkResolver.cpp, line 773]

ZGC Phase Switch (0 events):
No events

VM Operations (20 events):
Event: 1.372 Executing VM operation: HandshakeAllThreads (Deoptimize)
Event: 1.372 Executing VM operation: HandshakeAllThreads (Deoptimize) done
Event: 1.544 Executing VM operation: HandshakeAllThreads (Deoptimize)
Event: 1.544 Executing VM operation: HandshakeAllThreads (Deoptimize) done
Event: 1.680 Executing VM operation: ICBufferFull
Event: 1.681 Executing VM operation: ICBufferFull done
Event: 1.964 Executing VM operation: ICBufferFull
Event: 1.964 Executing VM operation: ICBufferFull done
Event: 2.093 Executing VM operation: HandshakeAllThreads (Deoptimize)
Event: 2.093 Executing VM operation: HandshakeAllThreads (Deoptimize) done
Event: 2.343 Executing VM operation: HandshakeAllThreads (Deoptimize)
Event: 2.343 Executing VM operation: HandshakeAllThreads (Deoptimize) done
Event: 2.498 Executing VM operation: HandshakeAllThreads (Deoptimize)
Event: 2.498 Executing VM operation: HandshakeAllThreads (Deoptimize) done
Event: 3.507 Executing VM operation: Cleanup
Event: 3.507 Executing VM operation: Cleanup done
Event: 3.764 Executing VM operation: HandshakeAllThreads (Deoptimize)
Event: 3.765 Executing VM operation: HandshakeAllThreads (Deoptimize) done
Event: 4.770 Executing VM operation: Cleanup
Event: 4.770 Executing VM operation: Cleanup done

Memory protections (0 events):
No events

Nmethod flushes (0 events):
No events

Events (18 events):
Event: 0.043 Thread 0x00000249f13aeeb0 Thread added: 0x00000249f13aeeb0
Event: 0.058 Thread 0x00000249f13aeeb0 Thread added: 0x00000249ff3984e0
Event: 0.058 Thread 0x00000249f13aeeb0 Thread added: 0x00000249ff398f30
Event: 0.058 Thread 0x00000249f13aeeb0 Thread added: 0x00000249ff399980
Event: 0.058 Thread 0x00000249f13aeeb0 Thread added: 0x00000249ff39a3d0
Event: 0.058 Thread 0x00000249f13aeeb0 Thread added: 0x00000249ff39ae20
Event: 0.058 Thread 0x00000249f13aeeb0 Thread added: 0x00000249ff39dae0
Event: 0.058 Thread 0x00000249f13aeeb0 Thread added: 0x00000249ff3a9a20
Event: 0.058 Thread 0x00000249f13aeeb0 Thread added: 0x00000249ff3ab4c0
Event: 0.076 Thread 0x00000249f13aeeb0 Thread added: 0x00000249ff47f2d0
Event: 0.122 Thread 0x00000249ff3ab4c0 Thread added: 0x00000249ff6566f0
Event: 0.316 Thread 0x00000249ff6566f0 Thread exited: 0x00000249ff6566f0
Event: 0.385 Thread 0x00000249ff3ab4c0 Thread added: 0x00000249ff8efc50
Event: 0.387 Thread 0x00000249f13aeeb0 Thread added: 0x00000249ffd8f520
Event: 0.691 Thread 0x00000249f13aeeb0 Thread added: 0x00000249d6714050
Event: 0.747 Thread 0x00000249f13aeeb0 Thread added: 0x00000249d67139c0
Event: 2.759 Thread 0x00000249ff8efc50 Thread exited: 0x00000249ff8efc50
Event: 3.740 Thread 0x00000249ff3ab4c0 Thread added: 0x00000249ff8efc50


Dynamic libraries:
0x00007ff673cb0000 - 0x00007ff673cbe000 	C:\Users\bdjar\AppData\Local\Programs\Eclipse Adoptium\jdk-21.0.6.7-hotspot\bin\java.exe
0x00007ffd2fd20000 - 0x00007ffd2ff85000 	C:\WINDOWS\SYSTEM32\ntdll.dll
0x00007ffd2e970000 - 0x00007ffd2ea39000 	C:\WINDOWS\System32\KERNEL32.DLL
0x00007ffd2cf10000 - 0x00007ffd2d2f8000 	C:\WINDOWS\System32\KERNELBASE.dll
0x00007ffd2d3e0000 - 0x00007ffd2d52b000 	C:\WINDOWS\System32\ucrtbase.dll
0x00007ffd103e0000 - 0x00007ffd103f8000 	C:\Users\bdjar\AppData\Local\Programs\Eclipse Adoptium\jdk-21.0.6.7-hotspot\bin\jli.dll
0x00007ffd08310000 - 0x00007ffd0832e000 	C:\Users\bdjar\AppData\Local\Programs\Eclipse Adoptium\jdk-21.0.6.7-hotspot\bin\VCRUNTIME140.dll
0x00007ffd2e210000 - 0x00007ffd2e3da000 	C:\WINDOWS\System32\USER32.dll
0x00007ffd2d3b0000 - 0x00007ffd2d3d7000 	C:\WINDOWS\System32\win32u.dll
0x00007ffd2dc80000 - 0x00007ffd2dcab000 	C:\WINDOWS\System32\GDI32.dll
0x00007ffd0c300000 - 0x00007ffd0c59a000 	C:\WINDOWS\WinSxS\amd64_microsoft.windows.common-controls_6595b64144ccf1df_6.0.26100.4202_none_3e0698d4e335f517\COMCTL32.dll
0x00007ffd2d980000 - 0x00007ffd2dab7000 	C:\WINDOWS\System32\gdi32full.dll
0x00007ffd2e590000 - 0x00007ffd2e639000 	C:\WINDOWS\System32\msvcrt.dll
0x00007ffd2d300000 - 0x00007ffd2d3a3000 	C:\WINDOWS\System32\msvcp_win.dll
0x00007ffd2dd70000 - 0x00007ffd2dda0000 	C:\WINDOWS\System32\IMM32.DLL
0x00007ffd24ec0000 - 0x00007ffd24ecc000 	C:\Users\bdjar\AppData\Local\Programs\Eclipse Adoptium\jdk-21.0.6.7-hotspot\bin\vcruntime140_1.dll
0x00007ffcfc6d0000 - 0x00007ffcfc75d000 	C:\Users\bdjar\AppData\Local\Programs\Eclipse Adoptium\jdk-21.0.6.7-hotspot\bin\msvcp140.dll
0x00007ffc7b790000 - 0x00007ffc7c520000 	C:\Users\bdjar\AppData\Local\Programs\Eclipse Adoptium\jdk-21.0.6.7-hotspot\bin\server\jvm.dll
0x00007ffd2dcb0000 - 0x00007ffd2dd63000 	C:\WINDOWS\System32\ADVAPI32.dll
0x00007ffd2ecb0000 - 0x00007ffd2ed56000 	C:\WINDOWS\System32\sechost.dll
0x00007ffd2ed60000 - 0x00007ffd2ee75000 	C:\WINDOWS\System32\RPCRT4.dll
0x00007ffd2dc00000 - 0x00007ffd2dc74000 	C:\WINDOWS\System32\WS2_32.dll
0x00007ffd2ba70000 - 0x00007ffd2bace000 	C:\WINDOWS\SYSTEM32\POWRPROF.dll
0x00007ffd12d00000 - 0x00007ffd12d35000 	C:\WINDOWS\SYSTEM32\WINMM.dll
0x00007ffd25650000 - 0x00007ffd2565b000 	C:\WINDOWS\SYSTEM32\VERSION.dll
0x00007ffd2ba50000 - 0x00007ffd2ba64000 	C:\WINDOWS\SYSTEM32\UMPDC.dll
0x00007ffd2bd50000 - 0x00007ffd2bd6b000 	C:\WINDOWS\SYSTEM32\kernel.appcore.dll
0x00007ffd10700000 - 0x00007ffd1070a000 	C:\Users\bdjar\AppData\Local\Programs\Eclipse Adoptium\jdk-21.0.6.7-hotspot\bin\jimage.dll
0x00007ffd2a620000 - 0x00007ffd2a861000 	C:\WINDOWS\SYSTEM32\DBGHELP.DLL
0x00007ffd2ddf0000 - 0x00007ffd2e175000 	C:\WINDOWS\System32\combase.dll
0x00007ffd2db10000 - 0x00007ffd2dbf1000 	C:\WINDOWS\System32\OLEAUT32.dll
0x00007ffd0a8d0000 - 0x00007ffd0a909000 	C:\WINDOWS\SYSTEM32\dbgcore.DLL
0x00007ffd2ce70000 - 0x00007ffd2cf09000 	C:\WINDOWS\System32\bcryptPrimitives.dll
0x00007ffd068d0000 - 0x00007ffd068df000 	C:\Users\bdjar\AppData\Local\Programs\Eclipse Adoptium\jdk-21.0.6.7-hotspot\bin\instrument.dll
0x00007ffd07ae0000 - 0x00007ffd07aff000 	C:\Users\bdjar\AppData\Local\Programs\Eclipse Adoptium\jdk-21.0.6.7-hotspot\bin\java.dll
0x00007ffd2f590000 - 0x00007ffd2fcd2000 	C:\WINDOWS\System32\SHELL32.dll
0x00007ffd2d680000 - 0x00007ffd2d7f4000 	C:\WINDOWS\System32\wintypes.dll
0x00007ffd2aae0000 - 0x00007ffd2b338000 	C:\WINDOWS\SYSTEM32\windows.storage.dll
0x00007ffd2e870000 - 0x00007ffd2e961000 	C:\WINDOWS\System32\SHCORE.dll
0x00007ffd2e7f0000 - 0x00007ffd2e85a000 	C:\WINDOWS\System32\shlwapi.dll
0x00007ffd2cd80000 - 0x00007ffd2cdaf000 	C:\WINDOWS\SYSTEM32\profapi.dll
0x00007ffce3310000 - 0x00007ffce33e7000 	C:\Users\bdjar\AppData\Local\Programs\Eclipse Adoptium\jdk-21.0.6.7-hotspot\bin\jsvml.dll
0x00007ffd068e0000 - 0x00007ffd068f8000 	C:\Users\bdjar\AppData\Local\Programs\Eclipse Adoptium\jdk-21.0.6.7-hotspot\bin\zip.dll
0x00007ffd083f0000 - 0x00007ffd08400000 	C:\Users\bdjar\AppData\Local\Programs\Eclipse Adoptium\jdk-21.0.6.7-hotspot\bin\net.dll
0x00007ffd243a0000 - 0x00007ffd244be000 	C:\WINDOWS\SYSTEM32\WINHTTP.dll
0x00007ffd2c2c0000 - 0x00007ffd2c32a000 	C:\WINDOWS\system32\mswsock.dll
0x00007ffd06900000 - 0x00007ffd06916000 	C:\Users\bdjar\AppData\Local\Programs\Eclipse Adoptium\jdk-21.0.6.7-hotspot\bin\nio.dll
0x00007ffd08190000 - 0x00007ffd081a0000 	C:\Users\bdjar\AppData\Local\Programs\Eclipse Adoptium\jdk-21.0.6.7-hotspot\bin\verify.dll
0x00007ffd02950000 - 0x00007ffd02968000 	C:\WINDOWS\system32\napinsp.dll
0x00007ffd2b790000 - 0x00007ffd2b8b7000 	C:\WINDOWS\SYSTEM32\DNSAPI.dll
0x00007ffd2b6f0000 - 0x00007ffd2b723000 	C:\WINDOWS\SYSTEM32\IPHLPAPI.DLL
0x00007ffd2e860000 - 0x00007ffd2e86a000 	C:\WINDOWS\System32\NSI.dll
0x00007ffd03080000 - 0x00007ffd03092000 	C:\WINDOWS\System32\winrnr.dll
0x00007ffd027a0000 - 0x00007ffd027d0000 	C:\WINDOWS\system32\nlansp_c.dll
0x00007ffd23170000 - 0x00007ffd23190000 	C:\WINDOWS\system32\wshbth.dll
0x00007ffd252b0000 - 0x00007ffd252bb000 	C:\Windows\System32\rasadhlp.dll
0x00007ffd22d00000 - 0x00007ffd22d86000 	C:\WINDOWS\System32\fwpuclnt.dll
0x00007ffd05970000 - 0x00007ffd0597a000 	C:\Users\bdjar\AppData\Local\Programs\Eclipse Adoptium\jdk-21.0.6.7-hotspot\bin\management.dll
0x00007ffd05960000 - 0x00007ffd0596b000 	C:\Users\bdjar\AppData\Local\Programs\Eclipse Adoptium\jdk-21.0.6.7-hotspot\bin\management_ext.dll
0x00007ffd2e760000 - 0x00007ffd2e768000 	C:\WINDOWS\System32\PSAPI.DLL

dbghelp: loaded successfully - version: 4.0.5 - missing functions: none
symbol engine: initialized successfully - sym options: 0x614 - pdb path: .;C:\Users\bdjar\AppData\Local\Programs\Eclipse Adoptium\jdk-21.0.6.7-hotspot\bin;C:\WINDOWS\SYSTEM32;C:\WINDOWS\WinSxS\amd64_microsoft.windows.common-controls_6595b64144ccf1df_6.0.26100.4202_none_3e0698d4e335f517;C:\Users\bdjar\AppData\Local\Programs\Eclipse Adoptium\jdk-21.0.6.7-hotspot\bin\server

VM Arguments:
jvm_args: -javaagent:C:\\Users\\bdjar\\.m2\\repository\\org\\jacoco\\org.jacoco.agent\\0.8.11\\org.jacoco.agent-0.8.11-runtime.jar=destfile=C:\\Users\\bdjar\\Desktop\\appb3\\ticketjo-backend\\target\\jacoco.exec 
java_command: C:\Users\bdjar\AppData\Local\Temp\surefire11238765201757641007\surefirebooter-20250621154747295_3.jar C:\Users\bdjar\AppData\Local\Temp\surefire11238765201757641007 2025-06-21T15-47-46_935-jvmRun1 surefire-20250621154747295_1tmp surefire_0-20250621154747295_2tmp
java_class_path (initial): C:\Users\bdjar\AppData\Local\Temp\surefire11238765201757641007\surefirebooter-20250621154747295_3.jar
Launcher Type: SUN_STANDARD

[Global flags]
     intx CICompilerCount                          = 4                                         {product} {ergonomic}
     uint ConcGCThreads                            = 2                                         {product} {ergonomic}
     uint G1ConcRefinementThreads                  = 8                                         {product} {ergonomic}
   size_t G1HeapRegionSize                         = 1048576                                   {product} {ergonomic}
    uintx GCDrainStackTargetSize                   = 64                                        {product} {ergonomic}
   size_t InitialHeapSize                          = 132120576                                 {product} {ergonomic}
   size_t MarkStackSize                            = 4194304                                   {product} {ergonomic}
   size_t MaxHeapSize                              = 2097152000                                {product} {ergonomic}
   size_t MaxNewSize                               = 1258291200                                {product} {ergonomic}
   size_t MinHeapDeltaBytes                        = 1048576                                   {product} {ergonomic}
   size_t MinHeapSize                              = 8388608                                   {product} {ergonomic}
    uintx NonNMethodCodeHeapSize                   = 5839372                                {pd product} {ergonomic}
    uintx NonProfiledCodeHeapSize                  = 122909434                              {pd product} {ergonomic}
    uintx ProfiledCodeHeapSize                     = 122909434                              {pd product} {ergonomic}
    uintx ReservedCodeCacheSize                    = 251658240                              {pd product} {ergonomic}
     bool SegmentedCodeCache                       = true                                      {product} {ergonomic}
   size_t SoftMaxHeapSize                          = 2097152000                             {manageable} {ergonomic}
     bool UseCompressedOops                        = true                           {product lp64_product} {ergonomic}
     bool UseG1GC                                  = true                                      {product} {ergonomic}
     bool UseLargePagesIndividualAllocation        = false                                  {pd product} {ergonomic}

Logging:
Log output configuration:
 #0: stdout all=warning uptime,level,tags foldmultilines=false
 #1: stderr all=off uptime,level,tags foldmultilines=false

Environment Variables:
JAVA_HOME=C:/Users/bdjar/AppData/Local/Programs/Eclipse Adoptium/jdk-21.0.6.7-hotspot
PATH=C:\Users\bdjar\bin;C:\Program Files\Git\mingw64\bin;C:\Program Files\Git\usr\local\bin;C:\Program Files\Git\usr\bin;C:\Program Files\Git\usr\bin;C:\Program Files\Git\mingw64\bin;C:\Program Files\Git\usr\bin;C:\Users\bdjar\bin;C:\Users\bdjar\Downloads\sts-4.22.0.RELEASE\plugins\org.eclipse.justj.openjdk.hotspot.jre.full.win32.x86_64_17.0.10.v20240120-1143\jre\bin\server;C:\Users\bdjar\Downloads\sts-4.22.0.RELEASE\plugins\org.eclipse.justj.openjdk.hotspot.jre.full.win32.x86_64_17.0.10.v20240120-1143\jre\bin;C:\maven\apache-maven-3.9.6\bin;C:\WINDOWS\system32;C:\WINDOWS;C:\WINDOWS\System32\Wbem;C:\WINDOWS\System32\WindowsPowerShell\v1.0;C:\WINDOWS\System32\OpenSSH;C:\Program Files\Symfony;C:\Program Files (x86)\Yarn\bin;C:\Program Files\Docker\Docker\resources\bin;C:\Program Files\nodejs;C:\Program Files\Git\cmd;C:\Program Files\apache-maven\bin;C:\ProgramData\ComposerSetup\bin;C:\Users\bdjar\AppData\Local\Programs\Python\Python311\Scripts;C:\Users\bdjar\AppData\Local\Programs\Python\Python311;C:\Users\bdjar\scoop\shims;C:\Program Files\MySQL\MySQL Shell 8.0\bin;C:\Users\bdjar\AppData\Local\Microsoft\WindowsApps;C:\Users\bdjar\AppData\Local\Programs\Microsoft VS Code\bin;C:\Users\bdjar\composer;C:\Users\bdjar\AppData\Roaming\Composer\vendor\bin;C:\Users\bdjar\AppData\Local\GitHubDesktop\bin;C:\Users\bdjar\AppData\Local\Yarn\bin;C:\Users\bdjar\AppData\Roaming\npm;C:\Program Files\php-8.2.9;C:\Program Files\heroku\bin;C:\WINDOWS\system32;C:\WINDOWS;C:\WINDOWS\System32\Wbem;C:\WINDOWS\System32\WindowsPowerShell\v1.0;C:\WINDOWS\System32\OpenSSH;C:\Users\bdjar\AppData\Local\Programs\Eclipse Adoptium\jdk-21.0.6.7-hotspot\bin;C:\Program Files\MySQL\MySQL Shell 8.0\bin;C:\Users\bdjar\AppData\Local\Programs\Python\Python311\Scripts;C:\Users\bdjar\AppData\Local\Programs\Python\Python311;C:\Users\bdjar\scoop\shims;C:\Users\bdjar\AppData\Local\Microsoft\WindowsApps;C:\Users\bdjar\AppData\Local\Programs\Microsoft VS Code\bin;C:\Users\bdjar\composer;C:\Users\bdjar\AppData\Roaming\Composer\vendor\bin;C:\Users\bdjar\AppData\Local\GitHubDesktop\bin;C:\Users\bdjar\AppData\Local\Yarn\bin;C:\Users\bdjar\AppData\Roaming\npm;C:\Program Files\php-8.2.9;C:\Program Files\heroku\bin;C:\Program Files\JetBrains\IntelliJ IDEA 2024.3\bin;C:\Program Files\PostgreSQL\17\bin;C:\Program Files\mosquitto;C:\Users\bdjar\Downloads\sts-4.22.0.RELEASE;C:\Program Files\Git\usr\bin\vendor_perl;C:\Program Files\Git\usr\bin\core_perl
USERNAME=Bdjaraye
SHELL=C:\Program Files\Git\usr\bin\bash.exe
DISPLAY=needs-to-be-defined
LANG=fr_FR.UTF-8
TERM=xterm
TMPDIR=C:\Users\bdjar\AppData\Local\Temp
OS=Windows_NT
PROCESSOR_IDENTIFIER=Intel64 Family 6 Model 142 Stepping 12, GenuineIntel
TMP=C:\Users\bdjar\AppData\Local\Temp
TEMP=C:\Users\bdjar\AppData\Local\Temp




Periodic native trim disabled

---------------  S Y S T E M  ---------------

OS:
 Windows 11 , 64 bit Build 26100 (10.0.26100.4202)
OS uptime: 6 days 1:26 hours
Hyper-V role detected

CPU: total 8 (initial active 8) (4 cores per cpu, 2 threads per core) family 6 model 142 stepping 12 microcode 0xea, cx8, cmov, fxsr, ht, mmx, 3dnowpref, sse, sse2, sse3, ssse3, sse4.1, sse4.2, popcnt, lzcnt, tsc, tscinvbit, avx, avx2, aes, erms, clmul, bmi1, bmi2, adx, fma, vzeroupper, clflush, clflushopt, hv, rdtscp, f16c
Processor Information for the first 8 processors :
  Max Mhz: 2304, Current Mhz: 1803, Mhz Limit: 1797

Memory: 4k page, system-wide physical 7995M (526M free)
TotalPageFile size 32571M (AvailPageFile size 66M)
current process WorkingSet (physical memory assigned to process): 164M, peak: 167M
current process commit charge ("private bytes"): 262M, peak: 268M

vm_info: OpenJDK 64-Bit Server VM (21.0.6+7-LTS) for windows-amd64 JRE (21.0.6+7-LTS), built on 2025-01-21T00:00:00Z by "admin" with MS VC++ 17.7 (VS2022)

END.
