#
# There is insufficient memory for the Java Runtime Environment to continue.
# Native memory allocation (mmap) failed to map 132120576 bytes. Error detail: G1 virtual space
# Possible reasons:
#   The system is out of physical RAM or swap space
#   This process is running with CompressedOops enabled, and the Java Heap may be blocking the growth of the native heap
# Possible solutions:
#   Reduce memory load on the system
#   Increase physical memory or swap space
#   Check if swap backing store is full
#   Decrease Java heap size (-Xmx/-Xms)
#   Decrease number of Java threads
#   Decrease Java thread stack sizes (-Xss)
#   Set larger code cache with -XX:ReservedCodeCacheSize=
#   JVM is running with Unscaled Compressed Oops mode in which the Java heap is
#     placed in the first 4GB address space. The Java Heap base address is the
#     maximum limit for the native heap growth. Please use -XX:HeapBaseMinAddress
#     to set the Java Heap base and to place the Java Heap above 4GB virtual address.
# This output file may be truncated or incomplete.
#
#  Out of Memory Error (os_windows.cpp:3686), pid=140000, tid=135068
#
# JRE version:  (21.0.6+7) (build )
# Java VM: OpenJDK 64-Bit Server VM (21.0.6+7-LTS, mixed mode, sharing, tiered, compressed oops, compressed class ptrs, g1 gc, windows-amd64)
# No core dump will be written. Minidumps are not enabled by default on client versions of Windows
#

---------------  S U M M A R Y ------------

Command Line: -Dnet.bytebuddy.agent.attacher.dump= net.bytebuddy.agent.Attacher com.sun.tools.attach.VirtualMachine 138700 C:\Users\bdjar\.m2\repository\net\bytebuddy\byte-buddy-agent\1.15.11\byte-buddy-agent-1.15.11.jar false 

Host: Intel(R) Core(TM) i7-10510U CPU @ 1.80GHz, 8 cores, 7G,  Windows 11 , 64 bit Build 26100 (10.0.26100.4202)
Time: Fri Jun 20 22:28:33 2025 Paris, Madrid (heure duild 26100 (10.0.26100.4202) elapsed time: 2.034233 seconds (0d 0h 0m 2s)

---------------  T H R E A D  ---------------

Current thread (0x000002dfbfa95260):  JavaThread "Unknown thread" [_thread_in_vm, id=135068, stack(0x000000f599300000,0x000000f599400000) (1024K)]

Stack: [0x000000f599300000,0x000000f599400000]
Native frames: (J=compiled Java code, j=interpreted, Vv=VM code, C=native code)
V  [jvm.dll+0x6cdee9]
V  [jvm.dll+0x8a83d1]
V  [jvm.dll+0x8aa8fe]
V  [jvm.dll+0x8aafe3]
V  [jvm.dll+0x27f706]
V  [jvm.dll+0x6ca755]
V  [jvm.dll+0x6bea3a]
V  [jvm.dll+0x355d6a]
V  [jvm.dll+0x35d936]
V  [jvm.dll+0x3af58e]
V  [jvm.dll+0x3af838]
V  [jvm.dll+0x329efc]
V  [jvm.dll+0x32aa5b]
V  [jvm.dll+0x871639]
V  [jvm.dll+0x3bc361]
V  [jvm.dll+0x85a763]
V  [jvm.dll+0x45066e]
V  [jvm.dll+0x4522b1]
C  [jli.dll+0x5278]
C  [ucrtbase.dll+0x37b0]
C  [KERNEL32.DLL+0x2e8d7]
C  [ntdll.dll+0x3c34c]


---------------  P R O C E S S  ---------------

Threads class SMR info:
_java_thread_list=0x00007ffc9fbfa0c8, length=0, elements={
}

Java Threads: ( => current thread )
Total: 0

Other Threads:
  0x000002dfbfae77d0 WorkerThread "GC Thread#0"                     [id=141436, stack(0x000000f599400000,0x000000f599500000) (1024K)]
  0x000002dfbfaf9320 ConcurrentGCThread "G1 Main Marker"            [id=139988, stack(0x000000f599500000,0x000000f599600000) (1024K)]
  0x000002dfbfafb9f0 WorkerThread "G1 Conc#0"                       [id=126144, stack(0x000000f599600000,0x000000f599700000) (1024K)]

[error occurred during error reporting (printing all threads), id 0xc0000005, EXCEPTION_ACCESS_VIOLATION (0xc0000005) at pc=0x00007ffc9f2fc827]
VM state: not at safepoint (not fully initialized)

VM Mutex/Monitor currently owned by a thread:  ([mutex/lock_event])
[0x00007ffc9fc6e480] Heap_lock - owner thread: 0x000002dfbfa95260

Heap address: 0x0000000083000000, size: 2000 MB, Compressed Oops mode: 32-bit

CDS archive(s) mapped at: [0x0000000000000000-0x0000000000000000-0x0000000000000000), size 0, SharedBaseAddress: 0x0000000800000000, ArchiveRelocationMode: 1.
Narrow klass base: 0x0000000000000000, Narrow klass shift: 0, Narrow klass range: 0x0

GC Precious Log:
 CardTable entry size: 512
 Card Set container configuration: InlinePtr #cards 5 size 8 Array Of Cards #cards 12 size 40 Howl #buckets 4 coarsen threshold 1843 Howl Bitmap #cards 512 size 80 coarsen threshold 460 Card regions per heap region 1 cards per card region 2048

Heap:
 garbage-first heap   total 0K, used 0K [0x0000000083000000, 0x0000000100000000)
  region size 1024K, 0 young (0K), 0 survivors (0K)

[error occurred during error reporting (printing heap information), id 0xc0000005, EXCEPTION_ACCESS_VIOLATION (0xc0000005) at pc=0x00007ffc9f6e79b9]
GC Heap History (0 events):
No events

Dll operation events (1 events):
Event: 0.009 Loaded shared library C:\Users\bdjar\AppData\Local\Programs\Eclipse Adoptium\jdk-21.0.6.7-hotspot\bin\java.dll

Deoptimization events (0 events):
No events

Classes loaded (0 events):
No events

Classes unloaded (0 events):
No events

Classes redefined (0 events):
No events

Internal exceptions (0 events):
No events

ZGC Phase Switch (0 events):
No events

VM Operations (0 events):
No events

Memory protections (0 events):
No events

Nmethod flushes (0 events):
No events

Events (0 events):
No events


Dynamic libraries:
0x00007ff74ff20000 - 0x00007ff74ff2e000 	C:\Users\bdjar\AppData\Local\Programs\Eclipse Adoptium\jdk-21.0.6.7-hotspot\bin\java.exe
0x00007ffd2fd20000 - 0x00007ffd2ff85000 	C:\WINDOWS\SYSTEM32\ntdll.dll
0x00007ffd2e970000 - 0x00007ffd2ea39000 	C:\WINDOWS\System32\KERNEL32.DLL
0x00007ffd2cf10000 - 0x00007ffd2d2f8000 	C:\WINDOWS\System32\KERNELBASE.dll
0x00007ffd2d3e0000 - 0x00007ffd2d52b000 	C:\WINDOWS\System32\ucrtbase.dll
0x00007ffd24ea0000 - 0x00007ffd24eb8000 	C:\Users\bdjar\AppData\Local\Programs\Eclipse Adoptium\jdk-21.0.6.7-hotspot\bin\jli.dll
0x00007ffd24a20000 - 0x00007ffd24a3e000 	C:\Users\bdjar\AppData\Local\Programs\Eclipse Adoptium\jdk-21.0.6.7-hotspot\bin\VCRUNTIME140.dll
0x00007ffd2e210000 - 0x00007ffd2e3da000 	C:\WINDOWS\System32\USER32.dll
0x00007ffd2d3b0000 - 0x00007ffd2d3d7000 	C:\WINDOWS\System32\win32u.dll
0x00007ffd0c300000 - 0x00007ffd0c59a000 	C:\WINDOWS\WinSxS\amd64_microsoft.windows.common-controls_6595b64144ccf1df_6.0.26100.4202_none_3e0698d4e335f517\COMCTL32.dll
0x00007ffd2dc80000 - 0x00007ffd2dcab000 	C:\WINDOWS\System32\GDI32.dll
0x00007ffd2e590000 - 0x00007ffd2e639000 	C:\WINDOWS\System32\msvcrt.dll
0x00007ffd2d980000 - 0x00007ffd2dab7000 	C:\WINDOWS\System32\gdi32full.dll
0x00007ffd2d300000 - 0x00007ffd2d3a3000 	C:\WINDOWS\System32\msvcp_win.dll
0x00007ffd2dd70000 - 0x00007ffd2dda0000 	C:\WINDOWS\System32\IMM32.DLL
0x00007ffd296b0000 - 0x00007ffd296bc000 	C:\Users\bdjar\AppData\Local\Programs\Eclipse Adoptium\jdk-21.0.6.7-hotspot\bin\vcruntime140_1.dll
0x00007ffcf3ee0000 - 0x00007ffcf3f6d000 	C:\Users\bdjar\AppData\Local\Programs\Eclipse Adoptium\jdk-21.0.6.7-hotspot\bin\msvcp140.dll
0x00007ffc9efc0000 - 0x00007ffc9fd50000 	C:\Users\bdjar\AppData\Local\Programs\Eclipse Adoptium\jdk-21.0.6.7-hotspot\bin\server\jvm.dll
0x00007ffd2dcb0000 - 0x00007ffd2dd63000 	C:\WINDOWS\System32\ADVAPI32.dll
0x00007ffd2ecb0000 - 0x00007ffd2ed56000 	C:\WINDOWS\System32\sechost.dll
0x00007ffd2ed60000 - 0x00007ffd2ee75000 	C:\WINDOWS\System32\RPCRT4.dll
0x00007ffd2dc00000 - 0x00007ffd2dc74000 	C:\WINDOWS\System32\WS2_32.dll
0x00007ffd25650000 - 0x00007ffd2565b000 	C:\WINDOWS\SYSTEM32\VERSION.dll
0x00007ffd2ba70000 - 0x00007ffd2bace000 	C:\WINDOWS\SYSTEM32\POWRPROF.dll
0x00007ffd12d00000 - 0x00007ffd12d35000 	C:\WINDOWS\SYSTEM32\WINMM.dll
0x00007ffd2ba50000 - 0x00007ffd2ba64000 	C:\WINDOWS\SYSTEM32\UMPDC.dll
0x00007ffd2bd50000 - 0x00007ffd2bd6b000 	C:\WINDOWS\SYSTEM32\kernel.appcore.dll
0x00007ffd26440000 - 0x00007ffd2644a000 	C:\Users\bdjar\AppData\Local\Programs\Eclipse Adoptium\jdk-21.0.6.7-hotspot\bin\jimage.dll
0x00007ffd2a620000 - 0x00007ffd2a861000 	C:\WINDOWS\SYSTEM32\DBGHELP.DLL
0x00007ffd2ddf0000 - 0x00007ffd2e175000 	C:\WINDOWS\System32\combase.dll
0x00007ffd2db10000 - 0x00007ffd2dbf1000 	C:\WINDOWS\System32\OLEAUT32.dll
0x00007ffd0a8d0000 - 0x00007ffd0a909000 	C:\WINDOWS\SYSTEM32\dbgcore.DLL
0x00007ffd2ce70000 - 0x00007ffd2cf09000 	C:\WINDOWS\System32\bcryptPrimitives.dll
0x00007ffd0ec80000 - 0x00007ffd0ec9f000 	C:\Users\bdjar\AppData\Local\Programs\Eclipse Adoptium\jdk-21.0.6.7-hotspot\bin\java.dll

dbghelp: loaded successfully - version: 4.0.5 - missing functions: none
symbol engine: initialized successfully - sym options: 0x614 - pdb path: .;C:\Users\bdjar\AppData\Local\Programs\Eclipse Adoptium\jdk-21.0.6.7-hotspot\bin;C:\WINDOWS\SYSTEM32;C:\WINDOWS\WinSxS\amd64_microsoft.windows.common-controls_6595b64144ccf1df_6.0.26100.4202_none_3e0698d4e335f517;C:\Users\bdjar\AppData\Local\Programs\Eclipse Adoptium\jdk-21.0.6.7-hotspot\bin\server

VM Arguments:
jvm_args: -Dnet.bytebuddy.agent.attacher.dump= 
java_command: net.bytebuddy.agent.Attacher com.sun.tools.attach.VirtualMachine 138700 C:\Users\bdjar\.m2\repository\net\bytebuddy\byte-buddy-agent\1.15.11\byte-buddy-agent-1.15.11.jar false 
java_class_path (initial): C:\Users\bdjar\.m2\repository\net\bytebuddy\byte-buddy-agent\1.15.11\byte-buddy-agent-1.15.11.jar
Launcher Type: SUN_STANDARD

[Global flags]
     intx CICompilerCount                          = 4                                         {product} {ergonomic}
     uint ConcGCThreads                            = 2                                         {product} {ergonomic}
     uint G1ConcRefinementThreads                  = 8                                         {product} {ergonomic}
   size_t G1HeapRegionSize                         = 1048576                                   {product} {ergonomic}
    uintx GCDrainStackTargetSize                   = 64                                        {product} {ergonomic}
   size_t InitialHeapSize                          = 132120576                                 {product} {ergonomic}
   size_t MarkStackSize                            = 4194304                                   {product} {ergonomic}
   size_t MaxHeapSize                              = 2097152000                                {product} {ergonomic}
   size_t MinHeapDeltaBytes                        = 1048576                                   {product} {ergonomic}
   size_t MinHeapSize                              = 8388608                                   {product} {ergonomic}
    uintx NonNMethodCodeHeapSize                   = 5839372                                {pd product} {ergonomic}
    uintx NonProfiledCodeHeapSize                  = 122909434                              {pd product} {ergonomic}
    uintx ProfiledCodeHeapSize                     = 122909434                              {pd product} {ergonomic}
    uintx ReservedCodeCacheSize                    = 251658240                              {pd product} {ergonomic}
     bool SegmentedCodeCache                       = true                                      {product} {ergonomic}
   size_t SoftMaxHeapSize                          = 2097152000                             {manageable} {ergonomic}
     bool UseCompressedOops                        = true                           {product lp64_product} {ergonomic}
     bool UseG1GC                                  = true                                      {product} {ergonomic}
     bool UseLargePagesIndividualAllocation        = false                                  {pd product} {ergonomic}

Logging:
Log output configuration:
 #0: stdout all=warning uptime,level,tags foldmultilines=false
 #1: stderr all=off uptime,level,tags foldmultilines=false

Environment Variables:
JAVA_HOME=C:/Users/bdjar/AppData/Local/Programs/Eclipse Adoptium/jdk-21.0.6.7-hotspot
PATH=C:\Users\bdjar\bin;C:\Program Files\Git\mingw64\bin;C:\Program Files\Git\usr\local\bin;C:\Program Files\Git\usr\bin;C:\Program Files\Git\usr\bin;C:\Program Files\Git\mingw64\bin;C:\Program Files\Git\usr\bin;C:\Users\bdjar\bin;C:\Users\bdjar\Downloads\sts-4.22.0.RELEASE\plugins\org.eclipse.justj.openjdk.hotspot.jre.full.win32.x86_64_17.0.10.v20240120-1143\jre\bin\server;C:\Users\bdjar\Downloads\sts-4.22.0.RELEASE\plugins\org.eclipse.justj.openjdk.hotspot.jre.full.win32.x86_64_17.0.10.v20240120-1143\jre\bin;C:\maven\apache-maven-3.9.6\bin;C:\WINDOWS\system32;C:\WINDOWS;C:\WINDOWS\System32\Wbem;C:\WINDOWS\System32\WindowsPowerShell\v1.0;C:\WINDOWS\System32\OpenSSH;C:\Program Files\Symfony;C:\Program Files (x86)\Yarn\bin;C:\Program Files\Docker\Docker\resources\bin;C:\Program Files\nodejs;C:\Program Files\Git\cmd;C:\Program Files\apache-maven\bin;C:\ProgramData\ComposerSetup\bin;C:\Users\bdjar\AppData\Local\Programs\Python\Python311\Scripts;C:\Users\bdjar\AppData\Local\Programs\Python\Python311;C:\Users\bdjar\scoop\shims;C:\Program Files\MySQL\MySQL Shell 8.0\bin;C:\Users\bdjar\AppData\Local\Microsoft\WindowsApps;C:\Users\bdjar\AppData\Local\Programs\Microsoft VS Code\bin;C:\Users\bdjar\composer;C:\Users\bdjar\AppData\Roaming\Composer\vendor\bin;C:\Users\bdjar\AppData\Local\GitHubDesktop\bin;C:\Users\bdjar\AppData\Local\Yarn\bin;C:\Users\bdjar\AppData\Roaming\npm;C:\Program Files\php-8.2.9;C:\Program Files\heroku\bin;C:\WINDOWS\system32;C:\WINDOWS;C:\WINDOWS\System32\Wbem;C:\WINDOWS\System32\WindowsPowerShell\v1.0;C:\WINDOWS\System32\OpenSSH;C:\Users\bdjar\AppData\Local\Programs\Eclipse Adoptium\jdk-21.0.6.7-hotspot\bin;C:\Program Files\MySQL\MySQL Shell 8.0\bin;C:\Users\bdjar\AppData\Local\Programs\Python\Python311\Scripts;C:\Users\bdjar\AppData\Local\Programs\Python\Python311;C:\Users\bdjar\scoop\shims;C:\Users\bdjar\AppData\Local\Microsoft\WindowsApps;C:\Users\bdjar\AppData\Local\Programs\Microsoft VS Code\bin;C:\Users\bdjar\composer;C:\Users\bdjar\AppData\Roaming\Composer\vendor\bin;C:\Users\bdjar\AppData\Local\GitHubDesktop\bin;C:\Users\bdjar\AppData\Local\Yarn\bin;C:\Users\bdjar\AppData\Roaming\npm;C:\Program Files\php-8.2.9;C:\Program Files\heroku\bin;C:\Program Files\JetBrains\IntelliJ IDEA 2024.3\bin;C:\Program Files\PostgreSQL\17\bin;C:\Program Files\mosquitto;C:\Users\bdjar\Downloads\sts-4.22.0.RELEASE;C:\Program Files\Git\usr\bin\vendor_perl;C:\Program Files\Git\usr\bin\core_perl
USERNAME=Bdjaraye
SHELL=C:\Program Files\Git\usr\bin\bash.exe
DISPLAY=needs-to-be-defined
LANG=fr_FR.UTF-8
TERM=xterm
TMPDIR=C:\Users\bdjar\AppData\Local\Temp
OS=Windows_NT
PROCESSOR_IDENTIFIER=Intel64 Family 6 Model 142 Stepping 12, GenuineIntel
TMP=C:\Users\bdjar\AppData\Local\Temp
TEMP=C:\Users\bdjar\AppData\Local\Temp




Periodic native trim disabled

---------------  S Y S T E M  ---------------

OS:
 Windows 11 , 64 bit Build 26100 (10.0.26100.4202)
OS uptime: 5 days 8:07 hours
Hyper-V role detected

CPU: total 8 (initial active 8) (4 cores per cpu, 2 threads per core) family 6 model 142 stepping 12 microcode 0xea, cx8, cmov, fxsr, ht, mmx, 3dnowpref, sse, sse2, sse3, ssse3, sse4.1, sse4.2, popcnt, lzcnt, tsc, tscinvbit, avx, avx2, aes, erms, clmul, bmi1, bmi2, adx, fma, vzeroupper, clflush, clflushopt, hv, rdtscp, f16c
Processor Information for the first 8 processors :
  Max Mhz: 2304, Current Mhz: 1803, Mhz Limit: 1797

Memory: 4k page, system-wide physical 7995M (559M free)
TotalPageFile size 32571M (AvailPageFile size 97M)
current process WorkingSet (physical memory assigned to process): 12M, peak: 12M
current process commit charge ("private bytes"): 60M, peak: 186M

vm_info: OpenJDK 64-Bit Server VM (21.0.6+7-LTS) for windows-amd64 JRE (21.0.6+7-LTS), built on 2025-01-21T00:00:00Z by "admin" with MS VC++ 17.7 (VS2022)

END.
