#
# There is insufficient memory for the Java Runtime Environment to continue.
# Native memory allocation (malloc) failed to allocate 1241344 bytes. Error detail: Chunk::new
# Possible reasons:
#   The system is out of physical RAM or swap space
#   This process is running with CompressedOops enabled, and the Java Heap may be blocking the growth of the native heap
# Possible solutions:
#   Reduce memory load on the system
#   Increase physical memory or swap space
#   Check if swap backing store is full
#   Decrease Java heap size (-Xmx/-Xms)
#   Decrease number of Java threads
#   Decrease Java thread stack sizes (-Xss)
#   Set larger code cache with -XX:ReservedCodeCacheSize=
#   JVM is running with Unscaled Compressed Oops mode in which the Java heap is
#     placed in the first 4GB address space. The Java Heap base address is the
#     maximum limit for the native heap growth. Please use -XX:HeapBaseMinAddress
#     to set the Java Heap base and to place the Java Heap above 4GB virtual address.
# This output file may be truncated or incomplete.
#
#  Out of Memory Error (arena.cpp:168), pid=85320, tid=127708
#
# JRE version: OpenJDK Runtime Environment Temurin-21.0.6+7 (21.0.6+7) (build 21.0.6+7-LTS)
# Java VM: OpenJDK 64-Bit Server VM Temurin-21.0.6+7 (21.0.6+7-LTS, mixed mode, sharing, tiered, compressed oops, compressed class ptrs, g1 gc, windows-amd64)
# No core dump will be written. Minidumps are not enabled by default on client versions of Windows
#

---------------  S U M M A R Y ------------

Command Line: -javaagent:C:\\Users\\bdjar\\.m2\\repository\\org\\jacoco\\org.jacoco.agent\\0.8.11\\org.jacoco.agent-0.8.11-runtime.jar=destfile=C:\\Users\\bdjar\\Desktop\\appb3\\ticketjo-backend\\target\\jacoco.exec C:\Users\bdjar\AppData\Local\Temp\surefire10512179025948526535\surefirebooter-20250621154654002_3.jar C:\Users\bdjar\AppData\Local\Temp\surefire10512179025948526535 2025-06-21T15-46-53_622-jvmRun1 surefire-20250621154654002_1tmp surefire_0-20250621154654002_2tmp

Host: Intel(R) Core(TM) i7-10510U CPU @ 1.80GHz, 8 cores, 7G,  Windows 11 , 64 bit Build 26100 (10.0.26100.4202)
Time: Sat Jun 21 15:47:08 2025 Paris, Madrid (heure duild 26100 (10.0.26100.4202) elapsed time: 13.659607 seconds (0d 0h 0m 13s)

---------------  T H R E A D  ---------------

Current thread (0x00000211eb0ea830):  JavaThread "C2 CompilerThread0" daemon [_thread_in_native, id=127708, stack(0x000000710a600000,0x000000710a700000) (1024K)]


Current CompileTask:
C2:13659 6278   !   4       sun.instrument.TransformerManager::transform (100 bytes)

Stack: [0x000000710a600000,0x000000710a700000]
Native frames: (J=compiled Java code, j=interpreted, Vv=VM code, C=native code)
V  [jvm.dll+0x6cdee9]
V  [jvm.dll+0x8a83d1]
V  [jvm.dll+0x8aa8fe]
V  [jvm.dll+0x8aafe3]
V  [jvm.dll+0x27f706]
V  [jvm.dll+0xc500d]
V  [jvm.dll+0xc5543]
V  [jvm.dll+0x3b678c]
V  [jvm.dll+0x1e0009]
V  [jvm.dll+0x247b42]
V  [jvm.dll+0x246fcf]
V  [jvm.dll+0x1c75ee]
V  [jvm.dll+0x25685a]
V  [jvm.dll+0x254dfa]
V  [jvm.dll+0x3f0256]
V  [jvm.dll+0x851f8b]
V  [jvm.dll+0x6cc5ed]
C  [ucrtbase.dll+0x37b0]
C  [KERNEL32.DLL+0x2e8d7]
C  [ntdll.dll+0x3c34c]


---------------  P R O C E S S  ---------------

Threads class SMR info:
_java_thread_list=0x00000211f07c39a0, length=15, elements={
0x00000211cc10d7a0, 0x00000211eb0d68a0, 0x00000211eb0d8060, 0x00000211eb0def20,
0x00000211eb0df970, 0x00000211eb0e18e0, 0x00000211eb0e5dd0, 0x00000211eb0ea830,
0x00000211eb0f06f0, 0x00000211eb09f8b0, 0x00000211eba4a450, 0x00000211ebb8b2b0,
0x00000211ebb57d90, 0x00000211eb37fd30, 0x00000211f0cbc830
}

Java Threads: ( => current thread )
  0x00000211cc10d7a0 JavaThread "main"                              [_thread_in_native, id=139780, stack(0x0000007109800000,0x0000007109900000) (1024K)]
  0x00000211eb0d68a0 JavaThread "Reference Handler"          daemon [_thread_blocked, id=78804, stack(0x000000710a000000,0x000000710a100000) (1024K)]
  0x00000211eb0d8060 JavaThread "Finalizer"                  daemon [_thread_blocked, id=150324, stack(0x000000710a100000,0x000000710a200000) (1024K)]
  0x00000211eb0def20 JavaThread "Signal Dispatcher"          daemon [_thread_blocked, id=143892, stack(0x000000710a200000,0x000000710a300000) (1024K)]
  0x00000211eb0df970 JavaThread "Attach Listener"            daemon [_thread_blocked, id=146392, stack(0x000000710a300000,0x000000710a400000) (1024K)]
  0x00000211eb0e18e0 JavaThread "Service Thread"             daemon [_thread_blocked, id=149552, stack(0x000000710a400000,0x000000710a500000) (1024K)]
  0x00000211eb0e5dd0 JavaThread "Monitor Deflation Thread"   daemon [_thread_blocked, id=60920, stack(0x000000710a500000,0x000000710a600000) (1024K)]
=>0x00000211eb0ea830 JavaThread "C2 CompilerThread0"         daemon [_thread_in_native, id=127708, stack(0x000000710a600000,0x000000710a700000) (1024K)]
  0x00000211eb0f06f0 JavaThread "C1 CompilerThread0"         daemon [_thread_blocked, id=149044, stack(0x000000710a700000,0x000000710a800000) (1024K)]
  0x00000211eb09f8b0 JavaThread "Common-Cleaner"             daemon [_thread_blocked, id=149300, stack(0x000000710a800000,0x000000710a900000) (1024K)]
  0x00000211eba4a450 JavaThread "Notification Thread"        daemon [_thread_blocked, id=147804, stack(0x000000710aa00000,0x000000710ab00000) (1024K)]
  0x00000211ebb8b2b0 JavaThread "surefire-forkedjvm-stream-flusher" daemon [_thread_blocked, id=61524, stack(0x000000710ab00000,0x000000710ac00000) (1024K)]
  0x00000211ebb57d90 JavaThread "surefire-forkedjvm-command-thread" daemon [_thread_in_native, id=147424, stack(0x000000710b000000,0x000000710b100000) (1024K)]
  0x00000211eb37fd30 JavaThread "C2 CompilerThread1"         daemon [_thread_in_native, id=140024, stack(0x000000710a900000,0x000000710aa00000) (1024K)]
  0x00000211f0cbc830 JavaThread "C2 CompilerThread2"         daemon [_thread_in_native, id=147196, stack(0x000000710b400000,0x000000710b500000) (1024K)]
Total: 15

Other Threads:
  0x00000211eb0b3e10 VMThread "VM Thread"                           [id=16156, stack(0x0000007109f00000,0x000000710a000000) (1024K)]
  0x00000211eb09e890 WatcherThread "VM Periodic Task Thread"        [id=141748, stack(0x0000007109e00000,0x0000007109f00000) (1024K)]
  0x00000211ce5aa8a0 WorkerThread "GC Thread#0"                     [id=144576, stack(0x0000007109900000,0x0000007109a00000) (1024K)]
  0x00000211ebb8a9e0 WorkerThread "GC Thread#1"                     [id=2396, stack(0x000000710ac00000,0x000000710ad00000) (1024K)]
  0x00000211ebceeec0 WorkerThread "GC Thread#2"                     [id=141268, stack(0x000000710ad00000,0x000000710ae00000) (1024K)]
  0x00000211ebb39cf0 WorkerThread "GC Thread#3"                     [id=148296, stack(0x000000710ae00000,0x000000710af00000) (1024K)]
  0x00000211ebb3a920 WorkerThread "GC Thread#4"                     [id=149396, stack(0x000000710af00000,0x000000710b000000) (1024K)]
  0x00000211f19e1fd0 WorkerThread "GC Thread#5"                     [id=147716, stack(0x000000710b100000,0x000000710b200000) (1024K)]
  0x00000211f0c8a740 WorkerThread "GC Thread#6"                     [id=146096, stack(0x000000710b200000,0x000000710b300000) (1024K)]
  0x00000211f0c89520 WorkerThread "GC Thread#7"                     [id=150328, stack(0x000000710b300000,0x000000710b400000) (1024K)]
  0x00000211ce5bc010 ConcurrentGCThread "G1 Main Marker"            [id=136000, stack(0x0000007109a00000,0x0000007109b00000) (1024K)]
  0x00000211ce5bd1c0 WorkerThread "G1 Conc#0"                       [id=138712, stack(0x0000007109b00000,0x0000007109c00000) (1024K)]
  0x00000211f03f2770 WorkerThread "G1 Conc#1"                       [id=90172, stack(0x000000710b600000,0x000000710b700000) (1024K)]
  0x00000211eaf6e8f0 ConcurrentGCThread "G1 Refine#0"               [id=119644, stack(0x0000007109c00000,0x0000007109d00000) (1024K)]
  0x00000211eaf72230 ConcurrentGCThread "G1 Service"                [id=136224, stack(0x0000007109d00000,0x0000007109e00000) (1024K)]
Total: 15

Threads with active compile tasks:
C2 CompilerThread0  13681 6278   !   4       sun.instrument.TransformerManager::transform (100 bytes)
C2 CompilerThread1  13681 6276       4       org.jacoco.agent.rt.internal_4742761.asm.ClassWriter::toByteArray (1535 bytes)
C2 CompilerThread2  13681 6279       4       sun.instrument.InstrumentationImpl::transform (73 bytes)
Total: 3

VM state: not at safepoint (normal execution)

VM Mutex/Monitor currently owned by a thread: None

Heap address: 0x0000000083000000, size: 2000 MB, Compressed Oops mode: 32-bit

CDS archive(s) mapped at: [0x0000021180000000-0x0000021180c80000-0x0000021180c80000), size 13107200, SharedBaseAddress: 0x0000021180000000, ArchiveRelocationMode: 1.
Compressed class space mapped at: 0x0000021181000000-0x00000211c1000000, reserved size: 1073741824
Narrow klass base: 0x0000021180000000, Narrow klass shift: 0, Narrow klass range: 0x100000000

GC Precious Log:
 CardTable entry size: 512
 Card Set container configuration: InlinePtr #cards 5 size 8 Array Of Cards #cards 12 size 40 Howl #buckets 4 coarsen threshold 1843 Howl Bitmap #cards 512 size 80 coarsen threshold 460 Card regions per heap region 1 cards per card region 2048
 CPUs: 8 total, 8 available
 Memory: 7995M
 Large Page Support: Disabled
 NUMA Support: Disabled
 Compressed Oops: Enabled (32-bit)
 Heap Region Size: 1M
 Heap Min Capacity: 8M
 Heap Initial Capacity: 126M
 Heap Max Capacity: 2000M
 Pre-touch: Disabled
 Parallel Workers: 8
 Concurrent Workers: 2
 Concurrent Refinement Workers: 8
 Periodic GC: Disabled

Heap:
 garbage-first heap   total 82944K, used 52398K [0x0000000083000000, 0x0000000100000000)
  region size 1024K, 33 young (33792K), 6 survivors (6144K)
 Metaspace       used 38537K, committed 39040K, reserved 1114112K
  class space    used 4380K, committed 4608K, reserved 1048576K

Heap Regions: E=young(eden), S=young(survivor), O=old, HS=humongous(starts), HC=humongous(continues), CS=collection set, F=free, TAMS=top-at-mark-start, PB=parsable bottom
|   0|0x0000000083000000, 0x0000000083100000, 0x0000000083100000|100%|HS|  |TAMS 0x0000000083000000| PB 0x0000000083000000| Complete 
|   1|0x0000000083100000, 0x0000000083200000, 0x0000000083200000|100%|HS|  |TAMS 0x0000000083100000| PB 0x0000000083100000| Complete 
|   2|0x0000000083200000, 0x0000000083300000, 0x0000000083300000|100%|HS|  |TAMS 0x0000000083200000| PB 0x0000000083200000| Complete 
|   3|0x0000000083300000, 0x0000000083400000, 0x0000000083400000|100%| O|  |TAMS 0x0000000083300000| PB 0x0000000083300000| Untracked 
|   4|0x0000000083400000, 0x0000000083500000, 0x0000000083500000|100%| O|  |TAMS 0x0000000083400000| PB 0x0000000083400000| Untracked 
|   5|0x0000000083500000, 0x0000000083600000, 0x0000000083600000|100%| O|  |TAMS 0x0000000083500000| PB 0x0000000083500000| Untracked 
|   6|0x0000000083600000, 0x0000000083700000, 0x0000000083700000|100%| O|  |TAMS 0x0000000083600000| PB 0x0000000083600000| Untracked 
|   7|0x0000000083700000, 0x0000000083800000, 0x0000000083800000|100%| O|  |TAMS 0x0000000083700000| PB 0x0000000083700000| Untracked 
|   8|0x0000000083800000, 0x0000000083900000, 0x0000000083900000|100%| O|  |TAMS 0x0000000083800000| PB 0x0000000083800000| Untracked 
|   9|0x0000000083900000, 0x0000000083a00000, 0x0000000083a00000|100%| O|  |TAMS 0x0000000083900000| PB 0x0000000083900000| Untracked 
|  10|0x0000000083a00000, 0x0000000083b00000, 0x0000000083b00000|100%| O|  |TAMS 0x0000000083a00000| PB 0x0000000083a00000| Untracked 
|  11|0x0000000083b00000, 0x0000000083c00000, 0x0000000083c00000|100%| O|  |TAMS 0x0000000083b00000| PB 0x0000000083b00000| Untracked 
|  12|0x0000000083c00000, 0x0000000083d00000, 0x0000000083d00000|100%| O|  |TAMS 0x0000000083c00000| PB 0x0000000083c00000| Untracked 
|  13|0x0000000083d00000, 0x0000000083e00000, 0x0000000083e00000|100%| O|  |TAMS 0x0000000083d00000| PB 0x0000000083d00000| Untracked 
|  14|0x0000000083e00000, 0x0000000083f00000, 0x0000000083f00000|100%| O|  |TAMS 0x0000000083e00000| PB 0x0000000083e00000| Untracked 
|  15|0x0000000083f00000, 0x0000000084000000, 0x0000000084000000|100%| O|  |TAMS 0x0000000083f00000| PB 0x0000000083f00000| Untracked 
|  16|0x0000000084000000, 0x0000000084100000, 0x0000000084100000|100%| O|  |TAMS 0x0000000084000000| PB 0x0000000084000000| Untracked 
|  17|0x0000000084100000, 0x0000000084155f80, 0x0000000084200000| 33%| O|Cm|TAMS 0x0000000084100000| PB 0x0000000084100000| Complete 
|  18|0x0000000084200000, 0x0000000084300000, 0x0000000084300000|100%| S|CS|TAMS 0x0000000084200000| PB 0x0000000084200000| Complete 
|  19|0x0000000084300000, 0x0000000084400000, 0x0000000084400000|100%| S|CS|TAMS 0x0000000084300000| PB 0x0000000084300000| Complete 
|  20|0x0000000084400000, 0x0000000084500000, 0x0000000084500000|100%| S|CS|TAMS 0x0000000084400000| PB 0x0000000084400000| Complete 
|  21|0x0000000084500000, 0x0000000084600000, 0x0000000084600000|100%| S|CS|TAMS 0x0000000084500000| PB 0x0000000084500000| Complete 
|  22|0x0000000084600000, 0x0000000084700000, 0x0000000084700000|100%| S|CS|TAMS 0x0000000084600000| PB 0x0000000084600000| Complete 
|  23|0x0000000084700000, 0x0000000084700000, 0x0000000084800000|  0%| F|  |TAMS 0x0000000084700000| PB 0x0000000084700000| Untracked 
|  24|0x0000000084800000, 0x0000000084800000, 0x0000000084900000|  0%| F|  |TAMS 0x0000000084800000| PB 0x0000000084800000| Untracked 
|  25|0x0000000084900000, 0x0000000084900000, 0x0000000084a00000|  0%| F|  |TAMS 0x0000000084900000| PB 0x0000000084900000| Untracked 
|  26|0x0000000084a00000, 0x0000000084a00000, 0x0000000084b00000|  0%| F|  |TAMS 0x0000000084a00000| PB 0x0000000084a00000| Untracked 
|  27|0x0000000084b00000, 0x0000000084b00000, 0x0000000084c00000|  0%| F|  |TAMS 0x0000000084b00000| PB 0x0000000084b00000| Untracked 
|  28|0x0000000084c00000, 0x0000000084c00000, 0x0000000084d00000|  0%| F|  |TAMS 0x0000000084c00000| PB 0x0000000084c00000| Untracked 
|  29|0x0000000084d00000, 0x0000000084d00000, 0x0000000084e00000|  0%| F|  |TAMS 0x0000000084d00000| PB 0x0000000084d00000| Untracked 
|  30|0x0000000084e00000, 0x0000000084e00000, 0x0000000084f00000|  0%| F|  |TAMS 0x0000000084e00000| PB 0x0000000084e00000| Untracked 
|  31|0x0000000084f00000, 0x0000000084f00000, 0x0000000085000000|  0%| F|  |TAMS 0x0000000084f00000| PB 0x0000000084f00000| Untracked 
|  32|0x0000000085000000, 0x0000000085000000, 0x0000000085100000|  0%| F|  |TAMS 0x0000000085000000| PB 0x0000000085000000| Untracked 
|  33|0x0000000085100000, 0x0000000085100000, 0x0000000085200000|  0%| F|  |TAMS 0x0000000085100000| PB 0x0000000085100000| Untracked 
|  34|0x0000000085200000, 0x0000000085200000, 0x0000000085300000|  0%| F|  |TAMS 0x0000000085200000| PB 0x0000000085200000| Untracked 
|  35|0x0000000085300000, 0x0000000085300000, 0x0000000085400000|  0%| F|  |TAMS 0x0000000085300000| PB 0x0000000085300000| Untracked 
|  36|0x0000000085400000, 0x0000000085400000, 0x0000000085500000|  0%| F|  |TAMS 0x0000000085400000| PB 0x0000000085400000| Untracked 
|  37|0x0000000085500000, 0x0000000085500000, 0x0000000085600000|  0%| F|  |TAMS 0x0000000085500000| PB 0x0000000085500000| Untracked 
|  38|0x0000000085600000, 0x0000000085600000, 0x0000000085700000|  0%| F|  |TAMS 0x0000000085600000| PB 0x0000000085600000| Untracked 
|  39|0x0000000085700000, 0x0000000085700000, 0x0000000085800000|  0%| F|  |TAMS 0x0000000085700000| PB 0x0000000085700000| Untracked 
|  40|0x0000000085800000, 0x0000000085800000, 0x0000000085900000|  0%| F|  |TAMS 0x0000000085800000| PB 0x0000000085800000| Untracked 
|  41|0x0000000085900000, 0x0000000085900000, 0x0000000085a00000|  0%| F|  |TAMS 0x0000000085900000| PB 0x0000000085900000| Untracked 
|  42|0x0000000085a00000, 0x0000000085a00000, 0x0000000085b00000|  0%| F|  |TAMS 0x0000000085a00000| PB 0x0000000085a00000| Untracked 
|  43|0x0000000085b00000, 0x0000000085b00000, 0x0000000085c00000|  0%| F|  |TAMS 0x0000000085b00000| PB 0x0000000085b00000| Untracked 
|  44|0x0000000085c00000, 0x0000000085c00000, 0x0000000085d00000|  0%| F|  |TAMS 0x0000000085c00000| PB 0x0000000085c00000| Untracked 
|  45|0x0000000085d00000, 0x0000000085d00000, 0x0000000085e00000|  0%| F|  |TAMS 0x0000000085d00000| PB 0x0000000085d00000| Untracked 
|  46|0x0000000085e00000, 0x0000000085e00000, 0x0000000085f00000|  0%| F|  |TAMS 0x0000000085e00000| PB 0x0000000085e00000| Untracked 
|  47|0x0000000085f00000, 0x0000000085f00000, 0x0000000086000000|  0%| F|  |TAMS 0x0000000085f00000| PB 0x0000000085f00000| Untracked 
|  48|0x0000000086000000, 0x0000000086000000, 0x0000000086100000|  0%| F|  |TAMS 0x0000000086000000| PB 0x0000000086000000| Untracked 
|  49|0x0000000086100000, 0x0000000086100000, 0x0000000086200000|  0%| F|  |TAMS 0x0000000086100000| PB 0x0000000086100000| Untracked 
|  50|0x0000000086200000, 0x0000000086200000, 0x0000000086300000|  0%| F|  |TAMS 0x0000000086200000| PB 0x0000000086200000| Untracked 
|  51|0x0000000086300000, 0x0000000086380000, 0x0000000086400000| 50%| E|  |TAMS 0x0000000086300000| PB 0x0000000086300000| Complete 
|  52|0x0000000086400000, 0x0000000086500000, 0x0000000086500000|100%| E|CS|TAMS 0x0000000086400000| PB 0x0000000086400000| Complete 
|  53|0x0000000086500000, 0x0000000086600000, 0x0000000086600000|100%| E|CS|TAMS 0x0000000086500000| PB 0x0000000086500000| Complete 
|  54|0x0000000086600000, 0x0000000086700000, 0x0000000086700000|100%| E|CS|TAMS 0x0000000086600000| PB 0x0000000086600000| Complete 
|  55|0x0000000086700000, 0x0000000086800000, 0x0000000086800000|100%| E|CS|TAMS 0x0000000086700000| PB 0x0000000086700000| Complete 
|  56|0x0000000086800000, 0x0000000086900000, 0x0000000086900000|100%| E|CS|TAMS 0x0000000086800000| PB 0x0000000086800000| Complete 
|  57|0x0000000086900000, 0x0000000086a00000, 0x0000000086a00000|100%| E|CS|TAMS 0x0000000086900000| PB 0x0000000086900000| Complete 
|  58|0x0000000086a00000, 0x0000000086b00000, 0x0000000086b00000|100%| E|CS|TAMS 0x0000000086a00000| PB 0x0000000086a00000| Complete 
|  59|0x0000000086b00000, 0x0000000086c00000, 0x0000000086c00000|100%| E|CS|TAMS 0x0000000086b00000| PB 0x0000000086b00000| Complete 
|  60|0x0000000086c00000, 0x0000000086d00000, 0x0000000086d00000|100%| E|CS|TAMS 0x0000000086c00000| PB 0x0000000086c00000| Complete 
|  61|0x0000000086d00000, 0x0000000086e00000, 0x0000000086e00000|100%| E|CS|TAMS 0x0000000086d00000| PB 0x0000000086d00000| Complete 
|  62|0x0000000086e00000, 0x0000000086f00000, 0x0000000086f00000|100%| E|CS|TAMS 0x0000000086e00000| PB 0x0000000086e00000| Complete 
|  63|0x0000000086f00000, 0x0000000087000000, 0x0000000087000000|100%| E|CS|TAMS 0x0000000086f00000| PB 0x0000000086f00000| Complete 
|  64|0x0000000087000000, 0x0000000087100000, 0x0000000087100000|100%| E|CS|TAMS 0x0000000087000000| PB 0x0000000087000000| Complete 
|  65|0x0000000087100000, 0x0000000087200000, 0x0000000087200000|100%| E|CS|TAMS 0x0000000087100000| PB 0x0000000087100000| Complete 
|  66|0x0000000087200000, 0x0000000087300000, 0x0000000087300000|100%| E|CS|TAMS 0x0000000087200000| PB 0x0000000087200000| Complete 
|  67|0x0000000087300000, 0x0000000087400000, 0x0000000087400000|100%| E|CS|TAMS 0x0000000087300000| PB 0x0000000087300000| Complete 
|  68|0x0000000087400000, 0x0000000087500000, 0x0000000087500000|100%| E|CS|TAMS 0x0000000087400000| PB 0x0000000087400000| Complete 
|  69|0x0000000087500000, 0x0000000087600000, 0x0000000087600000|100%| E|CS|TAMS 0x0000000087500000| PB 0x0000000087500000| Complete 
|  70|0x0000000087600000, 0x0000000087700000, 0x0000000087700000|100%| E|CS|TAMS 0x0000000087600000| PB 0x0000000087600000| Complete 
|  71|0x0000000087700000, 0x0000000087800000, 0x0000000087800000|100%| E|CS|TAMS 0x0000000087700000| PB 0x0000000087700000| Complete 
|  72|0x0000000087800000, 0x0000000087900000, 0x0000000087900000|100%| E|CS|TAMS 0x0000000087800000| PB 0x0000000087800000| Complete 
|  73|0x0000000087900000, 0x00000000879d5b70, 0x0000000087a00000| 83%| S|CS|TAMS 0x0000000087900000| PB 0x0000000087900000| Complete 
|  80|0x0000000088000000, 0x0000000088100000, 0x0000000088100000|100%| E|CS|TAMS 0x0000000088000000| PB 0x0000000088000000| Complete 
|  84|0x0000000088400000, 0x0000000088500000, 0x0000000088500000|100%| E|CS|TAMS 0x0000000088400000| PB 0x0000000088400000| Complete 
|  85|0x0000000088500000, 0x0000000088600000, 0x0000000088600000|100%| E|CS|TAMS 0x0000000088500000| PB 0x0000000088500000| Complete 
|  86|0x0000000088600000, 0x0000000088700000, 0x0000000088700000|100%| E|CS|TAMS 0x0000000088600000| PB 0x0000000088600000| Complete 
| 125|0x000000008ad00000, 0x000000008ae00000, 0x000000008ae00000|100%| E|CS|TAMS 0x000000008ad00000| PB 0x000000008ad00000| Complete 
|1998|0x00000000ffe00000, 0x00000000fff00000, 0x00000000fff00000|100%| O|  |TAMS 0x00000000ffe00000| PB 0x00000000ffe00000| Untracked 
|1999|0x00000000fff00000, 0x0000000100000000, 0x0000000100000000|100%| O|  |TAMS 0x00000000fff00000| PB 0x00000000fff00000| Untracked 

Card table byte_map: [0x00000211e6350000,0x00000211e6740000] _byte_map_base: 0x00000211e5f38000

Marking Bits: (CMBitMap*) 0x00000211ce5aaeb0
 Bits: [0x00000211e6740000, 0x00000211e8680000)

Polling page: 0x00000211cc310000

Metaspace:

Usage:
  Non-class:     33.37 MB used.
      Class:      4.28 MB used.
       Both:     37.65 MB used.

Virtual space:
  Non-class space:       64.00 MB reserved,      33.62 MB ( 53%) committed,  1 nodes.
      Class space:        1.00 GB reserved,       4.50 MB ( <1%) committed,  1 nodes.
             Both:        1.06 GB reserved,      38.12 MB (  4%) committed. 

Chunk freelists:
   Non-Class:  14.00 MB
       Class:  11.47 MB
        Both:  25.47 MB

MaxMetaspaceSize: unlimited
CompressedClassSpaceSize: 1.00 GB
Initial GC threshold: 21.00 MB
Current GC threshold: 59.00 MB
CDS: on
 - commit_granule_bytes: 65536.
 - commit_granule_words: 8192.
 - virtual_space_node_default_size: 8388608.
 - enlarge_chunks_in_place: 1.
 - use_allocation_guard: 0.


Internal statistics:

num_allocs_failed_limit: 6.
num_arena_births: 594.
num_arena_deaths: 0.
num_vsnodes_births: 2.
num_vsnodes_deaths: 0.
num_space_committed: 610.
num_space_uncommitted: 0.
num_chunks_returned_to_freelist: 6.
num_chunks_taken_from_freelist: 1922.
num_chunk_merges: 6.
num_chunk_splits: 1376.
num_chunks_enlarged: 1058.
num_inconsistent_stats: 0.

CodeHeap 'non-profiled nmethods': size=120000Kb used=4024Kb max_used=4024Kb free=115975Kb
 bounds [0x00000211de700000, 0x00000211deaf0000, 0x00000211e5c30000]
CodeHeap 'profiled nmethods': size=120000Kb used=10839Kb max_used=10977Kb free=109160Kb
 bounds [0x00000211d6c30000, 0x00000211d76f0000, 0x00000211de160000]
CodeHeap 'non-nmethods': size=5760Kb used=1494Kb max_used=1565Kb free=4265Kb
 bounds [0x00000211de160000, 0x00000211de3d0000, 0x00000211de700000]
 total_blobs=6034 nmethods=5466 adapters=471
 compilation: enabled
              stopped_count=0, restarted_count=0
 full_count=0

Compilation events (20 events):
Event: 12.627 Thread 0x00000211eb0f06f0 nmethod 6337 0x00000211d6db9a90 code [0x00000211d6db9ca0, 0x00000211d6dba608]
Event: 12.627 Thread 0x00000211eb0f06f0 6339       3       com.fasterxml.jackson.databind.introspect.JacksonAnnotationIntrospector::$jacocoInit (54 bytes)
Event: 12.628 Thread 0x00000211eb0f06f0 nmethod 6339 0x00000211d6db8b10 code [0x00000211d6db8d40, 0x00000211d6db9830]
Event: 12.628 Thread 0x00000211eb0f06f0 6342       3       java.util.HashMap::getNode (150 bytes)
Event: 12.628 Thread 0x00000211eb0f06f0 nmethod 6342 0x00000211d6db7a90 code [0x00000211d6db7ce0, 0x00000211d6db8810]
Event: 12.629 Thread 0x00000211eb0f06f0 6341       3       java.util.LinkedHashMap::get (29 bytes)
Event: 12.629 Thread 0x00000211eb0f06f0 nmethod 6341 0x00000211d6db7510 code [0x00000211d6db76e0, 0x00000211d6db7998]
Event: 12.629 Thread 0x00000211eb0f06f0 6340       3       com.fasterxml.jackson.databind.AnnotationIntrospector::$jacocoInit (53 bytes)
Event: 12.630 Thread 0x00000211eb0f06f0 nmethod 6340 0x00000211d6db6790 code [0x00000211d6db69a0, 0x00000211d6db7308]
Event: 12.632 Thread 0x00000211eb0f06f0 6343       3       com.fasterxml.jackson.databind.introspect.POJOPropertyBuilder::$jacocoInit (54 bytes)
Event: 12.632 Thread 0x00000211eb0f06f0 nmethod 6343 0x00000211d6db5810 code [0x00000211d6db5a40, 0x00000211d6db6530]
Event: 12.633 Thread 0x00000211eb0f06f0 6344       3       com.fasterxml.jackson.databind.introspect.AnnotatedMethod::$jacocoInit (53 bytes)
Event: 12.633 Thread 0x00000211eb0f06f0 nmethod 6344 0x00000211d6db4a90 code [0x00000211d6db4ca0, 0x00000211d6db5608]
Event: 12.633 Thread 0x00000211eb0f06f0 6345       3       com.fasterxml.jackson.databind.AnnotationIntrospector::_findAnnotation (17 bytes)
Event: 12.633 Thread 0x00000211eb0f06f0 nmethod 6345 0x00000211d6db4510 code [0x00000211d6db46e0, 0x00000211d6db4930]
Event: 12.633 Thread 0x00000211eb0f06f0 6346       3       com.fasterxml.jackson.databind.introspect.AnnotatedMember::getAnnotation (30 bytes)
Event: 12.634 Thread 0x00000211eb0f06f0 nmethod 6346 0x00000211d6db3f10 code [0x00000211d6db40e0, 0x00000211d6db4330]
Event: 12.634 Thread 0x00000211eb0f06f0 6347       3       com.fasterxml.jackson.databind.introspect.AnnotationMap::get (34 bytes)
Event: 12.634 Thread 0x00000211eb0f06f0 nmethod 6347 0x00000211d6db3790 code [0x00000211d6db3980, 0x00000211d6db3d68]
Event: 12.814 Thread 0x00000211eb0f06f0 6348       3       java.util.concurrent.locks.AbstractQueuedSynchronizer$ConditionObject::canReacquire (38 bytes)

GC Heap History (20 events):
Event: 8.221 GC heap before
{Heap before GC invocations=7 (full 0):
 garbage-first heap   total 58368K, used 57683K [0x0000000083000000, 0x0000000100000000)
  region size 1024K, 46 young (47104K), 6 survivors (6144K)
 Metaspace       used 22972K, committed 23296K, reserved 1114112K
  class space    used 2662K, committed 2816K, reserved 1048576K
}
Event: 8.231 GC heap after
{Heap after GC invocations=8 (full 0):
 garbage-first heap   total 64512K, used 16925K [0x0000000083000000, 0x0000000100000000)
  region size 1024K, 4 young (4096K), 4 survivors (4096K)
 Metaspace       used 22972K, committed 23296K, reserved 1114112K
  class space    used 2662K, committed 2816K, reserved 1048576K
}
Event: 8.490 GC heap before
{Heap before GC invocations=8 (full 0):
 garbage-first heap   total 64512K, used 50717K [0x0000000083000000, 0x0000000100000000)
  region size 1024K, 37 young (37888K), 4 survivors (4096K)
 Metaspace       used 24788K, committed 25216K, reserved 1114112K
  class space    used 2948K, committed 3136K, reserved 1048576K
}
Event: 8.497 GC heap after
{Heap after GC invocations=9 (full 0):
 garbage-first heap   total 64512K, used 18010K [0x0000000083000000, 0x0000000100000000)
  region size 1024K, 4 young (4096K), 4 survivors (4096K)
 Metaspace       used 24788K, committed 25216K, reserved 1114112K
  class space    used 2948K, committed 3136K, reserved 1048576K
}
Event: 8.742 GC heap before
{Heap before GC invocations=9 (full 0):
 garbage-first heap   total 64512K, used 51802K [0x0000000083000000, 0x0000000100000000)
  region size 1024K, 37 young (37888K), 4 survivors (4096K)
 Metaspace       used 26308K, committed 26688K, reserved 1114112K
  class space    used 3092K, committed 3264K, reserved 1048576K
}
Event: 8.749 GC heap after
{Heap after GC invocations=10 (full 0):
 garbage-first heap   total 77824K, used 18991K [0x0000000083000000, 0x0000000100000000)
  region size 1024K, 4 young (4096K), 4 survivors (4096K)
 Metaspace       used 26308K, committed 26688K, reserved 1114112K
  class space    used 3092K, committed 3264K, reserved 1048576K
}
Event: 8.929 GC heap before
{Heap before GC invocations=10 (full 0):
 garbage-first heap   total 77824K, used 60975K [0x0000000083000000, 0x0000000100000000)
  region size 1024K, 45 young (46080K), 4 survivors (4096K)
 Metaspace       used 27764K, committed 28096K, reserved 1114112K
  class space    used 3215K, committed 3392K, reserved 1048576K
}
Event: 8.934 GC heap after
{Heap after GC invocations=11 (full 0):
 garbage-first heap   total 77824K, used 19415K [0x0000000083000000, 0x0000000100000000)
  region size 1024K, 4 young (4096K), 4 survivors (4096K)
 Metaspace       used 27764K, committed 28096K, reserved 1114112K
  class space    used 3215K, committed 3392K, reserved 1048576K
}
Event: 9.192 GC heap before
{Heap before GC invocations=11 (full 0):
 garbage-first heap   total 77824K, used 61399K [0x0000000083000000, 0x0000000100000000)
  region size 1024K, 45 young (46080K), 4 survivors (4096K)
 Metaspace       used 29327K, committed 29632K, reserved 1114112K
  class space    used 3370K, committed 3520K, reserved 1048576K
}
Event: 9.198 GC heap after
{Heap after GC invocations=12 (full 0):
 garbage-first heap   total 77824K, used 20165K [0x0000000083000000, 0x0000000100000000)
  region size 1024K, 4 young (4096K), 4 survivors (4096K)
 Metaspace       used 29327K, committed 29632K, reserved 1114112K
  class space    used 3370K, committed 3520K, reserved 1048576K
}
Event: 9.443 GC heap before
{Heap before GC invocations=12 (full 0):
 garbage-first heap   total 77824K, used 62149K [0x0000000083000000, 0x0000000100000000)
  region size 1024K, 45 young (46080K), 4 survivors (4096K)
 Metaspace       used 30707K, committed 31104K, reserved 1114112K
  class space    used 3528K, committed 3712K, reserved 1048576K
}
Event: 9.450 GC heap after
{Heap after GC invocations=13 (full 0):
 garbage-first heap   total 77824K, used 20802K [0x0000000083000000, 0x0000000100000000)
  region size 1024K, 3 young (3072K), 3 survivors (3072K)
 Metaspace       used 30707K, committed 31104K, reserved 1114112K
  class space    used 3528K, committed 3712K, reserved 1048576K
}
Event: 9.695 GC heap before
{Heap before GC invocations=13 (full 0):
 garbage-first heap   total 77824K, used 63810K [0x0000000083000000, 0x0000000100000000)
  region size 1024K, 45 young (46080K), 3 survivors (3072K)
 Metaspace       used 32859K, committed 33280K, reserved 1114112K
  class space    used 3785K, committed 3968K, reserved 1048576K
}
Event: 9.701 GC heap after
{Heap after GC invocations=14 (full 0):
 garbage-first heap   total 94208K, used 21244K [0x0000000083000000, 0x0000000100000000)
  region size 1024K, 4 young (4096K), 4 survivors (4096K)
 Metaspace       used 32859K, committed 33280K, reserved 1114112K
  class space    used 3785K, committed 3968K, reserved 1048576K
}
Event: 10.223 GC heap before
{Heap before GC invocations=14 (full 0):
 garbage-first heap   total 94208K, used 73468K [0x0000000083000000, 0x0000000100000000)
  region size 1024K, 55 young (56320K), 4 survivors (4096K)
 Metaspace       used 35392K, committed 35840K, reserved 1114112K
  class space    used 4097K, committed 4288K, reserved 1048576K
}
Event: 10.230 GC heap after
{Heap after GC invocations=15 (full 0):
 garbage-first heap   total 94208K, used 23500K [0x0000000083000000, 0x0000000100000000)
  region size 1024K, 6 young (6144K), 6 survivors (6144K)
 Metaspace       used 35392K, committed 35840K, reserved 1114112K
  class space    used 4097K, committed 4288K, reserved 1048576K
}
Event: 10.289 GC heap before
{Heap before GC invocations=15 (full 0):
 garbage-first heap   total 94208K, used 28620K [0x0000000083000000, 0x0000000100000000)
  region size 1024K, 12 young (12288K), 6 survivors (6144K)
 Metaspace       used 35727K, committed 36096K, reserved 1114112K
  class space    used 4124K, committed 4288K, reserved 1048576K
}
Event: 10.301 GC heap after
{Heap after GC invocations=16 (full 0):
 garbage-first heap   total 94208K, used 23333K [0x0000000083000000, 0x0000000100000000)
  region size 1024K, 4 young (4096K), 4 survivors (4096K)
 Metaspace       used 35727K, committed 36096K, reserved 1114112K
  class space    used 4124K, committed 4288K, reserved 1048576K
}
Event: 12.082 GC heap before
{Heap before GC invocations=17 (full 0):
 garbage-first heap   total 81920K, used 75557K [0x0000000083000000, 0x0000000100000000)
  region size 1024K, 55 young (56320K), 4 survivors (4096K)
 Metaspace       used 36905K, committed 37376K, reserved 1114112K
  class space    used 4206K, committed 4416K, reserved 1048576K
}
Event: 12.104 GC heap after
{Heap after GC invocations=18 (full 0):
 garbage-first heap   total 82944K, used 25774K [0x0000000083000000, 0x0000000100000000)
  region size 1024K, 6 young (6144K), 6 survivors (6144K)
 Metaspace       used 36905K, committed 37376K, reserved 1114112K
  class space    used 4206K, committed 4416K, reserved 1048576K
}

Dll operation events (12 events):
Event: 0.018 Loaded shared library C:\Users\bdjar\AppData\Local\Programs\Eclipse Adoptium\jdk-21.0.6.7-hotspot\bin\java.dll
Event: 0.080 Loaded shared library C:\Users\bdjar\AppData\Local\Programs\Eclipse Adoptium\jdk-21.0.6.7-hotspot\bin\jsvml.dll
Event: 0.164 Loaded shared library C:\Users\bdjar\AppData\Local\Programs\Eclipse Adoptium\jdk-21.0.6.7-hotspot\bin\zip.dll
Event: 0.173 Loaded shared library C:\Users\bdjar\AppData\Local\Programs\Eclipse Adoptium\jdk-21.0.6.7-hotspot\bin\instrument.dll
Event: 0.183 Loaded shared library C:\Users\bdjar\AppData\Local\Programs\Eclipse Adoptium\jdk-21.0.6.7-hotspot\bin\net.dll
Event: 0.187 Loaded shared library C:\Users\bdjar\AppData\Local\Programs\Eclipse Adoptium\jdk-21.0.6.7-hotspot\bin\nio.dll
Event: 0.189 Loaded shared library C:\Users\bdjar\AppData\Local\Programs\Eclipse Adoptium\jdk-21.0.6.7-hotspot\bin\zip.dll
Event: 0.314 Loaded shared library C:\Users\bdjar\AppData\Local\Programs\Eclipse Adoptium\jdk-21.0.6.7-hotspot\bin\verify.dll
Event: 0.344 Loaded shared library C:\Users\bdjar\AppData\Local\Programs\Eclipse Adoptium\jdk-21.0.6.7-hotspot\bin\jimage.dll
Event: 0.710 Loaded shared library C:\Users\bdjar\AppData\Local\Programs\Eclipse Adoptium\jdk-21.0.6.7-hotspot\bin\management.dll
Event: 0.716 Loaded shared library C:\Users\bdjar\AppData\Local\Programs\Eclipse Adoptium\jdk-21.0.6.7-hotspot\bin\management_ext.dll
Event: 9.751 Loaded shared library C:\Users\bdjar\AppData\Local\Programs\Eclipse Adoptium\jdk-21.0.6.7-hotspot\bin\sunmscapi.dll

Deoptimization events (20 events):
Event: 11.973 Thread 0x00000211cc10d7a0 Uncommon trap: trap_request=0xffffffd6 fr.pc=0x00000211deae22a8 relative=0x0000000000000188
Event: 11.973 Thread 0x00000211cc10d7a0 Uncommon trap: reason=array_check action=maybe_recompile pc=0x00000211deae22a8 method=java.util.Arrays$ArrayList.set(ILjava/lang/Object;)Ljava/lang/Object; @ 13 c2
Event: 11.973 Thread 0x00000211cc10d7a0 DEOPT PACKING pc=0x00000211deae22a8 sp=0x00000071098fd8f0
Event: 11.973 Thread 0x00000211cc10d7a0 DEOPT UNPACKING pc=0x00000211de1b46a2 sp=0x00000071098fd890 mode 2
Event: 11.973 Thread 0x00000211cc10d7a0 Uncommon trap: trap_request=0xffffffd6 fr.pc=0x00000211deae22a8 relative=0x0000000000000188
Event: 11.973 Thread 0x00000211cc10d7a0 Uncommon trap: reason=array_check action=maybe_recompile pc=0x00000211deae22a8 method=java.util.Arrays$ArrayList.set(ILjava/lang/Object;)Ljava/lang/Object; @ 13 c2
Event: 11.973 Thread 0x00000211cc10d7a0 DEOPT PACKING pc=0x00000211deae22a8 sp=0x00000071098fd8f0
Event: 11.973 Thread 0x00000211cc10d7a0 DEOPT UNPACKING pc=0x00000211de1b46a2 sp=0x00000071098fd890 mode 2
Event: 11.973 Thread 0x00000211cc10d7a0 Uncommon trap: trap_request=0xffffffd6 fr.pc=0x00000211deae22a8 relative=0x0000000000000188
Event: 11.973 Thread 0x00000211cc10d7a0 Uncommon trap: reason=array_check action=maybe_recompile pc=0x00000211deae22a8 method=java.util.Arrays$ArrayList.set(ILjava/lang/Object;)Ljava/lang/Object; @ 13 c2
Event: 11.973 Thread 0x00000211cc10d7a0 DEOPT PACKING pc=0x00000211deae22a8 sp=0x00000071098fd8f0
Event: 11.973 Thread 0x00000211cc10d7a0 DEOPT UNPACKING pc=0x00000211de1b46a2 sp=0x00000071098fd890 mode 2
Event: 12.541 Thread 0x00000211cc10d7a0 Uncommon trap: trap_request=0xffffff45 fr.pc=0x00000211deabd73c relative=0x000000000000035c
Event: 12.541 Thread 0x00000211cc10d7a0 Uncommon trap: reason=unstable_if action=reinterpret pc=0x00000211deabd73c method=java.util.HashMap.getNode(Ljava/lang/Object;)Ljava/util/HashMap$Node; @ 66 c2
Event: 12.541 Thread 0x00000211cc10d7a0 DEOPT PACKING pc=0x00000211deabd73c sp=0x00000071098fb9f0
Event: 12.541 Thread 0x00000211cc10d7a0 DEOPT UNPACKING pc=0x00000211de1b46a2 sp=0x00000071098fb910 mode 2
Event: 12.541 Thread 0x00000211cc10d7a0 Uncommon trap: trap_request=0xffffffde fr.pc=0x00000211de798014 relative=0x0000000000000334
Event: 12.541 Thread 0x00000211cc10d7a0 Uncommon trap: reason=class_check action=maybe_recompile pc=0x00000211de798014 method=java.util.HashMap.getNode(Ljava/lang/Object;)Ljava/util/HashMap$Node; @ 128 c2
Event: 12.541 Thread 0x00000211cc10d7a0 DEOPT PACKING pc=0x00000211de798014 sp=0x00000071098fb990
Event: 12.541 Thread 0x00000211cc10d7a0 DEOPT UNPACKING pc=0x00000211de1b46a2 sp=0x00000071098fb908 mode 2

Classes loaded (20 events):
Event: 12.641 Loading class sun/security/jca/ProviderList$ServiceList
Event: 12.641 Loading class sun/security/jca/ProviderList$ServiceList done
Event: 12.642 Loading class sun/security/jca/ProviderList$ServiceList$1
Event: 12.642 Loading class sun/security/jca/ProviderList$ServiceList$1 done
Event: 12.642 Loading class javax/crypto/JceSecurity
Event: 12.642 Loading class javax/crypto/JceSecurity done
Event: 12.642 Loading class javax/crypto/JceSecurity$1
Event: 12.642 Loading class javax/crypto/JceSecurity$1 done
Event: 12.643 Loading class sun/nio/fs/WindowsFileSystemProvider$1
Event: 12.643 Loading class sun/nio/fs/WindowsFileSystemProvider$1 done
Event: 12.650 Loading class sun/nio/fs/Globs
Event: 12.652 Loading class sun/nio/fs/Globs done
Event: 12.653 Loading class java/util/regex/Pattern$SliceU
Event: 12.653 Loading class java/util/regex/Pattern$SliceU done
Event: 12.653 Loading class sun/nio/fs/WindowsFileSystem$2
Event: 12.653 Loading class java/nio/file/PathMatcher
Event: 12.653 Loading class java/nio/file/PathMatcher done
Event: 12.653 Loading class sun/nio/fs/WindowsFileSystem$2 done
Event: 12.653 Loading class java/nio/file/Files$1
Event: 12.653 Loading class java/nio/file/Files$1 done

Classes unloaded (0 events):
No events

Classes redefined (0 events):
No events

Internal exceptions (20 events):
Event: 10.172 Thread 0x00000211cc10d7a0 Exception <a 'java/lang/NoSuchMethodError'{0x0000000085d34300}: 'int java.lang.invoke.DirectMethodHandle$Holder.invokeStaticInit(java.lang.Object, float, float)'> (0x0000000085d34300) 
thrown [s\src\hotspot\share\interpreter\linkResolver.cpp, line 773]
Event: 10.172 Thread 0x00000211cc10d7a0 Exception <a 'java/lang/NoSuchMethodError'{0x0000000085d3b4a0}: 'int java.lang.invoke.DirectMethodHandle$Holder.invokeStaticInit(java.lang.Object, double, double)'> (0x0000000085d3b4a0) 
thrown [s\src\hotspot\share\interpreter\linkResolver.cpp, line 773]
Event: 10.173 Thread 0x00000211cc10d7a0 Exception <a 'java/lang/NoSuchMethodError'{0x0000000085d400a8}: 'int java.lang.invoke.DirectMethodHandle$Holder.invokeStatic(java.lang.Object, long)'> (0x0000000085d400a8) 
thrown [s\src\hotspot\share\interpreter\linkResolver.cpp, line 773]
Event: 10.175 Thread 0x00000211cc10d7a0 Exception <a 'java/lang/NoSuchMethodError'{0x0000000085d5f620}: 'int java.lang.invoke.DirectMethodHandle$Holder.invokeSpecial(java.lang.Object, java.lang.Object, int)'> (0x0000000085d5f620) 
thrown [s\src\hotspot\share\interpreter\linkResolver.cpp, line 773]
Event: 10.176 Thread 0x00000211cc10d7a0 Exception <a 'java/lang/NoSuchMethodError'{0x0000000085d672c0}: 'int java.lang.invoke.Invokers$Holder.linkToTargetMethod(java.lang.Object, java.lang.Object)'> (0x0000000085d672c0) 
thrown [s\src\hotspot\share\interpreter\linkResolver.cpp, line 773]
Event: 10.203 Thread 0x00000211cc10d7a0 Exception <a 'java/lang/NoSuchMethodError'{0x0000000085847e98}: 'java.lang.Object java.lang.invoke.Invokers$Holder.invoke_MT(java.lang.Object, java.lang.Object, java.lang.Object, java.lang.Object, java.lang.Object, java.lang.Object, java.lang.Object, java.lang.Object, java.lang.Object, java.lang.Object)'> (0x0000000085847e98) 
thrown [s\src\hotspot\share\interpreter\linkResolver.cpp, line 773]
Event: 10.210 Thread 0x00000211cc10d7a0 Exception <a 'java/lang/NoSuchMethodError'{0x00000000858bc610}: 'java.lang.Object java.lang.invoke.DirectMethodHandle$Holder.invokeSpecial(java.lang.Object, java.lang.Object, int, java.lang.Object, java.lang.Object)'> (0x00000000858bc610) 
thrown [s\src\hotspot\share\interpreter\linkResolver.cpp, line 773]
Event: 10.210 Thread 0x00000211cc10d7a0 Exception <a 'java/lang/NoSuchMethodError'{0x00000000858c05b0}: 'java.lang.Object java.lang.invoke.DelegatingMethodHandle$Holder.delegate(java.lang.Object, int, java.lang.Object, java.lang.Object)'> (0x00000000858c05b0) 
thrown [s\src\hotspot\share\interpreter\linkResolver.cpp, line 773]
Event: 10.210 Thread 0x00000211cc10d7a0 Implicit null exception at 0x00000211de96c80d to 0x00000211de96cac8
Event: 10.211 Thread 0x00000211cc10d7a0 Exception <a 'java/lang/NoSuchMethodError'{0x00000000858d1228}: 'int java.lang.invoke.Invokers$Holder.linkToTargetMethod(java.lang.Object, java.lang.Object, java.lang.Object)'> (0x00000000858d1228) 
thrown [s\src\hotspot\share\interpreter\linkResolver.cpp, line 773]
Event: 10.252 Thread 0x00000211cc10d7a0 Implicit null exception at 0x00000211de7c34e5 to 0x00000211de7c36ac
Event: 10.389 Thread 0x00000211cc10d7a0 Exception <a 'java/lang/NoClassDefFoundError'{0x0000000087497de0}: liquibase/exception/ChangeLogParseException> (0x0000000087497de0) 
thrown [s\src\hotspot\share\classfile\systemDictionary.cpp, line 301]
Event: 10.421 Thread 0x00000211cc10d7a0 Implicit null exception at 0x00000211de74aaa4 to 0x00000211de74b13c
Event: 10.434 Thread 0x00000211cc10d7a0 Implicit null exception at 0x00000211de740320 to 0x00000211de7409bc
Event: 11.667 Thread 0x00000211cc10d7a0 Implicit null exception at 0x00000211de860e24 to 0x00000211de861bb0
Event: 11.900 Thread 0x00000211cc10d7a0 Exception <a 'java/lang/NoClassDefFoundError'{0x0000000084ddb2e8}: liquibase/exception/ChangeLogParseException> (0x0000000084ddb2e8) 
thrown [s\src\hotspot\share\classfile\systemDictionary.cpp, line 301]
Event: 12.195 Thread 0x00000211cc10d7a0 Exception <a 'java/lang/NoSuchMethodError'{0x00000000878648c8}: 'void java.lang.invoke.Invokers$Holder.invokeExact_MT(java.lang.Object, java.lang.Object, java.lang.Object, java.lang.Object)'> (0x00000000878648c8) 
thrown [s\src\hotspot\share\interpreter\linkResolver.cpp, line 773]
Event: 12.273 Thread 0x00000211cc10d7a0 Exception <a 'java/lang/NoSuchMethodError'{0x0000000087492d88}: 'java.lang.Object java.lang.invoke.DirectMethodHandle$Holder.invokeStaticInit(java.lang.Object, int, int, int, int)'> (0x0000000087492d88) 
thrown [s\src\hotspot\share\interpreter\linkResolver.cpp, line 773]
Event: 12.351 Thread 0x00000211cc10d7a0 Exception <a 'java/lang/NoSuchMethodError'{0x000000008736f6e0}: 'java.lang.Object java.lang.invoke.DirectMethodHandle$Holder.invokeStaticInit(java.lang.Object, java.lang.Object, int, int, int, int)'> (0x000000008736f6e0) 
thrown [s\src\hotspot\share\interpreter\linkResolver.cpp, line 773]
Event: 12.643 Thread 0x00000211cc10d7a0 Exception <a 'sun/nio/fs/WindowsException'{0x0000000086441030}> (0x0000000086441030) 
thrown [s\src\hotspot\share\prims\jni.cpp, line 520]

ZGC Phase Switch (0 events):
No events

VM Operations (20 events):
Event: 10.223 Executing VM operation: G1CollectForAllocation (G1 Evacuation Pause)
Event: 10.230 Executing VM operation: G1CollectForAllocation (G1 Evacuation Pause) done
Event: 10.289 Executing VM operation: CollectForMetadataAllocation (Metadata GC Threshold)
Event: 10.301 Executing VM operation: CollectForMetadataAllocation (Metadata GC Threshold) done
Event: 10.321 Executing VM operation: G1PauseRemark
Event: 10.328 Executing VM operation: G1PauseRemark done
Event: 10.335 Executing VM operation: G1PauseCleanup
Event: 10.335 Executing VM operation: G1PauseCleanup done
Event: 10.770 Executing VM operation: ICBufferFull
Event: 10.770 Executing VM operation: ICBufferFull done
Event: 11.562 Executing VM operation: ICBufferFull
Event: 11.563 Executing VM operation: ICBufferFull done
Event: 12.082 Executing VM operation: G1CollectForAllocation (G1 Evacuation Pause)
Event: 12.104 Executing VM operation: G1CollectForAllocation (G1 Evacuation Pause) done
Event: 12.120 Executing VM operation: HandshakeAllThreads (Deoptimize)
Event: 12.121 Executing VM operation: HandshakeAllThreads (Deoptimize) done
Event: 12.498 Executing VM operation: HandshakeAllThreads (Deoptimize)
Event: 12.498 Executing VM operation: HandshakeAllThreads (Deoptimize) done
Event: 12.663 Executing VM operation: HandshakeAllThreads (Deoptimize)
Event: 12.663 Executing VM operation: HandshakeAllThreads (Deoptimize) done

Memory protections (0 events):
No events

Nmethod flushes (20 events):
Event: 10.327 Thread 0x00000211eb0b3e10 flushing  nmethod 0x00000211d723f710
Event: 10.327 Thread 0x00000211eb0b3e10 flushing  nmethod 0x00000211d7249b10
Event: 10.327 Thread 0x00000211eb0b3e10 flushing  nmethod 0x00000211d724fe10
Event: 10.327 Thread 0x00000211eb0b3e10 flushing  nmethod 0x00000211d728c210
Event: 10.327 Thread 0x00000211eb0b3e10 flushing  nmethod 0x00000211d72a0690
Event: 10.327 Thread 0x00000211eb0b3e10 flushing  nmethod 0x00000211d72a1610
Event: 10.327 Thread 0x00000211eb0b3e10 flushing  nmethod 0x00000211d72ac710
Event: 10.327 Thread 0x00000211eb0b3e10 flushing  nmethod 0x00000211d72b0a10
Event: 10.327 Thread 0x00000211eb0b3e10 flushing  nmethod 0x00000211d72b4990
Event: 10.327 Thread 0x00000211eb0b3e10 flushing  nmethod 0x00000211d72b6a90
Event: 10.327 Thread 0x00000211eb0b3e10 flushing  nmethod 0x00000211d7307e10
Event: 10.327 Thread 0x00000211eb0b3e10 flushing  nmethod 0x00000211d7321b90
Event: 10.327 Thread 0x00000211eb0b3e10 flushing  nmethod 0x00000211d7361390
Event: 10.327 Thread 0x00000211eb0b3e10 flushing  nmethod 0x00000211d7365010
Event: 10.327 Thread 0x00000211eb0b3e10 flushing  nmethod 0x00000211d7365390
Event: 10.327 Thread 0x00000211eb0b3e10 flushing  nmethod 0x00000211d7365910
Event: 10.327 Thread 0x00000211eb0b3e10 flushing  nmethod 0x00000211d737fe10
Event: 10.327 Thread 0x00000211eb0b3e10 flushing  nmethod 0x00000211d7380190
Event: 10.327 Thread 0x00000211eb0b3e10 flushing  nmethod 0x00000211d7398190
Event: 10.327 Thread 0x00000211eb0b3e10 flushing  nmethod 0x00000211d73c1410

Events (20 events):
Event: 0.119 Thread 0x00000211cc10d7a0 Thread added: 0x00000211eb09f8b0
Event: 0.201 Thread 0x00000211eb0f06f0 Thread added: 0x00000211eb37fd30
Event: 0.437 Thread 0x00000211cc10d7a0 Thread added: 0x00000211eba4a450
Event: 0.779 Thread 0x00000211cc10d7a0 Thread added: 0x00000211ebb8b2b0
Event: 0.844 Thread 0x00000211cc10d7a0 Thread added: 0x00000211ebb57d90
Event: 1.382 Thread 0x00000211eb0f06f0 Thread added: 0x00000211f24d90f0
Event: 2.740 Thread 0x00000211f24d90f0 Thread exited: 0x00000211f24d90f0
Event: 2.849 Thread 0x00000211eb37fd30 Thread exited: 0x00000211eb37fd30
Event: 3.574 Thread 0x00000211eb0f06f0 Thread added: 0x00000211eb37fd30
Event: 3.601 Thread 0x00000211eb0f06f0 Thread added: 0x00000211f24d90f0
Event: 5.727 Thread 0x00000211eb37fd30 Thread exited: 0x00000211eb37fd30
Event: 5.727 Thread 0x00000211f24d90f0 Thread exited: 0x00000211f24d90f0
Event: 5.744 Thread 0x00000211eb0f06f0 Thread added: 0x00000211eb37fd30
Event: 5.869 Thread 0x00000211eb0f06f0 Thread added: 0x00000211f0cbc830
Event: 7.831 Thread 0x00000211cc10d7a0 Thread added: 0x00000211f1f6e080
Event: 8.867 Thread 0x00000211cc10d7a0 Thread added: 0x00000211f1ad1420
Event: 8.903 Thread 0x00000211f1ad1420 Thread exited: 0x00000211f1ad1420
Event: 9.804 Thread 0x00000211f1f6e080 Thread exited: 0x00000211f1f6e080
Event: 11.198 Thread 0x00000211cc10d7a0 Thread added: 0x00000211f03ba120
Event: 11.202 Thread 0x00000211f03ba120 Thread exited: 0x00000211f03ba120


Dynamic libraries:
0x00007ff673cb0000 - 0x00007ff673cbe000 	C:\Users\bdjar\AppData\Local\Programs\Eclipse Adoptium\jdk-21.0.6.7-hotspot\bin\java.exe
0x00007ffd2fd20000 - 0x00007ffd2ff85000 	C:\WINDOWS\SYSTEM32\ntdll.dll
0x00007ffd2e970000 - 0x00007ffd2ea39000 	C:\WINDOWS\System32\KERNEL32.DLL
0x00007ffd2cf10000 - 0x00007ffd2d2f8000 	C:\WINDOWS\System32\KERNELBASE.dll
0x00007ffd2d3e0000 - 0x00007ffd2d52b000 	C:\WINDOWS\System32\ucrtbase.dll
0x00007ffd08310000 - 0x00007ffd0832e000 	C:\Users\bdjar\AppData\Local\Programs\Eclipse Adoptium\jdk-21.0.6.7-hotspot\bin\VCRUNTIME140.dll
0x00007ffd068d0000 - 0x00007ffd068e8000 	C:\Users\bdjar\AppData\Local\Programs\Eclipse Adoptium\jdk-21.0.6.7-hotspot\bin\jli.dll
0x00007ffd2e210000 - 0x00007ffd2e3da000 	C:\WINDOWS\System32\USER32.dll
0x00007ffd2d3b0000 - 0x00007ffd2d3d7000 	C:\WINDOWS\System32\win32u.dll
0x00007ffd0c300000 - 0x00007ffd0c59a000 	C:\WINDOWS\WinSxS\amd64_microsoft.windows.common-controls_6595b64144ccf1df_6.0.26100.4202_none_3e0698d4e335f517\COMCTL32.dll
0x00007ffd2dc80000 - 0x00007ffd2dcab000 	C:\WINDOWS\System32\GDI32.dll
0x00007ffd2e590000 - 0x00007ffd2e639000 	C:\WINDOWS\System32\msvcrt.dll
0x00007ffd2d980000 - 0x00007ffd2dab7000 	C:\WINDOWS\System32\gdi32full.dll
0x00007ffd2d300000 - 0x00007ffd2d3a3000 	C:\WINDOWS\System32\msvcp_win.dll
0x00007ffd2dd70000 - 0x00007ffd2dda0000 	C:\WINDOWS\System32\IMM32.DLL
0x00007ffd24ec0000 - 0x00007ffd24ecc000 	C:\Users\bdjar\AppData\Local\Programs\Eclipse Adoptium\jdk-21.0.6.7-hotspot\bin\vcruntime140_1.dll
0x00007ffcfc6d0000 - 0x00007ffcfc75d000 	C:\Users\bdjar\AppData\Local\Programs\Eclipse Adoptium\jdk-21.0.6.7-hotspot\bin\msvcp140.dll
0x00007ffc7b790000 - 0x00007ffc7c520000 	C:\Users\bdjar\AppData\Local\Programs\Eclipse Adoptium\jdk-21.0.6.7-hotspot\bin\server\jvm.dll
0x00007ffd2dcb0000 - 0x00007ffd2dd63000 	C:\WINDOWS\System32\ADVAPI32.dll
0x00007ffd2ecb0000 - 0x00007ffd2ed56000 	C:\WINDOWS\System32\sechost.dll
0x00007ffd2ed60000 - 0x00007ffd2ee75000 	C:\WINDOWS\System32\RPCRT4.dll
0x00007ffd2dc00000 - 0x00007ffd2dc74000 	C:\WINDOWS\System32\WS2_32.dll
0x00007ffd2ba70000 - 0x00007ffd2bace000 	C:\WINDOWS\SYSTEM32\POWRPROF.dll
0x00007ffd25650000 - 0x00007ffd2565b000 	C:\WINDOWS\SYSTEM32\VERSION.dll
0x00007ffd12d00000 - 0x00007ffd12d35000 	C:\WINDOWS\SYSTEM32\WINMM.dll
0x00007ffd2ba50000 - 0x00007ffd2ba64000 	C:\WINDOWS\SYSTEM32\UMPDC.dll
0x00007ffd2bd50000 - 0x00007ffd2bd6b000 	C:\WINDOWS\SYSTEM32\kernel.appcore.dll
0x00007ffd10700000 - 0x00007ffd1070a000 	C:\Users\bdjar\AppData\Local\Programs\Eclipse Adoptium\jdk-21.0.6.7-hotspot\bin\jimage.dll
0x00007ffd2a620000 - 0x00007ffd2a861000 	C:\WINDOWS\SYSTEM32\DBGHELP.DLL
0x00007ffd2ddf0000 - 0x00007ffd2e175000 	C:\WINDOWS\System32\combase.dll
0x00007ffd2db10000 - 0x00007ffd2dbf1000 	C:\WINDOWS\System32\OLEAUT32.dll
0x00007ffd0a8d0000 - 0x00007ffd0a909000 	C:\WINDOWS\SYSTEM32\dbgcore.DLL
0x00007ffd2ce70000 - 0x00007ffd2cf09000 	C:\WINDOWS\System32\bcryptPrimitives.dll
0x00007ffd103f0000 - 0x00007ffd103ff000 	C:\Users\bdjar\AppData\Local\Programs\Eclipse Adoptium\jdk-21.0.6.7-hotspot\bin\instrument.dll
0x00007ffd05e60000 - 0x00007ffd05e7f000 	C:\Users\bdjar\AppData\Local\Programs\Eclipse Adoptium\jdk-21.0.6.7-hotspot\bin\java.dll
0x00007ffd2f590000 - 0x00007ffd2fcd2000 	C:\WINDOWS\System32\SHELL32.dll
0x00007ffd2d680000 - 0x00007ffd2d7f4000 	C:\WINDOWS\System32\wintypes.dll
0x00007ffd2aae0000 - 0x00007ffd2b338000 	C:\WINDOWS\SYSTEM32\windows.storage.dll
0x00007ffd2e870000 - 0x00007ffd2e961000 	C:\WINDOWS\System32\SHCORE.dll
0x00007ffd2e7f0000 - 0x00007ffd2e85a000 	C:\WINDOWS\System32\shlwapi.dll
0x00007ffd2cd80000 - 0x00007ffd2cdaf000 	C:\WINDOWS\SYSTEM32\profapi.dll
0x00007ffce3310000 - 0x00007ffce33e7000 	C:\Users\bdjar\AppData\Local\Programs\Eclipse Adoptium\jdk-21.0.6.7-hotspot\bin\jsvml.dll
0x00007ffcfc430000 - 0x00007ffcfc448000 	C:\Users\bdjar\AppData\Local\Programs\Eclipse Adoptium\jdk-21.0.6.7-hotspot\bin\zip.dll
0x00007ffd083f0000 - 0x00007ffd08400000 	C:\Users\bdjar\AppData\Local\Programs\Eclipse Adoptium\jdk-21.0.6.7-hotspot\bin\net.dll
0x00007ffd243a0000 - 0x00007ffd244be000 	C:\WINDOWS\SYSTEM32\WINHTTP.dll
0x00007ffd2c2c0000 - 0x00007ffd2c32a000 	C:\WINDOWS\system32\mswsock.dll
0x00007ffd05960000 - 0x00007ffd05976000 	C:\Users\bdjar\AppData\Local\Programs\Eclipse Adoptium\jdk-21.0.6.7-hotspot\bin\nio.dll
0x00007ffd08190000 - 0x00007ffd081a0000 	C:\Users\bdjar\AppData\Local\Programs\Eclipse Adoptium\jdk-21.0.6.7-hotspot\bin\verify.dll
0x00007ffd02950000 - 0x00007ffd02968000 	C:\WINDOWS\system32\napinsp.dll
0x00007ffd2b790000 - 0x00007ffd2b8b7000 	C:\WINDOWS\SYSTEM32\DNSAPI.dll
0x00007ffd2b6f0000 - 0x00007ffd2b723000 	C:\WINDOWS\SYSTEM32\IPHLPAPI.DLL
0x00007ffd2e860000 - 0x00007ffd2e86a000 	C:\WINDOWS\System32\NSI.dll
0x00007ffd03080000 - 0x00007ffd03092000 	C:\WINDOWS\System32\winrnr.dll
0x00007ffd027a0000 - 0x00007ffd027d0000 	C:\WINDOWS\system32\nlansp_c.dll
0x00007ffd23170000 - 0x00007ffd23190000 	C:\WINDOWS\system32\wshbth.dll
0x00007ffd252b0000 - 0x00007ffd252bb000 	C:\Windows\System32\rasadhlp.dll
0x00007ffd22d00000 - 0x00007ffd22d86000 	C:\WINDOWS\System32\fwpuclnt.dll
0x00007ffd103e0000 - 0x00007ffd103ea000 	C:\Users\bdjar\AppData\Local\Programs\Eclipse Adoptium\jdk-21.0.6.7-hotspot\bin\management.dll
0x00007ffd07af0000 - 0x00007ffd07afb000 	C:\Users\bdjar\AppData\Local\Programs\Eclipse Adoptium\jdk-21.0.6.7-hotspot\bin\management_ext.dll
0x00007ffd2e760000 - 0x00007ffd2e768000 	C:\WINDOWS\System32\PSAPI.DLL
0x00007ffd06910000 - 0x00007ffd0691e000 	C:\Users\bdjar\AppData\Local\Programs\Eclipse Adoptium\jdk-21.0.6.7-hotspot\bin\sunmscapi.dll
0x00007ffd2d800000 - 0x00007ffd2d977000 	C:\WINDOWS\System32\CRYPT32.dll
0x00007ffd2c790000 - 0x00007ffd2c7c0000 	C:\WINDOWS\SYSTEM32\ncrypt.dll
0x00007ffd2c740000 - 0x00007ffd2c77f000 	C:\WINDOWS\SYSTEM32\NTASN1.dll
0x00007ffd2c570000 - 0x00007ffd2c58b000 	C:\WINDOWS\SYSTEM32\CRYPTSP.dll
0x00007ffd2bcb0000 - 0x00007ffd2bcea000 	C:\WINDOWS\system32\rsaenh.dll
0x00007ffd2c360000 - 0x00007ffd2c38b000 	C:\WINDOWS\SYSTEM32\USERENV.dll
0x00007ffd2cd50000 - 0x00007ffd2cd76000 	C:\WINDOWS\SYSTEM32\bcrypt.dll
0x00007ffd2c590000 - 0x00007ffd2c59c000 	C:\WINDOWS\SYSTEM32\CRYPTBASE.dll

dbghelp: loaded successfully - version: 4.0.5 - missing functions: none
symbol engine: initialized successfully - sym options: 0x614 - pdb path: .;C:\Users\bdjar\AppData\Local\Programs\Eclipse Adoptium\jdk-21.0.6.7-hotspot\bin;C:\WINDOWS\SYSTEM32;C:\WINDOWS\WinSxS\amd64_microsoft.windows.common-controls_6595b64144ccf1df_6.0.26100.4202_none_3e0698d4e335f517;C:\Users\bdjar\AppData\Local\Programs\Eclipse Adoptium\jdk-21.0.6.7-hotspot\bin\server

VM Arguments:
jvm_args: -javaagent:C:\\Users\\bdjar\\.m2\\repository\\org\\jacoco\\org.jacoco.agent\\0.8.11\\org.jacoco.agent-0.8.11-runtime.jar=destfile=C:\\Users\\bdjar\\Desktop\\appb3\\ticketjo-backend\\target\\jacoco.exec 
java_command: C:\Users\bdjar\AppData\Local\Temp\surefire10512179025948526535\surefirebooter-20250621154654002_3.jar C:\Users\bdjar\AppData\Local\Temp\surefire10512179025948526535 2025-06-21T15-46-53_622-jvmRun1 surefire-20250621154654002_1tmp surefire_0-20250621154654002_2tmp
java_class_path (initial): C:\Users\bdjar\AppData\Local\Temp\surefire10512179025948526535\surefirebooter-20250621154654002_3.jar
Launcher Type: SUN_STANDARD

[Global flags]
     intx CICompilerCount                          = 4                                         {product} {ergonomic}
     uint ConcGCThreads                            = 2                                         {product} {ergonomic}
     uint G1ConcRefinementThreads                  = 8                                         {product} {ergonomic}
   size_t G1HeapRegionSize                         = 1048576                                   {product} {ergonomic}
    uintx GCDrainStackTargetSize                   = 64                                        {product} {ergonomic}
   size_t InitialHeapSize                          = 132120576                                 {product} {ergonomic}
   size_t MarkStackSize                            = 4194304                                   {product} {ergonomic}
   size_t MaxHeapSize                              = 2097152000                                {product} {ergonomic}
   size_t MaxNewSize                               = 1258291200                                {product} {ergonomic}
   size_t MinHeapDeltaBytes                        = 1048576                                   {product} {ergonomic}
   size_t MinHeapSize                              = 8388608                                   {product} {ergonomic}
    uintx NonNMethodCodeHeapSize                   = 5839372                                {pd product} {ergonomic}
    uintx NonProfiledCodeHeapSize                  = 122909434                              {pd product} {ergonomic}
    uintx ProfiledCodeHeapSize                     = 122909434                              {pd product} {ergonomic}
    uintx ReservedCodeCacheSize                    = 251658240                              {pd product} {ergonomic}
     bool SegmentedCodeCache                       = true                                      {product} {ergonomic}
   size_t SoftMaxHeapSize                          = 2097152000                             {manageable} {ergonomic}
     bool UseCompressedOops                        = true                           {product lp64_product} {ergonomic}
     bool UseG1GC                                  = true                                      {product} {ergonomic}
     bool UseLargePagesIndividualAllocation        = false                                  {pd product} {ergonomic}

Logging:
Log output configuration:
 #0: stdout all=warning uptime,level,tags foldmultilines=false
 #1: stderr all=off uptime,level,tags foldmultilines=false

Environment Variables:
JAVA_HOME=C:/Users/bdjar/AppData/Local/Programs/Eclipse Adoptium/jdk-21.0.6.7-hotspot
PATH=C:\Users\bdjar\bin;C:\Program Files\Git\mingw64\bin;C:\Program Files\Git\usr\local\bin;C:\Program Files\Git\usr\bin;C:\Program Files\Git\usr\bin;C:\Program Files\Git\mingw64\bin;C:\Program Files\Git\usr\bin;C:\Users\bdjar\bin;C:\Users\bdjar\Downloads\sts-4.22.0.RELEASE\plugins\org.eclipse.justj.openjdk.hotspot.jre.full.win32.x86_64_17.0.10.v20240120-1143\jre\bin\server;C:\Users\bdjar\Downloads\sts-4.22.0.RELEASE\plugins\org.eclipse.justj.openjdk.hotspot.jre.full.win32.x86_64_17.0.10.v20240120-1143\jre\bin;C:\maven\apache-maven-3.9.6\bin;C:\WINDOWS\system32;C:\WINDOWS;C:\WINDOWS\System32\Wbem;C:\WINDOWS\System32\WindowsPowerShell\v1.0;C:\WINDOWS\System32\OpenSSH;C:\Program Files\Symfony;C:\Program Files (x86)\Yarn\bin;C:\Program Files\Docker\Docker\resources\bin;C:\Program Files\nodejs;C:\Program Files\Git\cmd;C:\Program Files\apache-maven\bin;C:\ProgramData\ComposerSetup\bin;C:\Users\bdjar\AppData\Local\Programs\Python\Python311\Scripts;C:\Users\bdjar\AppData\Local\Programs\Python\Python311;C:\Users\bdjar\scoop\shims;C:\Program Files\MySQL\MySQL Shell 8.0\bin;C:\Users\bdjar\AppData\Local\Microsoft\WindowsApps;C:\Users\bdjar\AppData\Local\Programs\Microsoft VS Code\bin;C:\Users\bdjar\composer;C:\Users\bdjar\AppData\Roaming\Composer\vendor\bin;C:\Users\bdjar\AppData\Local\GitHubDesktop\bin;C:\Users\bdjar\AppData\Local\Yarn\bin;C:\Users\bdjar\AppData\Roaming\npm;C:\Program Files\php-8.2.9;C:\Program Files\heroku\bin;C:\WINDOWS\system32;C:\WINDOWS;C:\WINDOWS\System32\Wbem;C:\WINDOWS\System32\WindowsPowerShell\v1.0;C:\WINDOWS\System32\OpenSSH;C:\Users\bdjar\AppData\Local\Programs\Eclipse Adoptium\jdk-21.0.6.7-hotspot\bin;C:\Program Files\MySQL\MySQL Shell 8.0\bin;C:\Users\bdjar\AppData\Local\Programs\Python\Python311\Scripts;C:\Users\bdjar\AppData\Local\Programs\Python\Python311;C:\Users\bdjar\scoop\shims;C:\Users\bdjar\AppData\Local\Microsoft\WindowsApps;C:\Users\bdjar\AppData\Local\Programs\Microsoft VS Code\bin;C:\Users\bdjar\composer;C:\Users\bdjar\AppData\Roaming\Composer\vendor\bin;C:\Users\bdjar\AppData\Local\GitHubDesktop\bin;C:\Users\bdjar\AppData\Local\Yarn\bin;C:\Users\bdjar\AppData\Roaming\npm;C:\Program Files\php-8.2.9;C:\Program Files\heroku\bin;C:\Program Files\JetBrains\IntelliJ IDEA 2024.3\bin;C:\Program Files\PostgreSQL\17\bin;C:\Program Files\mosquitto;C:\Users\bdjar\Downloads\sts-4.22.0.RELEASE;C:\Program Files\Git\usr\bin\vendor_perl;C:\Program Files\Git\usr\bin\core_perl
USERNAME=Bdjaraye
SHELL=C:\Program Files\Git\usr\bin\bash.exe
DISPLAY=needs-to-be-defined
LANG=fr_FR.UTF-8
TERM=xterm
TMPDIR=C:\Users\bdjar\AppData\Local\Temp
OS=Windows_NT
PROCESSOR_IDENTIFIER=Intel64 Family 6 Model 142 Stepping 12, GenuineIntel
TMP=C:\Users\bdjar\AppData\Local\Temp
TEMP=C:\Users\bdjar\AppData\Local\Temp




Periodic native trim disabled

---------------  S Y S T E M  ---------------

OS:
 Windows 11 , 64 bit Build 26100 (10.0.26100.4202)
OS uptime: 6 days 1:26 hours
Hyper-V role detected

CPU: total 8 (initial active 8) (4 cores per cpu, 2 threads per core) family 6 model 142 stepping 12 microcode 0xea, cx8, cmov, fxsr, ht, mmx, 3dnowpref, sse, sse2, sse3, ssse3, sse4.1, sse4.2, popcnt, lzcnt, tsc, tscinvbit, avx, avx2, aes, erms, clmul, bmi1, bmi2, adx, fma, vzeroupper, clflush, clflushopt, hv, rdtscp, f16c
Processor Information for the first 8 processors :
  Max Mhz: 2304, Current Mhz: 1803, Mhz Limit: 1797

Memory: 4k page, system-wide physical 7995M (430M free)
TotalPageFile size 32571M (AvailPageFile size 61M)
current process WorkingSet (physical memory assigned to process): 251M, peak: 251M
current process commit charge ("private bytes"): 288M, peak: 300M

vm_info: OpenJDK 64-Bit Server VM (21.0.6+7-LTS) for windows-amd64 JRE (21.0.6+7-LTS), built on 2025-01-21T00:00:00Z by "admin" with MS VC++ 17.7 (VS2022)

END.
