#
# There is insufficient memory for the Java Runtime Environment to continue.
# Native memory allocation (malloc) failed to allocate 2540176 bytes. Error detail: Chunk::new
# Possible reasons:
#   The system is out of physical RAM or swap space
#   This process is running with CompressedOops enabled, and the Java Heap may be blocking the growth of the native heap
# Possible solutions:
#   Reduce memory load on the system
#   Increase physical memory or swap space
#   Check if swap backing store is full
#   Decrease Java heap size (-Xmx/-Xms)
#   Decrease number of Java threads
#   Decrease Java thread stack sizes (-Xss)
#   Set larger code cache with -XX:ReservedCodeCacheSize=
#   JVM is running with Unscaled Compressed Oops mode in which the Java heap is
#     placed in the first 4GB address space. The Java Heap base address is the
#     maximum limit for the native heap growth. Please use -XX:HeapBaseMinAddress
#     to set the Java Heap base and to place the Java Heap above 4GB virtual address.
# This output file may be truncated or incomplete.
#
#  Out of Memory Error (arena.cpp:168), pid=118492, tid=138116
#
# JRE version: OpenJDK Runtime Environment Temurin-21.0.6+7 (21.0.6+7) (build 21.0.6+7-LTS)
# Java VM: OpenJDK 64-Bit Server VM Temurin-21.0.6+7 (21.0.6+7-LTS, mixed mode, sharing, tiered, compressed oops, compressed class ptrs, g1 gc, windows-amd64)
# No core dump will be written. Minidumps are not enabled by default on client versions of Windows
#

---------------  S U M M A R Y ------------

Command Line: -javaagent:C:\\Users\\bdjar\\.m2\\repository\\org\\jacoco\\org.jacoco.agent\\0.8.11\\org.jacoco.agent-0.8.11-runtime.jar=destfile=C:\\Users\\bdjar\\Desktop\\appb3\\ticketjo-backend\\target\\jacoco.exec C:\Users\bdjar\AppData\Local\Temp\surefire7416498055960593489\surefirebooter-20250513131718745_3.jar C:\Users\bdjar\AppData\Local\Temp\surefire7416498055960593489 2025-05-13T13-17-18_060-jvmRun1 surefire-20250513131718745_1tmp surefire_0-20250513131718745_2tmp

Host: Intel(R) Core(TM) i7-10510U CPU @ 1.80GHz, 8 cores, 7G,  Windows 11 , 64 bit Build 26100 (10.0.26100.3775)
Time: Tue May 13 13:17:24 2025 Paris, Madrid (heure duild 26100 (10.0.26100.3775) elapsed time: 4.421884 seconds (0d 0h 0m 4s)

---------------  T H R E A D  ---------------

Current thread (0x0000021372cf36a0):  JavaThread "C2 CompilerThread0" daemon [_thread_in_native, id=138116, stack(0x0000004a04b00000,0x0000004a04c00000) (1024K)]


Current CompileTask:
C2:4421 1362       4       org.jacoco.agent.rt.internal_4742761.asm.ClassReader::readCode (5117 bytes)

Stack: [0x0000004a04b00000,0x0000004a04c00000]
Native frames: (J=compiled Java code, j=interpreted, Vv=VM code, C=native code)
V  [jvm.dll+0x6cdee9]
V  [jvm.dll+0x8a83d1]
V  [jvm.dll+0x8aa8fe]
V  [jvm.dll+0x8aafe3]
V  [jvm.dll+0x27f706]
V  [jvm.dll+0xc500d]
V  [jvm.dll+0xc5543]
V  [jvm.dll+0x3b6752]
V  [jvm.dll+0x382935]
V  [jvm.dll+0x381d9a]
V  [jvm.dll+0x2479f0]
V  [jvm.dll+0x246fcf]
V  [jvm.dll+0x1c75ee]
V  [jvm.dll+0x25685a]
V  [jvm.dll+0x254dfa]
V  [jvm.dll+0x3f0256]
V  [jvm.dll+0x851f8b]
V  [jvm.dll+0x6cc5ed]
C  [ucrtbase.dll+0x37b0]
C  [KERNEL32.DLL+0x2e8d7]
C  [ntdll.dll+0xb14fc]


---------------  P R O C E S S  ---------------

Threads class SMR info:
_java_thread_list=0x0000021377aca6a0, length=13, elements={
0x0000021353dee100, 0x0000021372cdd480, 0x0000021372cde0d0, 0x0000021372ce2b40,
0x0000021372ce37f0, 0x0000021372cecac0, 0x0000021372cee7a0, 0x0000021372cf36a0,
0x0000021372cf4130, 0x0000021372cf1590, 0x0000021372cee110, 0x0000021372ceee30,
0x0000021372cef4c0
}

Java Threads: ( => current thread )
  0x0000021353dee100 JavaThread "main"                              [_thread_in_Java, id=138208, stack(0x0000004a03d00000,0x0000004a03e00000) (1024K)]
  0x0000021372cdd480 JavaThread "Reference Handler"          daemon [_thread_blocked, id=64692, stack(0x0000004a04500000,0x0000004a04600000) (1024K)]
  0x0000021372cde0d0 JavaThread "Finalizer"                  daemon [_thread_blocked, id=135432, stack(0x0000004a04600000,0x0000004a04700000) (1024K)]
  0x0000021372ce2b40 JavaThread "Signal Dispatcher"          daemon [_thread_blocked, id=137808, stack(0x0000004a04700000,0x0000004a04800000) (1024K)]
  0x0000021372ce37f0 JavaThread "Attach Listener"            daemon [_thread_blocked, id=116232, stack(0x0000004a04800000,0x0000004a04900000) (1024K)]
  0x0000021372cecac0 JavaThread "Service Thread"             daemon [_thread_blocked, id=133752, stack(0x0000004a04900000,0x0000004a04a00000) (1024K)]
  0x0000021372cee7a0 JavaThread "Monitor Deflation Thread"   daemon [_thread_blocked, id=135324, stack(0x0000004a04a00000,0x0000004a04b00000) (1024K)]
=>0x0000021372cf36a0 JavaThread "C2 CompilerThread0"         daemon [_thread_in_native, id=138116, stack(0x0000004a04b00000,0x0000004a04c00000) (1024K)]
  0x0000021372cf4130 JavaThread "C1 CompilerThread0"         daemon [_thread_blocked, id=132680, stack(0x0000004a04c00000,0x0000004a04d00000) (1024K)]
  0x0000021372cf1590 JavaThread "Common-Cleaner"             daemon [_thread_blocked, id=131912, stack(0x0000004a04d00000,0x0000004a04e00000) (1024K)]
  0x0000021372cee110 JavaThread "Notification Thread"        daemon [_thread_blocked, id=126284, stack(0x0000004a04e00000,0x0000004a04f00000) (1024K)]
  0x0000021372ceee30 JavaThread "surefire-forkedjvm-stream-flusher" daemon [_thread_blocked, id=136664, stack(0x0000004a04f00000,0x0000004a05000000) (1024K)]
  0x0000021372cef4c0 JavaThread "surefire-forkedjvm-command-thread" daemon [_thread_in_native, id=135864, stack(0x0000004a05400000,0x0000004a05500000) (1024K)]
Total: 13

Other Threads:
  0x0000021372cbbe90 VMThread "VM Thread"                           [id=138556, stack(0x0000004a04400000,0x0000004a04500000) (1024K)]
  0x0000021372c9c090 WatcherThread "VM Periodic Task Thread"        [id=125496, stack(0x0000004a04300000,0x0000004a04400000) (1024K)]
  0x000002135618b350 WorkerThread "GC Thread#0"                     [id=123680, stack(0x0000004a03e00000,0x0000004a03f00000) (1024K)]
  0x00000213779852a0 WorkerThread "GC Thread#1"                     [id=102420, stack(0x0000004a05000000,0x0000004a05100000) (1024K)]
  0x000002137790f460 WorkerThread "GC Thread#2"                     [id=133768, stack(0x0000004a05100000,0x0000004a05200000) (1024K)]
  0x00000213779acca0 WorkerThread "GC Thread#3"                     [id=137388, stack(0x0000004a05200000,0x0000004a05300000) (1024K)]
  0x0000021377928500 WorkerThread "GC Thread#4"                     [id=133484, stack(0x0000004a05300000,0x0000004a05400000) (1024K)]
  0x0000021377947a80 WorkerThread "GC Thread#5"                     [id=123860, stack(0x0000004a05500000,0x0000004a05600000) (1024K)]
  0x0000021378499f70 WorkerThread "GC Thread#6"                     [id=8068, stack(0x0000004a05600000,0x0000004a05700000) (1024K)]
  0x000002137849a310 WorkerThread "GC Thread#7"                     [id=75280, stack(0x0000004a05700000,0x0000004a05800000) (1024K)]
  0x000002135619bd30 ConcurrentGCThread "G1 Main Marker"            [id=10428, stack(0x0000004a03f00000,0x0000004a04000000) (1024K)]
  0x000002135619d6b0 WorkerThread "G1 Conc#0"                       [id=130596, stack(0x0000004a04000000,0x0000004a04100000) (1024K)]
  0x00000213561ee550 ConcurrentGCThread "G1 Refine#0"               [id=137992, stack(0x0000004a04100000,0x0000004a04200000) (1024K)]
  0x0000021372b6f2c0 ConcurrentGCThread "G1 Service"                [id=124092, stack(0x0000004a04200000,0x0000004a04300000) (1024K)]
Total: 14

Threads with active compile tasks:
C2 CompilerThread0  4461 1362       4       org.jacoco.agent.rt.internal_4742761.asm.ClassReader::readCode (5117 bytes)
Total: 1

VM state: not at safepoint (normal execution)

VM Mutex/Monitor currently owned by a thread: None

Heap address: 0x0000000083000000, size: 2000 MB, Compressed Oops mode: 32-bit

CDS archive(s) mapped at: [0x0000021300000000-0x0000021300c80000-0x0000021300c80000), size 13107200, SharedBaseAddress: 0x0000021300000000, ArchiveRelocationMode: 1.
Compressed class space mapped at: 0x0000021301000000-0x0000021341000000, reserved size: 1073741824
Narrow klass base: 0x0000021300000000, Narrow klass shift: 0, Narrow klass range: 0x100000000

GC Precious Log:
 CardTable entry size: 512
 Card Set container configuration: InlinePtr #cards 5 size 8 Array Of Cards #cards 12 size 40 Howl #buckets 4 coarsen threshold 1843 Howl Bitmap #cards 512 size 80 coarsen threshold 460 Card regions per heap region 1 cards per card region 2048
 CPUs: 8 total, 8 available
 Memory: 7995M
 Large Page Support: Disabled
 NUMA Support: Disabled
 Compressed Oops: Enabled (32-bit)
 Heap Region Size: 1M
 Heap Min Capacity: 8M
 Heap Initial Capacity: 126M
 Heap Max Capacity: 2000M
 Pre-touch: Disabled
 Parallel Workers: 8
 Concurrent Workers: 2
 Concurrent Refinement Workers: 8
 Periodic GC: Disabled

Heap:
 garbage-first heap   total 129024K, used 19743K [0x0000000083000000, 0x0000000100000000)
  region size 1024K, 11 young (11264K), 2 survivors (2048K)
 Metaspace       used 5819K, committed 6016K, reserved 1114112K
  class space    used 540K, committed 640K, reserved 1048576K

Heap Regions: E=young(eden), S=young(survivor), O=old, HS=humongous(starts), HC=humongous(continues), CS=collection set, F=free, TAMS=top-at-mark-start, PB=parsable bottom
|   0|0x0000000083000000, 0x0000000083100000, 0x0000000083100000|100%|HS|  |TAMS 0x0000000083000000| PB 0x0000000083000000| Complete 
|   1|0x0000000083100000, 0x0000000083200000, 0x0000000083200000|100%|HS|  |TAMS 0x0000000083100000| PB 0x0000000083100000| Complete 
|   2|0x0000000083200000, 0x0000000083300000, 0x0000000083300000|100%|HS|  |TAMS 0x0000000083200000| PB 0x0000000083200000| Complete 
|   3|0x0000000083300000, 0x0000000083400000, 0x0000000083400000|100%| O|  |TAMS 0x0000000083300000| PB 0x0000000083300000| Untracked 
|   4|0x0000000083400000, 0x0000000083500000, 0x0000000083500000|100%| O|  |TAMS 0x0000000083400000| PB 0x0000000083400000| Untracked 
|   5|0x0000000083500000, 0x0000000083600000, 0x0000000083600000|100%| O|  |TAMS 0x0000000083500000| PB 0x0000000083500000| Untracked 
|   6|0x0000000083600000, 0x0000000083700000, 0x0000000083700000|100%| O|  |TAMS 0x0000000083600000| PB 0x0000000083600000| Untracked 
|   7|0x0000000083700000, 0x0000000083800000, 0x0000000083800000|100%| O|  |TAMS 0x0000000083700000| PB 0x0000000083700000| Untracked 
|   8|0x0000000083800000, 0x0000000083900000, 0x0000000083900000|100%| O|  |TAMS 0x0000000083800000| PB 0x0000000083800000| Untracked 
|   9|0x0000000083900000, 0x000000008397e330, 0x0000000083a00000| 49%| O|  |TAMS 0x0000000083900000| PB 0x0000000083900000| Untracked 
|  10|0x0000000083a00000, 0x0000000083a00000, 0x0000000083b00000|  0%| F|  |TAMS 0x0000000083a00000| PB 0x0000000083a00000| Untracked 
|  11|0x0000000083b00000, 0x0000000083b00000, 0x0000000083c00000|  0%| F|  |TAMS 0x0000000083b00000| PB 0x0000000083b00000| Untracked 
|  12|0x0000000083c00000, 0x0000000083c00000, 0x0000000083d00000|  0%| F|  |TAMS 0x0000000083c00000| PB 0x0000000083c00000| Untracked 
|  13|0x0000000083d00000, 0x0000000083d00000, 0x0000000083e00000|  0%| F|  |TAMS 0x0000000083d00000| PB 0x0000000083d00000| Untracked 
|  14|0x0000000083e00000, 0x0000000083e00000, 0x0000000083f00000|  0%| F|  |TAMS 0x0000000083e00000| PB 0x0000000083e00000| Untracked 
|  15|0x0000000083f00000, 0x0000000083f00000, 0x0000000084000000|  0%| F|  |TAMS 0x0000000083f00000| PB 0x0000000083f00000| Untracked 
|  16|0x0000000084000000, 0x0000000084000000, 0x0000000084100000|  0%| F|  |TAMS 0x0000000084000000| PB 0x0000000084000000| Untracked 
|  17|0x0000000084100000, 0x0000000084100000, 0x0000000084200000|  0%| F|  |TAMS 0x0000000084100000| PB 0x0000000084100000| Untracked 
|  18|0x0000000084200000, 0x0000000084200000, 0x0000000084300000|  0%| F|  |TAMS 0x0000000084200000| PB 0x0000000084200000| Untracked 
|  19|0x0000000084300000, 0x0000000084300000, 0x0000000084400000|  0%| F|  |TAMS 0x0000000084300000| PB 0x0000000084300000| Untracked 
|  20|0x0000000084400000, 0x0000000084400000, 0x0000000084500000|  0%| F|  |TAMS 0x0000000084400000| PB 0x0000000084400000| Untracked 
|  21|0x0000000084500000, 0x0000000084500000, 0x0000000084600000|  0%| F|  |TAMS 0x0000000084500000| PB 0x0000000084500000| Untracked 
|  22|0x0000000084600000, 0x0000000084600000, 0x0000000084700000|  0%| F|  |TAMS 0x0000000084600000| PB 0x0000000084600000| Untracked 
|  23|0x0000000084700000, 0x0000000084700000, 0x0000000084800000|  0%| F|  |TAMS 0x0000000084700000| PB 0x0000000084700000| Untracked 
|  24|0x0000000084800000, 0x0000000084800000, 0x0000000084900000|  0%| F|  |TAMS 0x0000000084800000| PB 0x0000000084800000| Untracked 
|  25|0x0000000084900000, 0x0000000084900000, 0x0000000084a00000|  0%| F|  |TAMS 0x0000000084900000| PB 0x0000000084900000| Untracked 
|  26|0x0000000084a00000, 0x0000000084a00000, 0x0000000084b00000|  0%| F|  |TAMS 0x0000000084a00000| PB 0x0000000084a00000| Untracked 
|  27|0x0000000084b00000, 0x0000000084b00000, 0x0000000084c00000|  0%| F|  |TAMS 0x0000000084b00000| PB 0x0000000084b00000| Untracked 
|  28|0x0000000084c00000, 0x0000000084c00000, 0x0000000084d00000|  0%| F|  |TAMS 0x0000000084c00000| PB 0x0000000084c00000| Untracked 
|  29|0x0000000084d00000, 0x0000000084d00000, 0x0000000084e00000|  0%| F|  |TAMS 0x0000000084d00000| PB 0x0000000084d00000| Untracked 
|  30|0x0000000084e00000, 0x0000000084e00000, 0x0000000084f00000|  0%| F|  |TAMS 0x0000000084e00000| PB 0x0000000084e00000| Untracked 
|  31|0x0000000084f00000, 0x0000000084f00000, 0x0000000085000000|  0%| F|  |TAMS 0x0000000084f00000| PB 0x0000000084f00000| Untracked 
|  32|0x0000000085000000, 0x0000000085000000, 0x0000000085100000|  0%| F|  |TAMS 0x0000000085000000| PB 0x0000000085000000| Untracked 
|  33|0x0000000085100000, 0x0000000085100000, 0x0000000085200000|  0%| F|  |TAMS 0x0000000085100000| PB 0x0000000085100000| Untracked 
|  34|0x0000000085200000, 0x0000000085200000, 0x0000000085300000|  0%| F|  |TAMS 0x0000000085200000| PB 0x0000000085200000| Untracked 
|  35|0x0000000085300000, 0x0000000085300000, 0x0000000085400000|  0%| F|  |TAMS 0x0000000085300000| PB 0x0000000085300000| Untracked 
|  36|0x0000000085400000, 0x0000000085400000, 0x0000000085500000|  0%| F|  |TAMS 0x0000000085400000| PB 0x0000000085400000| Untracked 
|  37|0x0000000085500000, 0x0000000085500000, 0x0000000085600000|  0%| F|  |TAMS 0x0000000085500000| PB 0x0000000085500000| Untracked 
|  38|0x0000000085600000, 0x0000000085600000, 0x0000000085700000|  0%| F|  |TAMS 0x0000000085600000| PB 0x0000000085600000| Untracked 
|  39|0x0000000085700000, 0x0000000085700000, 0x0000000085800000|  0%| F|  |TAMS 0x0000000085700000| PB 0x0000000085700000| Untracked 
|  40|0x0000000085800000, 0x0000000085800000, 0x0000000085900000|  0%| F|  |TAMS 0x0000000085800000| PB 0x0000000085800000| Untracked 
|  41|0x0000000085900000, 0x0000000085900000, 0x0000000085a00000|  0%| F|  |TAMS 0x0000000085900000| PB 0x0000000085900000| Untracked 
|  42|0x0000000085a00000, 0x0000000085a00000, 0x0000000085b00000|  0%| F|  |TAMS 0x0000000085a00000| PB 0x0000000085a00000| Untracked 
|  43|0x0000000085b00000, 0x0000000085b00000, 0x0000000085c00000|  0%| F|  |TAMS 0x0000000085b00000| PB 0x0000000085b00000| Untracked 
|  44|0x0000000085c00000, 0x0000000085c00000, 0x0000000085d00000|  0%| F|  |TAMS 0x0000000085c00000| PB 0x0000000085c00000| Untracked 
|  45|0x0000000085d00000, 0x0000000085d00000, 0x0000000085e00000|  0%| F|  |TAMS 0x0000000085d00000| PB 0x0000000085d00000| Untracked 
|  46|0x0000000085e00000, 0x0000000085e00000, 0x0000000085f00000|  0%| F|  |TAMS 0x0000000085e00000| PB 0x0000000085e00000| Untracked 
|  47|0x0000000085f00000, 0x0000000085f00000, 0x0000000086000000|  0%| F|  |TAMS 0x0000000085f00000| PB 0x0000000085f00000| Untracked 
|  48|0x0000000086000000, 0x0000000086000000, 0x0000000086100000|  0%| F|  |TAMS 0x0000000086000000| PB 0x0000000086000000| Untracked 
|  49|0x0000000086100000, 0x0000000086100000, 0x0000000086200000|  0%| F|  |TAMS 0x0000000086100000| PB 0x0000000086100000| Untracked 
|  50|0x0000000086200000, 0x0000000086200000, 0x0000000086300000|  0%| F|  |TAMS 0x0000000086200000| PB 0x0000000086200000| Untracked 
|  51|0x0000000086300000, 0x0000000086300000, 0x0000000086400000|  0%| F|  |TAMS 0x0000000086300000| PB 0x0000000086300000| Untracked 
|  52|0x0000000086400000, 0x0000000086400000, 0x0000000086500000|  0%| F|  |TAMS 0x0000000086400000| PB 0x0000000086400000| Untracked 
|  53|0x0000000086500000, 0x0000000086500000, 0x0000000086600000|  0%| F|  |TAMS 0x0000000086500000| PB 0x0000000086500000| Untracked 
|  54|0x0000000086600000, 0x0000000086600000, 0x0000000086700000|  0%| F|  |TAMS 0x0000000086600000| PB 0x0000000086600000| Untracked 
|  55|0x0000000086700000, 0x0000000086700000, 0x0000000086800000|  0%| F|  |TAMS 0x0000000086700000| PB 0x0000000086700000| Untracked 
|  56|0x0000000086800000, 0x0000000086800000, 0x0000000086900000|  0%| F|  |TAMS 0x0000000086800000| PB 0x0000000086800000| Untracked 
|  57|0x0000000086900000, 0x0000000086900000, 0x0000000086a00000|  0%| F|  |TAMS 0x0000000086900000| PB 0x0000000086900000| Untracked 
|  58|0x0000000086a00000, 0x0000000086a00000, 0x0000000086b00000|  0%| F|  |TAMS 0x0000000086a00000| PB 0x0000000086a00000| Untracked 
|  59|0x0000000086b00000, 0x0000000086b00000, 0x0000000086c00000|  0%| F|  |TAMS 0x0000000086b00000| PB 0x0000000086b00000| Untracked 
|  60|0x0000000086c00000, 0x0000000086c00000, 0x0000000086d00000|  0%| F|  |TAMS 0x0000000086c00000| PB 0x0000000086c00000| Untracked 
|  61|0x0000000086d00000, 0x0000000086d00000, 0x0000000086e00000|  0%| F|  |TAMS 0x0000000086d00000| PB 0x0000000086d00000| Untracked 
|  62|0x0000000086e00000, 0x0000000086e00000, 0x0000000086f00000|  0%| F|  |TAMS 0x0000000086e00000| PB 0x0000000086e00000| Untracked 
|  63|0x0000000086f00000, 0x0000000086f00000, 0x0000000087000000|  0%| F|  |TAMS 0x0000000086f00000| PB 0x0000000086f00000| Untracked 
|  64|0x0000000087000000, 0x0000000087000000, 0x0000000087100000|  0%| F|  |TAMS 0x0000000087000000| PB 0x0000000087000000| Untracked 
|  65|0x0000000087100000, 0x0000000087100000, 0x0000000087200000|  0%| F|  |TAMS 0x0000000087100000| PB 0x0000000087100000| Untracked 
|  66|0x0000000087200000, 0x0000000087200000, 0x0000000087300000|  0%| F|  |TAMS 0x0000000087200000| PB 0x0000000087200000| Untracked 
|  67|0x0000000087300000, 0x0000000087300000, 0x0000000087400000|  0%| F|  |TAMS 0x0000000087300000| PB 0x0000000087300000| Untracked 
|  68|0x0000000087400000, 0x0000000087400000, 0x0000000087500000|  0%| F|  |TAMS 0x0000000087400000| PB 0x0000000087400000| Untracked 
|  69|0x0000000087500000, 0x0000000087500000, 0x0000000087600000|  0%| F|  |TAMS 0x0000000087500000| PB 0x0000000087500000| Untracked 
|  70|0x0000000087600000, 0x0000000087600000, 0x0000000087700000|  0%| F|  |TAMS 0x0000000087600000| PB 0x0000000087600000| Untracked 
|  71|0x0000000087700000, 0x0000000087700000, 0x0000000087800000|  0%| F|  |TAMS 0x0000000087700000| PB 0x0000000087700000| Untracked 
|  72|0x0000000087800000, 0x0000000087800000, 0x0000000087900000|  0%| F|  |TAMS 0x0000000087800000| PB 0x0000000087800000| Untracked 
|  73|0x0000000087900000, 0x0000000087900000, 0x0000000087a00000|  0%| F|  |TAMS 0x0000000087900000| PB 0x0000000087900000| Untracked 
|  74|0x0000000087a00000, 0x0000000087a00000, 0x0000000087b00000|  0%| F|  |TAMS 0x0000000087a00000| PB 0x0000000087a00000| Untracked 
|  75|0x0000000087b00000, 0x0000000087b00000, 0x0000000087c00000|  0%| F|  |TAMS 0x0000000087b00000| PB 0x0000000087b00000| Untracked 
|  76|0x0000000087c00000, 0x0000000087c00000, 0x0000000087d00000|  0%| F|  |TAMS 0x0000000087c00000| PB 0x0000000087c00000| Untracked 
|  77|0x0000000087d00000, 0x0000000087d00000, 0x0000000087e00000|  0%| F|  |TAMS 0x0000000087d00000| PB 0x0000000087d00000| Untracked 
|  78|0x0000000087e00000, 0x0000000087e00000, 0x0000000087f00000|  0%| F|  |TAMS 0x0000000087e00000| PB 0x0000000087e00000| Untracked 
|  79|0x0000000087f00000, 0x0000000087f00000, 0x0000000088000000|  0%| F|  |TAMS 0x0000000087f00000| PB 0x0000000087f00000| Untracked 
|  80|0x0000000088000000, 0x0000000088000000, 0x0000000088100000|  0%| F|  |TAMS 0x0000000088000000| PB 0x0000000088000000| Untracked 
|  81|0x0000000088100000, 0x0000000088100000, 0x0000000088200000|  0%| F|  |TAMS 0x0000000088100000| PB 0x0000000088100000| Untracked 
|  82|0x0000000088200000, 0x0000000088200000, 0x0000000088300000|  0%| F|  |TAMS 0x0000000088200000| PB 0x0000000088200000| Untracked 
|  83|0x0000000088300000, 0x0000000088300000, 0x0000000088400000|  0%| F|  |TAMS 0x0000000088300000| PB 0x0000000088300000| Untracked 
|  84|0x0000000088400000, 0x0000000088400000, 0x0000000088500000|  0%| F|  |TAMS 0x0000000088400000| PB 0x0000000088400000| Untracked 
|  85|0x0000000088500000, 0x0000000088500000, 0x0000000088600000|  0%| F|  |TAMS 0x0000000088500000| PB 0x0000000088500000| Untracked 
|  86|0x0000000088600000, 0x0000000088600000, 0x0000000088700000|  0%| F|  |TAMS 0x0000000088600000| PB 0x0000000088600000| Untracked 
|  87|0x0000000088700000, 0x0000000088700000, 0x0000000088800000|  0%| F|  |TAMS 0x0000000088700000| PB 0x0000000088700000| Untracked 
|  88|0x0000000088800000, 0x0000000088800000, 0x0000000088900000|  0%| F|  |TAMS 0x0000000088800000| PB 0x0000000088800000| Untracked 
|  89|0x0000000088900000, 0x0000000088900000, 0x0000000088a00000|  0%| F|  |TAMS 0x0000000088900000| PB 0x0000000088900000| Untracked 
|  90|0x0000000088a00000, 0x0000000088a00000, 0x0000000088b00000|  0%| F|  |TAMS 0x0000000088a00000| PB 0x0000000088a00000| Untracked 
|  91|0x0000000088b00000, 0x0000000088b00000, 0x0000000088c00000|  0%| F|  |TAMS 0x0000000088b00000| PB 0x0000000088b00000| Untracked 
|  92|0x0000000088c00000, 0x0000000088c00000, 0x0000000088d00000|  0%| F|  |TAMS 0x0000000088c00000| PB 0x0000000088c00000| Untracked 
|  93|0x0000000088d00000, 0x0000000088dc9cc0, 0x0000000088e00000| 78%| S|CS|TAMS 0x0000000088d00000| PB 0x0000000088d00000| Complete 
|  94|0x0000000088e00000, 0x0000000088f00000, 0x0000000088f00000|100%| S|CS|TAMS 0x0000000088e00000| PB 0x0000000088e00000| Complete 
|  95|0x0000000088f00000, 0x0000000088f00000, 0x0000000089000000|  0%| F|  |TAMS 0x0000000088f00000| PB 0x0000000088f00000| Untracked 
|  96|0x0000000089000000, 0x0000000089000000, 0x0000000089100000|  0%| F|  |TAMS 0x0000000089000000| PB 0x0000000089000000| Untracked 
|  97|0x0000000089100000, 0x0000000089100000, 0x0000000089200000|  0%| F|  |TAMS 0x0000000089100000| PB 0x0000000089100000| Untracked 
|  98|0x0000000089200000, 0x0000000089200000, 0x0000000089300000|  0%| F|  |TAMS 0x0000000089200000| PB 0x0000000089200000| Untracked 
|  99|0x0000000089300000, 0x0000000089300000, 0x0000000089400000|  0%| F|  |TAMS 0x0000000089300000| PB 0x0000000089300000| Untracked 
| 100|0x0000000089400000, 0x0000000089400000, 0x0000000089500000|  0%| F|  |TAMS 0x0000000089400000| PB 0x0000000089400000| Untracked 
| 101|0x0000000089500000, 0x0000000089500000, 0x0000000089600000|  0%| F|  |TAMS 0x0000000089500000| PB 0x0000000089500000| Untracked 
| 102|0x0000000089600000, 0x0000000089600000, 0x0000000089700000|  0%| F|  |TAMS 0x0000000089600000| PB 0x0000000089600000| Untracked 
| 103|0x0000000089700000, 0x0000000089700000, 0x0000000089800000|  0%| F|  |TAMS 0x0000000089700000| PB 0x0000000089700000| Untracked 
| 104|0x0000000089800000, 0x0000000089800000, 0x0000000089900000|  0%| F|  |TAMS 0x0000000089800000| PB 0x0000000089800000| Untracked 
| 105|0x0000000089900000, 0x0000000089900000, 0x0000000089a00000|  0%| F|  |TAMS 0x0000000089900000| PB 0x0000000089900000| Untracked 
| 106|0x0000000089a00000, 0x0000000089a00000, 0x0000000089b00000|  0%| F|  |TAMS 0x0000000089a00000| PB 0x0000000089a00000| Untracked 
| 107|0x0000000089b00000, 0x0000000089b00000, 0x0000000089c00000|  0%| F|  |TAMS 0x0000000089b00000| PB 0x0000000089b00000| Untracked 
| 108|0x0000000089c00000, 0x0000000089c00000, 0x0000000089d00000|  0%| F|  |TAMS 0x0000000089c00000| PB 0x0000000089c00000| Untracked 
| 109|0x0000000089d00000, 0x0000000089d00000, 0x0000000089e00000|  0%| F|  |TAMS 0x0000000089d00000| PB 0x0000000089d00000| Untracked 
| 110|0x0000000089e00000, 0x0000000089e00000, 0x0000000089f00000|  0%| F|  |TAMS 0x0000000089e00000| PB 0x0000000089e00000| Untracked 
| 111|0x0000000089f00000, 0x0000000089f00000, 0x000000008a000000|  0%| F|  |TAMS 0x0000000089f00000| PB 0x0000000089f00000| Untracked 
| 112|0x000000008a000000, 0x000000008a000000, 0x000000008a100000|  0%| F|  |TAMS 0x000000008a000000| PB 0x000000008a000000| Untracked 
| 113|0x000000008a100000, 0x000000008a100000, 0x000000008a200000|  0%| F|  |TAMS 0x000000008a100000| PB 0x000000008a100000| Untracked 
| 114|0x000000008a200000, 0x000000008a200000, 0x000000008a300000|  0%| F|  |TAMS 0x000000008a200000| PB 0x000000008a200000| Untracked 
| 115|0x000000008a300000, 0x000000008a300000, 0x000000008a400000|  0%| F|  |TAMS 0x000000008a300000| PB 0x000000008a300000| Untracked 
| 116|0x000000008a400000, 0x000000008a400000, 0x000000008a500000|  0%| F|  |TAMS 0x000000008a400000| PB 0x000000008a400000| Untracked 
| 117|0x000000008a500000, 0x000000008a600000, 0x000000008a600000|100%| E|  |TAMS 0x000000008a500000| PB 0x000000008a500000| Complete 
| 118|0x000000008a600000, 0x000000008a700000, 0x000000008a700000|100%| E|CS|TAMS 0x000000008a600000| PB 0x000000008a600000| Complete 
| 119|0x000000008a700000, 0x000000008a800000, 0x000000008a800000|100%| E|CS|TAMS 0x000000008a700000| PB 0x000000008a700000| Complete 
| 120|0x000000008a800000, 0x000000008a900000, 0x000000008a900000|100%| E|CS|TAMS 0x000000008a800000| PB 0x000000008a800000| Complete 
| 121|0x000000008a900000, 0x000000008aa00000, 0x000000008aa00000|100%| E|CS|TAMS 0x000000008a900000| PB 0x000000008a900000| Complete 
| 122|0x000000008aa00000, 0x000000008ab00000, 0x000000008ab00000|100%| E|CS|TAMS 0x000000008aa00000| PB 0x000000008aa00000| Complete 
| 123|0x000000008ab00000, 0x000000008ac00000, 0x000000008ac00000|100%| E|CS|TAMS 0x000000008ab00000| PB 0x000000008ab00000| Complete 
| 124|0x000000008ac00000, 0x000000008ad00000, 0x000000008ad00000|100%| E|CS|TAMS 0x000000008ac00000| PB 0x000000008ac00000| Complete 
| 125|0x000000008ad00000, 0x000000008ae00000, 0x000000008ae00000|100%| E|CS|TAMS 0x000000008ad00000| PB 0x000000008ad00000| Complete 

Card table byte_map: [0x000002136df40000,0x000002136e330000] _byte_map_base: 0x000002136db28000

Marking Bits: (CMBitMap*) 0x000002135618ba50
 Bits: [0x000002136e330000, 0x0000021370270000)

Polling page: 0x0000021353ed0000

Metaspace:

Usage:
  Non-class:      5.19 MB used.
      Class:    543.98 KB used.
       Both:      5.72 MB used.

Virtual space:
  Non-class space:       64.00 MB reserved,       5.31 MB (  8%) committed,  1 nodes.
      Class space:        1.00 GB reserved,     640.00 KB ( <1%) committed,  1 nodes.
             Both:        1.06 GB reserved,       5.94 MB ( <1%) committed. 

Chunk freelists:
   Non-Class:  9.23 MB
       Class:  15.42 MB
        Both:  24.65 MB

MaxMetaspaceSize: unlimited
CompressedClassSpaceSize: 1.00 GB
Initial GC threshold: 21.00 MB
Current GC threshold: 21.00 MB
CDS: on
 - commit_granule_bytes: 65536.
 - commit_granule_words: 8192.
 - virtual_space_node_default_size: 8388608.
 - enlarge_chunks_in_place: 1.
 - use_allocation_guard: 0.


Internal statistics:

num_allocs_failed_limit: 0.
num_arena_births: 104.
num_arena_deaths: 0.
num_vsnodes_births: 2.
num_vsnodes_deaths: 0.
num_space_committed: 95.
num_space_uncommitted: 0.
num_chunks_returned_to_freelist: 0.
num_chunks_taken_from_freelist: 251.
num_chunk_merges: 0.
num_chunk_splits: 170.
num_chunks_enlarged: 125.
num_inconsistent_stats: 0.

CodeHeap 'non-profiled nmethods': size=120000Kb used=530Kb max_used=530Kb free=119470Kb
 bounds [0x00000213662e0000, 0x0000021366550000, 0x000002136d810000]
CodeHeap 'profiled nmethods': size=120000Kb used=3456Kb max_used=3456Kb free=116543Kb
 bounds [0x000002135e810000, 0x000002135eb80000, 0x0000021365d40000]
CodeHeap 'non-nmethods': size=5760Kb used=1367Kb max_used=1390Kb free=4392Kb
 bounds [0x0000021365d40000, 0x0000021365fb0000, 0x00000213662e0000]
 total_blobs=2142 nmethods=1673 adapters=374
 compilation: enabled
              stopped_count=0, restarted_count=0
 full_count=0

Compilation events (20 events):
Event: 3.399 Thread 0x0000021372cf4130 1661       2       org.jacoco.agent.rt.internal_4742761.asm.SymbolTable::addConstantInvokeDynamic (23 bytes)
Event: 3.399 Thread 0x0000021372cf4130 nmethod 1661 0x000002135eb60810 code [0x000002135eb609c0, 0x000002135eb60b38]
Event: 3.401 Thread 0x0000021372cf4130 1663       2       jdk.internal.org.objectweb.asm.MethodWriter::visitFieldInsn (258 bytes)
Event: 3.401 Thread 0x0000021372cf4130 nmethod 1663 0x000002135eb60c90 code [0x000002135eb60e80, 0x000002135eb61320]
Event: 3.402 Thread 0x0000021372cf4130 1664       2       jdk.internal.org.objectweb.asm.SymbolTable::addConstantFieldref (10 bytes)
Event: 3.402 Thread 0x0000021372cf4130 nmethod 1664 0x000002135eb61690 code [0x000002135eb61840, 0x000002135eb61980]
Event: 3.403 Thread 0x0000021372cf4130 1665       2       sun.invoke.util.VerifyAccess::isMemberAccessible (338 bytes)
Event: 3.404 Thread 0x0000021372cf4130 nmethod 1665 0x000002135eb61a10 code [0x000002135eb61ce0, 0x000002135eb62590]
Event: 3.406 Thread 0x0000021372cf4130 1666       2       java.lang.ClassLoader::defineClassSourceLocation (28 bytes)
Event: 3.406 Thread 0x0000021372cf4130 nmethod 1666 0x000002135eb62a10 code [0x000002135eb62bc0, 0x000002135eb62d40]
Event: 3.406 Thread 0x0000021372cf4130 1667       2       java.lang.ClassLoader::postDefineClass (39 bytes)
Event: 3.407 Thread 0x0000021372cf4130 nmethod 1667 0x000002135eb62e90 code [0x000002135eb63060, 0x000002135eb63240]
Event: 3.407 Thread 0x0000021372cf4130 1668       2       java.lang.ClassLoader::getNamedPackage (73 bytes)
Event: 3.407 Thread 0x0000021372cf4130 nmethod 1668 0x000002135eb63410 code [0x000002135eb635e0, 0x000002135eb638b0]
Event: 3.407 Thread 0x0000021372cf4130 1669       2       sun.net.www.protocol.jar.Handler::indexOfBangSlash (52 bytes)
Event: 3.407 Thread 0x0000021372cf4130 nmethod 1669 0x000002135eb63a90 code [0x000002135eb63c60, 0x000002135eb63fb8]
Event: 3.407 Thread 0x0000021372cf4130 1670       2       sun.net.www.protocol.jar.Handler::canonicalizeString (72 bytes)
Event: 3.408 Thread 0x0000021372cf4130 nmethod 1670 0x000002135eb64210 code [0x000002135eb64440, 0x000002135eb64958]
Event: 3.408 Thread 0x0000021372cf4130 1671       2       java.net.URLStreamHandler::setURL (159 bytes)
Event: 4.417 Thread 0x0000021372cf4130 nmethod 1671 0x000002135eb64d10 code [0x000002135eb64f80, 0x000002135eb656a8]

GC Heap History (4 events):
Event: 1.703 GC heap before
{Heap before GC invocations=0 (full 0):
 garbage-first heap   total 129024K, used 25600K [0x0000000083000000, 0x0000000100000000)
  region size 1024K, 23 young (23552K), 0 survivors (0K)
 Metaspace       used 3329K, committed 3520K, reserved 1114112K
  class space    used 302K, committed 384K, reserved 1048576K
}
Event: 1.710 GC heap after
{Heap after GC invocations=1 (full 0):
 garbage-first heap   total 129024K, used 9599K [0x0000000083000000, 0x0000000100000000)
  region size 1024K, 3 young (3072K), 3 survivors (3072K)
 Metaspace       used 3329K, committed 3520K, reserved 1114112K
  class space    used 302K, committed 384K, reserved 1048576K
}
Event: 3.344 GC heap before
{Heap before GC invocations=1 (full 0):
 garbage-first heap   total 129024K, used 38271K [0x0000000083000000, 0x0000000100000000)
  region size 1024K, 31 young (31744K), 3 survivors (3072K)
 Metaspace       used 5329K, committed 5568K, reserved 1114112K
  class space    used 474K, committed 576K, reserved 1048576K
}
Event: 3.351 GC heap after
{Heap after GC invocations=2 (full 0):
 garbage-first heap   total 129024K, used 11551K [0x0000000083000000, 0x0000000100000000)
  region size 1024K, 2 young (2048K), 2 survivors (2048K)
 Metaspace       used 5329K, committed 5568K, reserved 1114112K
  class space    used 474K, committed 576K, reserved 1048576K
}

Dll operation events (11 events):
Event: 0.021 Loaded shared library C:\Users\bdjar\AppData\Local\Programs\Eclipse Adoptium\jdk-21.0.6.7-hotspot\bin\java.dll
Event: 0.056 Loaded shared library C:\Users\bdjar\AppData\Local\Programs\Eclipse Adoptium\jdk-21.0.6.7-hotspot\bin\jsvml.dll
Event: 0.094 Loaded shared library C:\Users\bdjar\AppData\Local\Programs\Eclipse Adoptium\jdk-21.0.6.7-hotspot\bin\zip.dll
Event: 0.101 Loaded shared library C:\Users\bdjar\AppData\Local\Programs\Eclipse Adoptium\jdk-21.0.6.7-hotspot\bin\instrument.dll
Event: 0.107 Loaded shared library C:\Users\bdjar\AppData\Local\Programs\Eclipse Adoptium\jdk-21.0.6.7-hotspot\bin\net.dll
Event: 0.110 Loaded shared library C:\Users\bdjar\AppData\Local\Programs\Eclipse Adoptium\jdk-21.0.6.7-hotspot\bin\nio.dll
Event: 0.113 Loaded shared library C:\Users\bdjar\AppData\Local\Programs\Eclipse Adoptium\jdk-21.0.6.7-hotspot\bin\zip.dll
Event: 0.805 Loaded shared library C:\Users\bdjar\AppData\Local\Programs\Eclipse Adoptium\jdk-21.0.6.7-hotspot\bin\verify.dll
Event: 0.870 Loaded shared library C:\Users\bdjar\AppData\Local\Programs\Eclipse Adoptium\jdk-21.0.6.7-hotspot\bin\jimage.dll
Event: 1.399 Loaded shared library C:\Users\bdjar\AppData\Local\Programs\Eclipse Adoptium\jdk-21.0.6.7-hotspot\bin\management.dll
Event: 1.414 Loaded shared library C:\Users\bdjar\AppData\Local\Programs\Eclipse Adoptium\jdk-21.0.6.7-hotspot\bin\management_ext.dll

Deoptimization events (20 events):
Event: 3.362 Thread 0x0000021353dee100 DEOPT PACKING pc=0x000002135eae5c53 sp=0x0000004a03dfbf00
Event: 3.362 Thread 0x0000021353dee100 DEOPT UNPACKING pc=0x0000021365d94e42 sp=0x0000004a03dfb370 mode 0
Event: 3.368 Thread 0x0000021353dee100 DEOPT PACKING pc=0x000002135e85b297 sp=0x0000004a03dfc420
Event: 3.368 Thread 0x0000021353dee100 DEOPT UNPACKING pc=0x0000021365d94e42 sp=0x0000004a03dfb8d0 mode 0
Event: 3.377 Thread 0x0000021353dee100 DEOPT PACKING pc=0x000002135eae5c53 sp=0x0000004a03dfbf80
Event: 3.377 Thread 0x0000021353dee100 DEOPT UNPACKING pc=0x0000021365d94e42 sp=0x0000004a03dfb3f0 mode 0
Event: 3.380 Thread 0x0000021353dee100 DEOPT PACKING pc=0x000002135e85b370 sp=0x0000004a03dfd910
Event: 3.380 Thread 0x0000021353dee100 DEOPT UNPACKING pc=0x0000021365d94e42 sp=0x0000004a03dfcdd0 mode 0
Event: 3.383 Thread 0x0000021353dee100 DEOPT PACKING pc=0x000002135eae5c53 sp=0x0000004a03dfbfe0
Event: 3.383 Thread 0x0000021353dee100 DEOPT UNPACKING pc=0x0000021365d94e42 sp=0x0000004a03dfb450 mode 0
Event: 3.388 Thread 0x0000021353dee100 DEOPT PACKING pc=0x000002135eae5c53 sp=0x0000004a03dfbfe0
Event: 3.388 Thread 0x0000021353dee100 DEOPT UNPACKING pc=0x0000021365d94e42 sp=0x0000004a03dfb450 mode 0
Event: 3.391 Thread 0x0000021353dee100 DEOPT PACKING pc=0x000002135eae5c53 sp=0x0000004a03dfbfd0
Event: 3.392 Thread 0x0000021353dee100 DEOPT UNPACKING pc=0x0000021365d94e42 sp=0x0000004a03dfb440 mode 0
Event: 3.396 Thread 0x0000021353dee100 DEOPT PACKING pc=0x000002135eae5c53 sp=0x0000004a03df8e70
Event: 3.396 Thread 0x0000021353dee100 DEOPT UNPACKING pc=0x0000021365d94e42 sp=0x0000004a03df82e0 mode 0
Event: 3.404 Thread 0x0000021353dee100 DEOPT PACKING pc=0x000002135e85b370 sp=0x0000004a03dfd820
Event: 3.404 Thread 0x0000021353dee100 DEOPT UNPACKING pc=0x0000021365d94e42 sp=0x0000004a03dfcce0 mode 0
Event: 3.406 Thread 0x0000021353dee100 DEOPT PACKING pc=0x000002135eae5c53 sp=0x0000004a03dfbdd0
Event: 3.406 Thread 0x0000021353dee100 DEOPT UNPACKING pc=0x0000021365d94e42 sp=0x0000004a03dfb240 mode 0

Classes loaded (20 events):
Event: 3.167 Loading class java/lang/invoke/DirectMethodHandle$Special
Event: 3.168 Loading class java/lang/invoke/DirectMethodHandle$Special done
Event: 3.313 Loading class java/util/stream/MatchOps$MatchKind
Event: 3.313 Loading class java/util/stream/MatchOps$MatchKind done
Event: 3.314 Loading class java/util/stream/MatchOps
Event: 3.314 Loading class java/util/stream/MatchOps done
Event: 3.314 Loading class java/util/stream/MatchOps$MatchOp
Event: 3.314 Loading class java/util/stream/MatchOps$MatchOp done
Event: 3.314 Loading class java/util/stream/MatchOps$BooleanTerminalSink
Event: 3.314 Loading class java/util/stream/MatchOps$BooleanTerminalSink done
Event: 3.315 Loading class java/util/stream/MatchOps$1MatchSink
Event: 3.315 Loading class java/util/stream/MatchOps$1MatchSink done
Event: 3.318 Loading class java/io/UnsupportedEncodingException
Event: 3.318 Loading class java/io/UnsupportedEncodingException done
Event: 3.319 Loading class java/util/Formatter$FixedString
Event: 3.319 Loading class java/util/Formatter$FixedString done
Event: 3.321 Loading class java/net/URLEncoder
Event: 3.321 Loading class java/net/URLEncoder done
Event: 3.321 Loading class java/io/CharArrayWriter
Event: 3.321 Loading class java/io/CharArrayWriter done

Classes unloaded (0 events):
No events

Classes redefined (0 events):
No events

Internal exceptions (17 events):
Event: 0.809 Thread 0x0000021353dee100 Exception <a 'java/lang/NoSuchMethodError'{0x000000008a439a20}: 'void java.lang.invoke.DirectMethodHandle$Holder.invokeStatic(java.lang.Object, java.lang.Object, java.lang.Object)'> (0x000000008a439a20) 
thrown [s\src\hotspot\share\interpreter\linkResolver.cpp, line 773]
Event: 0.818 Thread 0x0000021353dee100 Exception <a 'java/lang/NoSuchMethodError'{0x000000008a451538}: 'java.lang.Object java.lang.invoke.Invokers$Holder.invokeExact_MT(java.lang.Object, java.lang.Object, java.lang.Object, java.lang.Object, java.lang.Object)'> (0x000000008a451538) 
thrown [s\src\hotspot\share\interpreter\linkResolver.cpp, line 773]
Event: 0.930 Thread 0x0000021353dee100 Exception <a 'java/lang/NoSuchMethodError'{0x000000008a4ed7d0}: 'void java.lang.invoke.DelegatingMethodHandle$Holder.reinvoke_L(java.lang.Object, java.lang.Object, java.lang.Object, java.lang.Object, java.lang.Object, java.lang.Object, java.lang.Object, java.lang.Object)'> (0x000000008a4ed7d0) 
thrown [s\src\hotspot\share\interpreter\linkResolver.cpp, line 773]
Event: 0.954 Thread 0x0000021353dee100 Exception <a 'java/lang/NoSuchMethodError'{0x000000008a302a38}: 'java.lang.Object java.lang.invoke.DirectMethodHandle$Holder.invokeStatic(java.lang.Object, java.lang.Object, int)'> (0x000000008a302a38) 
thrown [s\src\hotspot\share\interpreter\linkResolver.cpp, line 773]
Event: 0.956 Thread 0x0000021353dee100 Exception <a 'java/lang/NoSuchMethodError'{0x000000008a30e2c8}: 'void java.lang.invoke.DelegatingMethodHandle$Holder.delegate(java.lang.Object, java.lang.Object, int, java.lang.Object)'> (0x000000008a30e2c8) 
thrown [s\src\hotspot\share\interpreter\linkResolver.cpp, line 773]
Event: 0.957 Thread 0x0000021353dee100 Exception <a 'java/lang/NoSuchMethodError'{0x000000008a311db8}: 'int java.lang.invoke.DirectMethodHandle$Holder.invokeSpecial(java.lang.Object, java.lang.Object, java.lang.Object)'> (0x000000008a311db8) 
thrown [s\src\hotspot\share\interpreter\linkResolver.cpp, line 773]
Event: 0.963 Thread 0x0000021353dee100 Exception <a 'java/lang/NoSuchMethodError'{0x000000008a3289d8}: 'void java.lang.invoke.DirectMethodHandle$Holder.invokeStatic(java.lang.Object, java.lang.Object, java.lang.Object, java.lang.Object)'> (0x000000008a3289d8) 
thrown [s\src\hotspot\share\interpreter\linkResolver.cpp, line 773]
Event: 1.061 Thread 0x0000021353dee100 Exception <a 'java/lang/NoSuchMethodError'{0x000000008a257670}: 'void java.lang.invoke.DirectMethodHandle$Holder.invokeSpecial(java.lang.Object, java.lang.Object, java.lang.Object)'> (0x000000008a257670) 
thrown [s\src\hotspot\share\interpreter\linkResolver.cpp, line 773]
Event: 1.062 Thread 0x0000021353dee100 Exception <a 'java/lang/NoSuchMethodError'{0x000000008a25a6d0}: 'void java.lang.invoke.Invokers$Holder.invokeExact_MT(java.lang.Object, java.lang.Object, java.lang.Object)'> (0x000000008a25a6d0) 
thrown [s\src\hotspot\share\interpreter\linkResolver.cpp, line 773]
Event: 1.846 Thread 0x0000021353dee100 Exception <a 'java/lang/NoSuchMethodError'{0x000000008a3b3880}: 'java.lang.Object java.lang.invoke.DirectMethodHandle$Holder.invokeStaticInit(java.lang.Object, java.lang.Object, java.lang.Object, java.lang.Object)'> (0x000000008a3b3880) 
thrown [s\src\hotspot\share\interpreter\linkResolver.cpp, line 773]
Event: 1.848 Thread 0x0000021353dee100 Exception <a 'java/lang/NoSuchMethodError'{0x000000008a3b9c98}: 'java.lang.Object java.lang.invoke.Invokers$Holder.invoke_MT(java.lang.Object, java.lang.Object, java.lang.Object, java.lang.Object, java.lang.Object)'> (0x000000008a3b9c98) 
thrown [s\src\hotspot\share\interpreter\linkResolver.cpp, line 773]
Event: 3.243 Thread 0x0000021353dee100 Exception <a 'java/lang/NoSuchMethodError'{0x000000008974f898}: 'java.lang.Object java.lang.invoke.DirectMethodHandle$Holder.invokeVirtual(java.lang.Object, java.lang.Object, java.lang.Object)'> (0x000000008974f898) 
thrown [s\src\hotspot\share\interpreter\linkResolver.cpp, line 773]
Event: 3.305 Thread 0x0000021353dee100 Exception <a 'java/lang/NoSuchMethodError'{0x00000000891a7e38}: 'java.lang.Object java.lang.invoke.DirectMethodHandle$Holder.invokeInterface(java.lang.Object, java.lang.Object)'> (0x00000000891a7e38) 
thrown [s\src\hotspot\share\interpreter\linkResolver.cpp, line 773]
Event: 3.313 Thread 0x0000021353dee100 Exception <a 'java/lang/NoSuchMethodError'{0x000000008903a5a8}: 'int java.lang.invoke.DirectMethodHandle$Holder.invokeVirtual(java.lang.Object, java.lang.Object)'> (0x000000008903a5a8) 
thrown [s\src\hotspot\share\interpreter\linkResolver.cpp, line 773]
Event: 3.320 Thread 0x0000021353dee100 Exception <a 'java/lang/NoSuchMethodError'{0x000000008908ed08}: 'java.lang.Object java.lang.invoke.DirectMethodHandle$Holder.invokeStaticInit(java.lang.Object, int)'> (0x000000008908ed08) 
thrown [s\src\hotspot\share\interpreter\linkResolver.cpp, line 773]
Event: 3.393 Thread 0x0000021353dee100 Exception <a 'java/lang/NoSuchMethodError'{0x000000008aaa2a60}: 'void java.lang.invoke.DirectMethodHandle$Holder.invokeInterface(java.lang.Object, java.lang.Object)'> (0x000000008aaa2a60) 
thrown [s\src\hotspot\share\interpreter\linkResolver.cpp, line 773]
Event: 3.394 Thread 0x0000021353dee100 Exception <a 'java/lang/IncompatibleClassChangeError'{0x000000008aaa5f30}: Found class java.lang.Object, but interface was expected> (0x000000008aaa5f30) 
thrown [s\src\hotspot\share\interpreter\linkResolver.cpp, line 840]

ZGC Phase Switch (0 events):
No events

VM Operations (20 events):
Event: 0.840 Executing VM operation: HandshakeAllThreads (Deoptimize) done
Event: 0.931 Executing VM operation: HandshakeAllThreads (Deoptimize)
Event: 0.931 Executing VM operation: HandshakeAllThreads (Deoptimize) done
Event: 0.953 Executing VM operation: HandshakeAllThreads (Deoptimize)
Event: 0.953 Executing VM operation: HandshakeAllThreads (Deoptimize) done
Event: 0.975 Executing VM operation: HandshakeAllThreads (Deoptimize)
Event: 0.975 Executing VM operation: HandshakeAllThreads (Deoptimize) done
Event: 1.341 Executing VM operation: ICBufferFull
Event: 1.341 Executing VM operation: ICBufferFull done
Event: 1.702 Executing VM operation: G1CollectForAllocation (G1 Evacuation Pause)
Event: 1.710 Executing VM operation: G1CollectForAllocation (G1 Evacuation Pause) done
Event: 2.722 Executing VM operation: Cleanup
Event: 2.987 Executing VM operation: Cleanup done
Event: 3.092 Executing VM operation: HandshakeAllThreads (Deoptimize)
Event: 3.092 Executing VM operation: HandshakeAllThreads (Deoptimize) done
Event: 3.093 Executing VM operation: HandshakeAllThreads (Deoptimize)
Event: 3.093 Executing VM operation: HandshakeAllThreads (Deoptimize) done
Event: 3.343 Executing VM operation: G1CollectForAllocation (G1 Evacuation Pause)
Event: 3.351 Executing VM operation: G1CollectForAllocation (G1 Evacuation Pause) done
Event: 4.353 Executing VM operation: Cleanup

Memory protections (0 events):
No events

Nmethod flushes (0 events):
No events

Events (13 events):
Event: 0.039 Thread 0x0000021353dee100 Thread added: 0x0000021353dee100
Event: 0.053 Thread 0x0000021353dee100 Thread added: 0x0000021372cdd480
Event: 0.053 Thread 0x0000021353dee100 Thread added: 0x0000021372cde0d0
Event: 0.054 Thread 0x0000021353dee100 Thread added: 0x0000021372ce2b40
Event: 0.054 Thread 0x0000021353dee100 Thread added: 0x0000021372ce37f0
Event: 0.054 Thread 0x0000021353dee100 Thread added: 0x0000021372cecac0
Event: 0.054 Thread 0x0000021353dee100 Thread added: 0x0000021372cee7a0
Event: 0.054 Thread 0x0000021353dee100 Thread added: 0x0000021372cf36a0
Event: 0.054 Thread 0x0000021353dee100 Thread added: 0x0000021372cf4130
Event: 0.074 Thread 0x0000021353dee100 Thread added: 0x0000021372cf1590
Event: 1.078 Thread 0x0000021353dee100 Thread added: 0x0000021372cee110
Event: 1.683 Thread 0x0000021353dee100 Thread added: 0x0000021372ceee30
Event: 1.742 Thread 0x0000021353dee100 Thread added: 0x0000021372cef4c0


Dynamic libraries:
0x00007ff7ff300000 - 0x00007ff7ff30e000 	C:\Users\bdjar\AppData\Local\Programs\Eclipse Adoptium\jdk-21.0.6.7-hotspot\bin\java.exe
0x00007ffde9940000 - 0x00007ffde9ba0000 	C:\WINDOWS\SYSTEM32\ntdll.dll
0x00007ffde85a0000 - 0x00007ffde8667000 	C:\WINDOWS\System32\KERNEL32.DLL
0x00007ffde6fd0000 - 0x00007ffde739a000 	C:\WINDOWS\System32\KERNELBASE.dll
0x00007ffde6e80000 - 0x00007ffde6fcb000 	C:\WINDOWS\System32\ucrtbase.dll
0x00007ffda9a60000 - 0x00007ffda9a7e000 	C:\Users\bdjar\AppData\Local\Programs\Eclipse Adoptium\jdk-21.0.6.7-hotspot\bin\VCRUNTIME140.dll
0x00007ffdae280000 - 0x00007ffdae298000 	C:\Users\bdjar\AppData\Local\Programs\Eclipse Adoptium\jdk-21.0.6.7-hotspot\bin\jli.dll
0x00007ffde7f40000 - 0x00007ffde810c000 	C:\WINDOWS\System32\USER32.dll
0x00007ffde7680000 - 0x00007ffde76a7000 	C:\WINDOWS\System32\win32u.dll
0x00007ffdc60d0000 - 0x00007ffdc6367000 	C:\WINDOWS\WinSxS\amd64_microsoft.windows.common-controls_6595b64144ccf1df_6.0.26100.3624_none_3e086962e3345f24\COMCTL32.dll
0x00007ffde7a80000 - 0x00007ffde7aaa000 	C:\WINDOWS\System32\GDI32.dll
0x00007ffde79d0000 - 0x00007ffde7a79000 	C:\WINDOWS\System32\msvcrt.dll
0x00007ffde6d40000 - 0x00007ffde6e71000 	C:\WINDOWS\System32\gdi32full.dll
0x00007ffde7510000 - 0x00007ffde75b3000 	C:\WINDOWS\System32\msvcp_win.dll
0x00007ffde7e50000 - 0x00007ffde7e7f000 	C:\WINDOWS\System32\IMM32.DLL
0x00007ffdc5f40000 - 0x00007ffdc5f4c000 	C:\Users\bdjar\AppData\Local\Programs\Eclipse Adoptium\jdk-21.0.6.7-hotspot\bin\vcruntime140_1.dll
0x00007ffd9c5d0000 - 0x00007ffd9c65d000 	C:\Users\bdjar\AppData\Local\Programs\Eclipse Adoptium\jdk-21.0.6.7-hotspot\bin\msvcp140.dll
0x00007ffd31160000 - 0x00007ffd31ef0000 	C:\Users\bdjar\AppData\Local\Programs\Eclipse Adoptium\jdk-21.0.6.7-hotspot\bin\server\jvm.dll
0x00007ffde97c0000 - 0x00007ffde9872000 	C:\WINDOWS\System32\ADVAPI32.dll
0x00007ffde8fe0000 - 0x00007ffde9086000 	C:\WINDOWS\System32\sechost.dll
0x00007ffde8970000 - 0x00007ffde8a86000 	C:\WINDOWS\System32\RPCRT4.dll
0x00007ffde8b90000 - 0x00007ffde8c04000 	C:\WINDOWS\System32\WS2_32.dll
0x00007ffde5760000 - 0x00007ffde57be000 	C:\WINDOWS\SYSTEM32\POWRPROF.dll
0x00007ffdd22d0000 - 0x00007ffdd2306000 	C:\WINDOWS\SYSTEM32\WINMM.dll
0x00007ffde0830000 - 0x00007ffde083b000 	C:\WINDOWS\SYSTEM32\VERSION.dll
0x00007ffde5740000 - 0x00007ffde5754000 	C:\WINDOWS\SYSTEM32\UMPDC.dll
0x00007ffde5a50000 - 0x00007ffde5a6a000 	C:\WINDOWS\SYSTEM32\kernel.appcore.dll
0x00007ffdc5a90000 - 0x00007ffdc5a9a000 	C:\Users\bdjar\AppData\Local\Programs\Eclipse Adoptium\jdk-21.0.6.7-hotspot\bin\jimage.dll
0x00007ffde4310000 - 0x00007ffde4551000 	C:\WINDOWS\SYSTEM32\DBGHELP.DLL
0x00007ffde8c50000 - 0x00007ffde8fd2000 	C:\WINDOWS\System32\combase.dll
0x00007ffde78e0000 - 0x00007ffde79b6000 	C:\WINDOWS\System32\OLEAUT32.dll
0x00007ffdc4c10000 - 0x00007ffdc4c49000 	C:\WINDOWS\SYSTEM32\dbgcore.DLL
0x00007ffde6b20000 - 0x00007ffde6bb9000 	C:\WINDOWS\System32\bcryptPrimitives.dll
0x00007ffdad9f0000 - 0x00007ffdad9ff000 	C:\Users\bdjar\AppData\Local\Programs\Eclipse Adoptium\jdk-21.0.6.7-hotspot\bin\instrument.dll
0x00007ffda83f0000 - 0x00007ffda840f000 	C:\Users\bdjar\AppData\Local\Programs\Eclipse Adoptium\jdk-21.0.6.7-hotspot\bin\java.dll
0x00007ffde9090000 - 0x00007ffde97b9000 	C:\WINDOWS\System32\SHELL32.dll
0x00007ffde73a0000 - 0x00007ffde7508000 	C:\WINDOWS\System32\wintypes.dll
0x00007ffde47d0000 - 0x00007ffde5022000 	C:\WINDOWS\SYSTEM32\windows.storage.dll
0x00007ffde8690000 - 0x00007ffde877d000 	C:\WINDOWS\System32\SHCORE.dll
0x00007ffde8780000 - 0x00007ffde87e4000 	C:\WINDOWS\System32\shlwapi.dll
0x00007ffde6a30000 - 0x00007ffde6a5f000 	C:\WINDOWS\SYSTEM32\profapi.dll
0x00007ffd7b4f0000 - 0x00007ffd7b5c7000 	C:\Users\bdjar\AppData\Local\Programs\Eclipse Adoptium\jdk-21.0.6.7-hotspot\bin\jsvml.dll
0x00007ffda6210000 - 0x00007ffda6228000 	C:\Users\bdjar\AppData\Local\Programs\Eclipse Adoptium\jdk-21.0.6.7-hotspot\bin\zip.dll
0x00007ffdc5360000 - 0x00007ffdc5370000 	C:\Users\bdjar\AppData\Local\Programs\Eclipse Adoptium\jdk-21.0.6.7-hotspot\bin\net.dll
0x00007ffddece0000 - 0x00007ffddedfd000 	C:\WINDOWS\SYSTEM32\WINHTTP.dll
0x00007ffde5f70000 - 0x00007ffde5fda000 	C:\WINDOWS\system32\mswsock.dll
0x00007ffda7ab0000 - 0x00007ffda7ac6000 	C:\Users\bdjar\AppData\Local\Programs\Eclipse Adoptium\jdk-21.0.6.7-hotspot\bin\nio.dll
0x00007ffdc23e0000 - 0x00007ffdc23f0000 	C:\Users\bdjar\AppData\Local\Programs\Eclipse Adoptium\jdk-21.0.6.7-hotspot\bin\verify.dll
0x00007ffdbce60000 - 0x00007ffdbce78000 	C:\WINDOWS\system32\napinsp.dll
0x00007ffde5430000 - 0x00007ffde5555000 	C:\WINDOWS\SYSTEM32\DNSAPI.dll
0x00007ffde53a0000 - 0x00007ffde53d3000 	C:\WINDOWS\SYSTEM32\IPHLPAPI.DLL
0x00007ffde8670000 - 0x00007ffde867a000 	C:\WINDOWS\System32\NSI.dll
0x00007ffdbce40000 - 0x00007ffdbce52000 	C:\WINDOWS\System32\winrnr.dll
0x00007ffdbce00000 - 0x00007ffdbce30000 	C:\WINDOWS\system32\nlansp_c.dll
0x00007ffdbcdc0000 - 0x00007ffdbcdd6000 	C:\WINDOWS\system32\wshbth.dll
0x00007ffdd4ec0000 - 0x00007ffdd4ecb000 	C:\Windows\System32\rasadhlp.dll
0x00007ffdddcc0000 - 0x00007ffdddd45000 	C:\WINDOWS\System32\fwpuclnt.dll
0x00007ffdc51d0000 - 0x00007ffdc51da000 	C:\Users\bdjar\AppData\Local\Programs\Eclipse Adoptium\jdk-21.0.6.7-hotspot\bin\management.dll
0x00007ffdc4650000 - 0x00007ffdc465b000 	C:\Users\bdjar\AppData\Local\Programs\Eclipse Adoptium\jdk-21.0.6.7-hotspot\bin\management_ext.dll
0x00007ffde8c40000 - 0x00007ffde8c48000 	C:\WINDOWS\System32\PSAPI.DLL

dbghelp: loaded successfully - version: 4.0.5 - missing functions: none
symbol engine: initialized successfully - sym options: 0x614 - pdb path: .;C:\Users\bdjar\AppData\Local\Programs\Eclipse Adoptium\jdk-21.0.6.7-hotspot\bin;C:\WINDOWS\SYSTEM32;C:\WINDOWS\WinSxS\amd64_microsoft.windows.common-controls_6595b64144ccf1df_6.0.26100.3624_none_3e086962e3345f24;C:\Users\bdjar\AppData\Local\Programs\Eclipse Adoptium\jdk-21.0.6.7-hotspot\bin\server

VM Arguments:
jvm_args: -javaagent:C:\\Users\\bdjar\\.m2\\repository\\org\\jacoco\\org.jacoco.agent\\0.8.11\\org.jacoco.agent-0.8.11-runtime.jar=destfile=C:\\Users\\bdjar\\Desktop\\appb3\\ticketjo-backend\\target\\jacoco.exec 
java_command: C:\Users\bdjar\AppData\Local\Temp\surefire7416498055960593489\surefirebooter-20250513131718745_3.jar C:\Users\bdjar\AppData\Local\Temp\surefire7416498055960593489 2025-05-13T13-17-18_060-jvmRun1 surefire-20250513131718745_1tmp surefire_0-20250513131718745_2tmp
java_class_path (initial): C:\Users\bdjar\AppData\Local\Temp\surefire7416498055960593489\surefirebooter-20250513131718745_3.jar
Launcher Type: SUN_STANDARD

[Global flags]
     intx CICompilerCount                          = 4                                         {product} {ergonomic}
     uint ConcGCThreads                            = 2                                         {product} {ergonomic}
     uint G1ConcRefinementThreads                  = 8                                         {product} {ergonomic}
   size_t G1HeapRegionSize                         = 1048576                                   {product} {ergonomic}
    uintx GCDrainStackTargetSize                   = 64                                        {product} {ergonomic}
   size_t InitialHeapSize                          = 132120576                                 {product} {ergonomic}
   size_t MarkStackSize                            = 4194304                                   {product} {ergonomic}
   size_t MaxHeapSize                              = 2097152000                                {product} {ergonomic}
   size_t MaxNewSize                               = 1258291200                                {product} {ergonomic}
   size_t MinHeapDeltaBytes                        = 1048576                                   {product} {ergonomic}
   size_t MinHeapSize                              = 8388608                                   {product} {ergonomic}
    uintx NonNMethodCodeHeapSize                   = 5839372                                {pd product} {ergonomic}
    uintx NonProfiledCodeHeapSize                  = 122909434                              {pd product} {ergonomic}
    uintx ProfiledCodeHeapSize                     = 122909434                              {pd product} {ergonomic}
    uintx ReservedCodeCacheSize                    = 251658240                              {pd product} {ergonomic}
     bool SegmentedCodeCache                       = true                                      {product} {ergonomic}
   size_t SoftMaxHeapSize                          = 2097152000                             {manageable} {ergonomic}
     bool UseCompressedOops                        = true                           {product lp64_product} {ergonomic}
     bool UseG1GC                                  = true                                      {product} {ergonomic}
     bool UseLargePagesIndividualAllocation        = false                                  {pd product} {ergonomic}

Logging:
Log output configuration:
 #0: stdout all=warning uptime,level,tags foldmultilines=false
 #1: stderr all=off uptime,level,tags foldmultilines=false

Environment Variables:
JAVA_HOME=C:/Users/bdjar/AppData/Local/Programs/Eclipse Adoptium/jdk-21.0.6.7-hotspot
PATH=C:\Users\bdjar\bin;C:\Program Files\Git\mingw64\bin;C:\Program Files\Git\usr\local\bin;C:\Program Files\Git\usr\bin;C:\Program Files\Git\usr\bin;C:\Program Files\Git\mingw64\bin;C:\Program Files\Git\usr\bin;C:\Users\bdjar\bin;C:\Users\bdjar\Downloads\sts-4.22.0.RELEASE\plugins\org.eclipse.justj.openjdk.hotspot.jre.full.win32.x86_64_17.0.10.v20240120-1143\jre\bin\server;C:\Users\bdjar\Downloads\sts-4.22.0.RELEASE\plugins\org.eclipse.justj.openjdk.hotspot.jre.full.win32.x86_64_17.0.10.v20240120-1143\jre\bin;C:\maven\apache-maven-3.9.6\bin;C:\WINDOWS\system32;C:\WINDOWS;C:\WINDOWS\System32\Wbem;C:\WINDOWS\System32\WindowsPowerShell\v1.0;C:\WINDOWS\System32\OpenSSH;C:\Program Files\Symfony;C:\Program Files (x86)\Yarn\bin;C:\Program Files\Docker\Docker\resources\bin;C:\Program Files\nodejs;C:\Program Files\Git\cmd;C:\Program Files\apache-maven\bin;C:\ProgramData\ComposerSetup\bin;C:\Users\bdjar\AppData\Local\Programs\Python\Python311\Scripts;C:\Users\bdjar\AppData\Local\Programs\Python\Python311;C:\Users\bdjar\scoop\shims;C:\Program Files\MySQL\MySQL Shell 8.0\bin;C:\Users\bdjar\AppData\Local\Microsoft\WindowsApps;C:\Users\bdjar\AppData\Local\Programs\Microsoft VS Code\bin;C:\Users\bdjar\composer;C:\Users\bdjar\AppData\Roaming\Composer\vendor\bin;C:\Users\bdjar\AppData\Local\GitHubDesktop\bin;C:\Users\bdjar\AppData\Local\Yarn\bin;C:\Users\bdjar\AppData\Roaming\npm;C:\Program Files\php-8.2.9;C:\Program Files\heroku\bin;C:\WINDOWS\system32;C:\WINDOWS;C:\WINDOWS\System32\Wbem;C:\WINDOWS\System32\WindowsPowerShell\v1.0;C:\WINDOWS\System32\OpenSSH;C:\Users\bdjar\AppData\Local\Programs\Eclipse Adoptium\jdk-21.0.6.7-hotspot\bin;C:\Program Files\MySQL\MySQL Shell 8.0\bin;C:\Users\bdjar\AppData\Local\Programs\Python\Python311\Scripts;C:\Users\bdjar\AppData\Local\Programs\Python\Python311;C:\Users\bdjar\scoop\shims;C:\Users\bdjar\AppData\Local\Microsoft\WindowsApps;C:\Users\bdjar\AppData\Local\Programs\Microsoft VS Code\bin;C:\Users\bdjar\composer;C:\Users\bdjar\AppData\Roaming\Composer\vendor\bin;C:\Users\bdjar\AppData\Local\GitHubDesktop\bin;C:\Users\bdjar\AppData\Local\Yarn\bin;C:\Users\bdjar\AppData\Roaming\npm;C:\Program Files\php-8.2.9;C:\Program Files\heroku\bin;C:\Program Files\JetBrains\IntelliJ IDEA 2024.3\bin;C:\Program Files\PostgreSQL\17\bin;C:\Program Files\mosquitto;C:\Users\bdjar\Downloads\sts-4.22.0.RELEASE;C:\Program Files\Git\usr\bin\vendor_perl;C:\Program Files\Git\usr\bin\core_perl
USERNAME=Bdjaraye
SHELL=C:\Program Files\Git\usr\bin\bash.exe
DISPLAY=needs-to-be-defined
LANG=fr_FR.UTF-8
TERM=xterm
TMPDIR=C:\Users\bdjar\AppData\Local\Temp
OS=Windows_NT
PROCESSOR_IDENTIFIER=Intel64 Family 6 Model 142 Stepping 12, GenuineIntel
TMP=C:\Users\bdjar\AppData\Local\Temp
TEMP=C:\Users\bdjar\AppData\Local\Temp




Periodic native trim disabled

---------------  S Y S T E M  ---------------

OS:
 Windows 11 , 64 bit Build 26100 (10.0.26100.3775)
OS uptime: 8 days 6:43 hours
Hyper-V role detected

CPU: total 8 (initial active 8) (4 cores per cpu, 2 threads per core) family 6 model 142 stepping 12 microcode 0xea, cx8, cmov, fxsr, ht, mmx, 3dnowpref, sse, sse2, sse3, ssse3, sse4.1, sse4.2, popcnt, lzcnt, tsc, tscinvbit, avx, avx2, aes, erms, clmul, bmi1, bmi2, adx, fma, vzeroupper, clflush, clflushopt, hv, rdtscp, f16c
Processor Information for the first 8 processors :
  Max Mhz: 2304, Current Mhz: 1803, Mhz Limit: 1797

Memory: 4k page, system-wide physical 7995M (49M free)
TotalPageFile size 32571M (AvailPageFile size 36M)
current process WorkingSet (physical memory assigned to process): 116M, peak: 116M
current process commit charge ("private bytes"): 241M, peak: 243M

vm_info: OpenJDK 64-Bit Server VM (21.0.6+7-LTS) for windows-amd64 JRE (21.0.6+7-LTS), built on 2025-01-21T00:00:00Z by "admin" with MS VC++ 17.7 (VS2022)

END.
