#
# There is insufficient memory for the Java Runtime Environment to continue.
# Native memory allocation (malloc) failed to allocate 2031536 bytes. Error detail: Chunk::new
# Possible reasons:
#   The system is out of physical RAM or swap space
#   This process is running with CompressedOops enabled, and the Java Heap may be blocking the growth of the native heap
# Possible solutions:
#   Reduce memory load on the system
#   Increase physical memory or swap space
#   Check if swap backing store is full
#   Decrease Java heap size (-Xmx/-Xms)
#   Decrease number of Java threads
#   Decrease Java thread stack sizes (-Xss)
#   Set larger code cache with -XX:ReservedCodeCacheSize=
#   JVM is running with Unscaled Compressed Oops mode in which the Java heap is
#     placed in the first 4GB address space. The Java Heap base address is the
#     maximum limit for the native heap growth. Please use -XX:HeapBaseMinAddress
#     to set the Java Heap base and to place the Java Heap above 4GB virtual address.
# This output file may be truncated or incomplete.
#
#  Out of Memory Error (arena.cpp:168), pid=113240, tid=118724
#
# JRE version: OpenJDK Runtime Environment Temurin-21.0.6+7 (21.0.6+7) (build 21.0.6+7-LTS)
# Java VM: OpenJDK 64-Bit Server VM Temurin-21.0.6+7 (21.0.6+7-LTS, mixed mode, sharing, tiered, compressed oops, compressed class ptrs, g1 gc, windows-amd64)
# No core dump will be written. Minidumps are not enabled by default on client versions of Windows
#

---------------  S U M M A R Y ------------

Command Line: -Dclassworlds.conf=C:/maven/apache-maven-3.9.6/bin/m2.conf -Dmaven.home=C:/maven/apache-maven-3.9.6 -Dlibrary.jansi.path=C:/maven/apache-maven-3.9.6/lib/jansi-native -Dmaven.multiModuleProjectDirectory=C:/Users/bdjar/Desktop/appb3/ticketjo-backend org.codehaus.plexus.classworlds.launcher.Launcher clean package -DsckipTests

Host: Intel(R) Core(TM) i7-10510U CPU @ 1.80GHz, 8 cores, 7G,  Windows 11 , 64 bit Build 26100 (10.0.26100.4202)
Time: Sat Jun 21 23:36:25 2025 Paris, Madrid (heure duild 26100 (10.0.26100.4202) elapsed time: 7.588785 seconds (0d 0h 0m 7s)

---------------  T H R E A D  ---------------

Current thread (0x0000022019f69ad0):  JavaThread "C2 CompilerThread0" daemon [_thread_in_native, id=118724, stack(0x000000ccdf600000,0x000000ccdf700000) (1024K)]


Current CompileTask:
C2:7588 7434       4       lombok.core.AST::buildWithField (21 bytes)

Stack: [0x000000ccdf600000,0x000000ccdf700000]
Native frames: (J=compiled Java code, j=interpreted, Vv=VM code, C=native code)
V  [jvm.dll+0x6cdee9]
V  [jvm.dll+0x8a83d1]
V  [jvm.dll+0x8aa8fe]
V  [jvm.dll+0x8aafe3]
V  [jvm.dll+0x27f706]
V  [jvm.dll+0xc500d]
V  [jvm.dll+0xc5543]
V  [jvm.dll+0x3b6752]
V  [jvm.dll+0x382935]
V  [jvm.dll+0x381d9a]
V  [jvm.dll+0x2479f0]
V  [jvm.dll+0x246fcf]
V  [jvm.dll+0x1c75ee]
V  [jvm.dll+0x25685a]
V  [jvm.dll+0x254dfa]
V  [jvm.dll+0x3f0256]
V  [jvm.dll+0x851f8b]
V  [jvm.dll+0x6cc5ed]
C  [ucrtbase.dll+0x37b0]
C  [KERNEL32.DLL+0x2e8d7]
C  [ntdll.dll+0x3c34c]


---------------  P R O C E S S  ---------------

Threads class SMR info:
_java_thread_list=0x0000022061046f30, length=12, elements={
0x000002207b06b740, 0x0000022019f571c0, 0x0000022019f57e10, 0x0000022019f5c880,
0x0000022019f5d2d0, 0x0000022019f5f450, 0x0000022019f67ac0, 0x0000022019f69ad0,
0x0000022019f70080, 0x000002205f17a410, 0x000002205f17f070, 0x000002205f5ff230
}

Java Threads: ( => current thread )
  0x000002207b06b740 JavaThread "main"                              [_thread_in_Java, id=146320, stack(0x000000ccde800000,0x000000ccde900000) (1024K)]
  0x0000022019f571c0 JavaThread "Reference Handler"          daemon [_thread_blocked, id=148616, stack(0x000000ccdf000000,0x000000ccdf100000) (1024K)]
  0x0000022019f57e10 JavaThread "Finalizer"                  daemon [_thread_blocked, id=146072, stack(0x000000ccdf100000,0x000000ccdf200000) (1024K)]
  0x0000022019f5c880 JavaThread "Signal Dispatcher"          daemon [_thread_blocked, id=154516, stack(0x000000ccdf200000,0x000000ccdf300000) (1024K)]
  0x0000022019f5d2d0 JavaThread "Attach Listener"            daemon [_thread_blocked, id=91480, stack(0x000000ccdf300000,0x000000ccdf400000) (1024K)]
  0x0000022019f5f450 JavaThread "Service Thread"             daemon [_thread_blocked, id=153772, stack(0x000000ccdf400000,0x000000ccdf500000) (1024K)]
  0x0000022019f67ac0 JavaThread "Monitor Deflation Thread"   daemon [_thread_blocked, id=150524, stack(0x000000ccdf500000,0x000000ccdf600000) (1024K)]
=>0x0000022019f69ad0 JavaThread "C2 CompilerThread0"         daemon [_thread_in_native, id=118724, stack(0x000000ccdf600000,0x000000ccdf700000) (1024K)]
  0x0000022019f70080 JavaThread "C1 CompilerThread0"         daemon [_thread_in_vm, id=138736, stack(0x000000ccdf700000,0x000000ccdf800000) (1024K)]
  0x000002205f17a410 JavaThread "Notification Thread"        daemon [_thread_blocked, id=152276, stack(0x000000ccdf800000,0x000000ccdf900000) (1024K)]
  0x000002205f17f070 JavaThread "Common-Cleaner"             daemon [_thread_blocked, id=152932, stack(0x000000ccdf900000,0x000000ccdfa00000) (1024K)]
  0x000002205f5ff230 JavaThread "C2 CompilerThread1"         daemon [_thread_in_native, id=153368, stack(0x000000ccdfa00000,0x000000ccdfb00000) (1024K)]
Total: 12

Other Threads:
  0x0000022019f36150 VMThread "VM Thread"                           [id=148488, stack(0x000000ccdef00000,0x000000ccdf000000) (1024K)]
  0x0000022019f214d0 WatcherThread "VM Periodic Task Thread"        [id=20632, stack(0x000000ccdee00000,0x000000ccdef00000) (1024K)]
  0x000002207b20a2b0 WorkerThread "GC Thread#0"                     [id=151432, stack(0x000000ccde900000,0x000000ccdea00000) (1024K)]
  0x0000022019f36890 WorkerThread "GC Thread#1"                     [id=134788, stack(0x000000ccdfc00000,0x000000ccdfd00000) (1024K)]
  0x0000022019f364f0 WorkerThread "GC Thread#2"                     [id=154256, stack(0x000000ccdfd00000,0x000000ccdfe00000) (1024K)]
  0x0000022019f36fd0 WorkerThread "GC Thread#3"                     [id=151364, stack(0x000000ccdfe00000,0x000000ccdff00000) (1024K)]
  0x0000022019f35db0 WorkerThread "GC Thread#4"                     [id=117428, stack(0x000000ccdff00000,0x000000cce0000000) (1024K)]
  0x0000022019f35670 WorkerThread "GC Thread#5"                     [id=66140, stack(0x000000cce0000000,0x000000cce0100000) (1024K)]
  0x0000022019f35a10 WorkerThread "GC Thread#6"                     [id=148960, stack(0x000000cce0100000,0x000000cce0200000) (1024K)]
  0x000002205fbdd230 WorkerThread "GC Thread#7"                     [id=148920, stack(0x000000cce0200000,0x000000cce0300000) (1024K)]
  0x000002207b21aba0 ConcurrentGCThread "G1 Main Marker"            [id=3412, stack(0x000000ccdea00000,0x000000ccdeb00000) (1024K)]
  0x000002207b21c430 WorkerThread "G1 Conc#0"                       [id=83584, stack(0x000000ccdeb00000,0x000000ccdec00000) (1024K)]
  0x000002205fbdb8d0 WorkerThread "G1 Conc#1"                       [id=123320, stack(0x000000ccdfb00000,0x000000ccdfc00000) (1024K)]
  0x000002207b26e2f0 ConcurrentGCThread "G1 Refine#0"               [id=150372, stack(0x000000ccdec00000,0x000000ccded00000) (1024K)]
  0x0000022019def160 ConcurrentGCThread "G1 Service"                [id=143172, stack(0x000000ccded00000,0x000000ccdee00000) (1024K)]
Total: 15

Threads with active compile tasks:
C2 CompilerThread0  8614 7434       4       lombok.core.AST::buildWithField (21 bytes)
C1 CompilerThread0  8614 7657       2       lombok.core.FieldAugment::set (8 bytes)
C2 CompilerThread1  8614 7476   !   4       lombok.javac.JavacAST::drill (146 bytes)
Total: 3

VM state: not at safepoint (normal execution)

VM Mutex/Monitor currently owned by a thread: None

Heap address: 0x0000000083000000, size: 2000 MB, Compressed Oops mode: 32-bit

CDS archive(s) mapped at: [0x000002201a000000-0x000002201ac80000-0x000002201ac80000), size 13107200, SharedBaseAddress: 0x000002201a000000, ArchiveRelocationMode: 1.
Compressed class space mapped at: 0x000002201b000000-0x000002205b000000, reserved size: 1073741824
Narrow klass base: 0x000002201a000000, Narrow klass shift: 0, Narrow klass range: 0x100000000

GC Precious Log:
 CardTable entry size: 512
 Card Set container configuration: InlinePtr #cards 5 size 8 Array Of Cards #cards 12 size 40 Howl #buckets 4 coarsen threshold 1843 Howl Bitmap #cards 512 size 80 coarsen threshold 460 Card regions per heap region 1 cards per card region 2048
 CPUs: 8 total, 8 available
 Memory: 7995M
 Large Page Support: Disabled
 NUMA Support: Disabled
 Compressed Oops: Enabled (32-bit)
 Heap Region Size: 1M
 Heap Min Capacity: 8M
 Heap Initial Capacity: 126M
 Heap Max Capacity: 2000M
 Pre-touch: Disabled
 Parallel Workers: 8
 Concurrent Workers: 2
 Concurrent Refinement Workers: 8
 Periodic GC: Disabled

Heap:
 garbage-first heap   total 164864K, used 65536K [0x0000000083000000, 0x0000000100000000)
  region size 1024K, 11 young (11264K), 2 survivors (2048K)
 Metaspace       used 30618K, committed 31104K, reserved 1114112K
  class space    used 3354K, committed 3584K, reserved 1048576K

Heap Regions: E=young(eden), S=young(survivor), O=old, HS=humongous(starts), HC=humongous(continues), CS=collection set, F=free, TAMS=top-at-mark-start, PB=parsable bottom
|   0|0x0000000083000000, 0x0000000083100000, 0x0000000083100000|100%| O|  |TAMS 0x0000000083000000| PB 0x0000000083000000| Untracked 
|   1|0x0000000083100000, 0x0000000083200000, 0x0000000083200000|100%| O|  |TAMS 0x0000000083100000| PB 0x0000000083100000| Untracked 
|   2|0x0000000083200000, 0x0000000083300000, 0x0000000083300000|100%| O|  |TAMS 0x0000000083200000| PB 0x0000000083200000| Untracked 
|   3|0x0000000083300000, 0x0000000083400000, 0x0000000083400000|100%| O|  |TAMS 0x0000000083300000| PB 0x0000000083300000| Untracked 
|   4|0x0000000083400000, 0x0000000083500000, 0x0000000083500000|100%| O|  |TAMS 0x0000000083400000| PB 0x0000000083400000| Untracked 
|   5|0x0000000083500000, 0x0000000083600000, 0x0000000083600000|100%| O|  |TAMS 0x0000000083500000| PB 0x0000000083500000| Untracked 
|   6|0x0000000083600000, 0x0000000083700000, 0x0000000083700000|100%| O|  |TAMS 0x0000000083600000| PB 0x0000000083600000| Untracked 
|   7|0x0000000083700000, 0x0000000083800000, 0x0000000083800000|100%| O|  |TAMS 0x0000000083700000| PB 0x0000000083700000| Untracked 
|   8|0x0000000083800000, 0x0000000083900000, 0x0000000083900000|100%| O|  |TAMS 0x0000000083800000| PB 0x0000000083800000| Untracked 
|   9|0x0000000083900000, 0x0000000083a00000, 0x0000000083a00000|100%| O|  |TAMS 0x0000000083900000| PB 0x0000000083900000| Untracked 
|  10|0x0000000083a00000, 0x0000000083b00000, 0x0000000083b00000|100%| O|  |TAMS 0x0000000083a00000| PB 0x0000000083a00000| Untracked 
|  11|0x0000000083b00000, 0x0000000083c00000, 0x0000000083c00000|100%| O|  |TAMS 0x0000000083b00000| PB 0x0000000083b00000| Untracked 
|  12|0x0000000083c00000, 0x0000000083d00000, 0x0000000083d00000|100%| O|  |TAMS 0x0000000083c00000| PB 0x0000000083c00000| Untracked 
|  13|0x0000000083d00000, 0x0000000083e00000, 0x0000000083e00000|100%| O|  |TAMS 0x0000000083d00000| PB 0x0000000083d00000| Untracked 
|  14|0x0000000083e00000, 0x0000000083f00000, 0x0000000083f00000|100%|HS|  |TAMS 0x0000000083e00000| PB 0x0000000083e00000| Complete 
|  15|0x0000000083f00000, 0x0000000084000000, 0x0000000084000000|100%|HS|  |TAMS 0x0000000083f00000| PB 0x0000000083f00000| Complete 
|  16|0x0000000084000000, 0x0000000084100000, 0x0000000084100000|100%| O|  |TAMS 0x0000000084000000| PB 0x0000000084000000| Untracked 
|  17|0x0000000084100000, 0x0000000084200000, 0x0000000084200000|100%| O|  |TAMS 0x0000000084100000| PB 0x0000000084100000| Untracked 
|  18|0x0000000084200000, 0x0000000084300000, 0x0000000084300000|100%|HS|  |TAMS 0x0000000084200000| PB 0x0000000084200000| Complete 
|  19|0x0000000084300000, 0x0000000084400000, 0x0000000084400000|100%|HC|  |TAMS 0x0000000084300000| PB 0x0000000084300000| Complete 
|  20|0x0000000084400000, 0x0000000084500000, 0x0000000084500000|100%| O|  |TAMS 0x0000000084400000| PB 0x0000000084400000| Untracked 
|  21|0x0000000084500000, 0x0000000084600000, 0x0000000084600000|100%| O|  |TAMS 0x0000000084500000| PB 0x0000000084500000| Untracked 
|  22|0x0000000084600000, 0x0000000084700000, 0x0000000084700000|100%| O|  |TAMS 0x0000000084600000| PB 0x0000000084600000| Untracked 
|  23|0x0000000084700000, 0x0000000084800000, 0x0000000084800000|100%| O|  |TAMS 0x0000000084700000| PB 0x0000000084700000| Untracked 
|  24|0x0000000084800000, 0x0000000084900000, 0x0000000084900000|100%| O|  |TAMS 0x0000000084800000| PB 0x0000000084800000| Untracked 
|  25|0x0000000084900000, 0x0000000084a00000, 0x0000000084a00000|100%| O|  |TAMS 0x0000000084900000| PB 0x0000000084900000| Untracked 
|  26|0x0000000084a00000, 0x0000000084b00000, 0x0000000084b00000|100%| O|  |TAMS 0x0000000084a00000| PB 0x0000000084a00000| Untracked 
|  27|0x0000000084b00000, 0x0000000084c00000, 0x0000000084c00000|100%| O|  |TAMS 0x0000000084b00000| PB 0x0000000084b00000| Untracked 
|  28|0x0000000084c00000, 0x0000000084d00000, 0x0000000084d00000|100%| O|  |TAMS 0x0000000084c00000| PB 0x0000000084c00000| Untracked 
|  29|0x0000000084d00000, 0x0000000084e00000, 0x0000000084e00000|100%| O|  |TAMS 0x0000000084d00000| PB 0x0000000084d00000| Untracked 
|  30|0x0000000084e00000, 0x0000000084f00000, 0x0000000084f00000|100%| O|  |TAMS 0x0000000084e00000| PB 0x0000000084e00000| Untracked 
|  31|0x0000000084f00000, 0x0000000085000000, 0x0000000085000000|100%| O|  |TAMS 0x0000000084f00000| PB 0x0000000084f00000| Untracked 
|  32|0x0000000085000000, 0x0000000085100000, 0x0000000085100000|100%| O|  |TAMS 0x0000000085000000| PB 0x0000000085000000| Untracked 
|  33|0x0000000085100000, 0x0000000085200000, 0x0000000085200000|100%| O|  |TAMS 0x0000000085100000| PB 0x0000000085100000| Untracked 
|  34|0x0000000085200000, 0x0000000085300000, 0x0000000085300000|100%| O|  |TAMS 0x0000000085200000| PB 0x0000000085200000| Untracked 
|  35|0x0000000085300000, 0x0000000085400000, 0x0000000085400000|100%| O|  |TAMS 0x0000000085300000| PB 0x0000000085300000| Untracked 
|  36|0x0000000085400000, 0x0000000085500000, 0x0000000085500000|100%| O|  |TAMS 0x0000000085400000| PB 0x0000000085400000| Untracked 
|  37|0x0000000085500000, 0x0000000085600000, 0x0000000085600000|100%| O|  |TAMS 0x0000000085500000| PB 0x0000000085500000| Untracked 
|  38|0x0000000085600000, 0x0000000085700000, 0x0000000085700000|100%| O|  |TAMS 0x0000000085600000| PB 0x0000000085600000| Untracked 
|  39|0x0000000085700000, 0x0000000085700000, 0x0000000085800000|  0%| F|  |TAMS 0x0000000085700000| PB 0x0000000085700000| Untracked 
|  40|0x0000000085800000, 0x0000000085800000, 0x0000000085900000|  0%| F|  |TAMS 0x0000000085800000| PB 0x0000000085800000| Untracked 
|  41|0x0000000085900000, 0x0000000085900000, 0x0000000085a00000|  0%| F|  |TAMS 0x0000000085900000| PB 0x0000000085900000| Untracked 
|  42|0x0000000085a00000, 0x0000000085a00000, 0x0000000085b00000|  0%| F|  |TAMS 0x0000000085a00000| PB 0x0000000085a00000| Untracked 
|  43|0x0000000085b00000, 0x0000000085b00000, 0x0000000085c00000|  0%| F|  |TAMS 0x0000000085b00000| PB 0x0000000085b00000| Untracked 
|  44|0x0000000085c00000, 0x0000000085c00000, 0x0000000085d00000|  0%| F|  |TAMS 0x0000000085c00000| PB 0x0000000085c00000| Untracked 
|  45|0x0000000085d00000, 0x0000000085d00000, 0x0000000085e00000|  0%| F|  |TAMS 0x0000000085d00000| PB 0x0000000085d00000| Untracked 
|  46|0x0000000085e00000, 0x0000000085e00000, 0x0000000085f00000|  0%| F|  |TAMS 0x0000000085e00000| PB 0x0000000085e00000| Untracked 
|  47|0x0000000085f00000, 0x0000000086000000, 0x0000000086000000|100%| O|  |TAMS 0x0000000085f00000| PB 0x0000000085f00000| Untracked 
|  48|0x0000000086000000, 0x0000000086100000, 0x0000000086100000|100%| O|  |TAMS 0x0000000086000000| PB 0x0000000086000000| Untracked 
|  49|0x0000000086100000, 0x0000000086200000, 0x0000000086200000|100%| O|  |TAMS 0x0000000086100000| PB 0x0000000086100000| Untracked 
|  50|0x0000000086200000, 0x0000000086280000, 0x0000000086300000| 50%| O|  |TAMS 0x0000000086200000| PB 0x0000000086200000| Untracked 
|  51|0x0000000086300000, 0x0000000086300000, 0x0000000086400000|  0%| F|  |TAMS 0x0000000086300000| PB 0x0000000086300000| Untracked 
|  52|0x0000000086400000, 0x0000000086400000, 0x0000000086500000|  0%| F|  |TAMS 0x0000000086400000| PB 0x0000000086400000| Untracked 
|  53|0x0000000086500000, 0x0000000086500000, 0x0000000086600000|  0%| F|  |TAMS 0x0000000086500000| PB 0x0000000086500000| Untracked 
|  54|0x0000000086600000, 0x0000000086600000, 0x0000000086700000|  0%| F|  |TAMS 0x0000000086600000| PB 0x0000000086600000| Untracked 
|  55|0x0000000086700000, 0x0000000086700000, 0x0000000086800000|  0%| F|  |TAMS 0x0000000086700000| PB 0x0000000086700000| Untracked 
|  56|0x0000000086800000, 0x0000000086800000, 0x0000000086900000|  0%| F|  |TAMS 0x0000000086800000| PB 0x0000000086800000| Untracked 
|  57|0x0000000086900000, 0x0000000086900000, 0x0000000086a00000|  0%| F|  |TAMS 0x0000000086900000| PB 0x0000000086900000| Untracked 
|  58|0x0000000086a00000, 0x0000000086a00000, 0x0000000086b00000|  0%| F|  |TAMS 0x0000000086a00000| PB 0x0000000086a00000| Untracked 
|  59|0x0000000086b00000, 0x0000000086b00000, 0x0000000086c00000|  0%| F|  |TAMS 0x0000000086b00000| PB 0x0000000086b00000| Untracked 
|  60|0x0000000086c00000, 0x0000000086c00000, 0x0000000086d00000|  0%| F|  |TAMS 0x0000000086c00000| PB 0x0000000086c00000| Untracked 
|  61|0x0000000086d00000, 0x0000000086d00000, 0x0000000086e00000|  0%| F|  |TAMS 0x0000000086d00000| PB 0x0000000086d00000| Untracked 
|  62|0x0000000086e00000, 0x0000000086e80000, 0x0000000086f00000| 50%| S|CS|TAMS 0x0000000086e00000| PB 0x0000000086e00000| Complete 
|  63|0x0000000086f00000, 0x0000000087000000, 0x0000000087000000|100%| S|CS|TAMS 0x0000000086f00000| PB 0x0000000086f00000| Complete 
|  64|0x0000000087000000, 0x0000000087000000, 0x0000000087100000|  0%| F|  |TAMS 0x0000000087000000| PB 0x0000000087000000| Untracked 
|  65|0x0000000087100000, 0x0000000087100000, 0x0000000087200000|  0%| F|  |TAMS 0x0000000087100000| PB 0x0000000087100000| Untracked 
|  66|0x0000000087200000, 0x0000000087200000, 0x0000000087300000|  0%| F|  |TAMS 0x0000000087200000| PB 0x0000000087200000| Untracked 
|  67|0x0000000087300000, 0x0000000087300000, 0x0000000087400000|  0%| F|  |TAMS 0x0000000087300000| PB 0x0000000087300000| Untracked 
|  68|0x0000000087400000, 0x0000000087400000, 0x0000000087500000|  0%| F|  |TAMS 0x0000000087400000| PB 0x0000000087400000| Untracked 
|  69|0x0000000087500000, 0x0000000087500000, 0x0000000087600000|  0%| F|  |TAMS 0x0000000087500000| PB 0x0000000087500000| Untracked 
|  70|0x0000000087600000, 0x0000000087600000, 0x0000000087700000|  0%| F|  |TAMS 0x0000000087600000| PB 0x0000000087600000| Untracked 
|  71|0x0000000087700000, 0x0000000087700000, 0x0000000087800000|  0%| F|  |TAMS 0x0000000087700000| PB 0x0000000087700000| Untracked 
|  72|0x0000000087800000, 0x0000000087800000, 0x0000000087900000|  0%| F|  |TAMS 0x0000000087800000| PB 0x0000000087800000| Untracked 
|  73|0x0000000087900000, 0x0000000087900000, 0x0000000087a00000|  0%| F|  |TAMS 0x0000000087900000| PB 0x0000000087900000| Untracked 
|  74|0x0000000087a00000, 0x0000000087a00000, 0x0000000087b00000|  0%| F|  |TAMS 0x0000000087a00000| PB 0x0000000087a00000| Untracked 
|  75|0x0000000087b00000, 0x0000000087b00000, 0x0000000087c00000|  0%| F|  |TAMS 0x0000000087b00000| PB 0x0000000087b00000| Untracked 
|  76|0x0000000087c00000, 0x0000000087c00000, 0x0000000087d00000|  0%| F|  |TAMS 0x0000000087c00000| PB 0x0000000087c00000| Untracked 
|  77|0x0000000087d00000, 0x0000000087d00000, 0x0000000087e00000|  0%| F|  |TAMS 0x0000000087d00000| PB 0x0000000087d00000| Untracked 
|  78|0x0000000087e00000, 0x0000000087e00000, 0x0000000087f00000|  0%| F|  |TAMS 0x0000000087e00000| PB 0x0000000087e00000| Untracked 
|  79|0x0000000087f00000, 0x0000000087f00000, 0x0000000088000000|  0%| F|  |TAMS 0x0000000087f00000| PB 0x0000000087f00000| Untracked 
|  80|0x0000000088000000, 0x0000000088000000, 0x0000000088100000|  0%| F|  |TAMS 0x0000000088000000| PB 0x0000000088000000| Untracked 
|  81|0x0000000088100000, 0x0000000088100000, 0x0000000088200000|  0%| F|  |TAMS 0x0000000088100000| PB 0x0000000088100000| Untracked 
|  82|0x0000000088200000, 0x0000000088200000, 0x0000000088300000|  0%| F|  |TAMS 0x0000000088200000| PB 0x0000000088200000| Untracked 
|  83|0x0000000088300000, 0x0000000088300000, 0x0000000088400000|  0%| F|  |TAMS 0x0000000088300000| PB 0x0000000088300000| Untracked 
|  84|0x0000000088400000, 0x0000000088400000, 0x0000000088500000|  0%| F|  |TAMS 0x0000000088400000| PB 0x0000000088400000| Untracked 
|  85|0x0000000088500000, 0x0000000088500000, 0x0000000088600000|  0%| F|  |TAMS 0x0000000088500000| PB 0x0000000088500000| Untracked 
|  86|0x0000000088600000, 0x0000000088600000, 0x0000000088700000|  0%| F|  |TAMS 0x0000000088600000| PB 0x0000000088600000| Untracked 
|  87|0x0000000088700000, 0x0000000088700000, 0x0000000088800000|  0%| F|  |TAMS 0x0000000088700000| PB 0x0000000088700000| Untracked 
|  88|0x0000000088800000, 0x0000000088800000, 0x0000000088900000|  0%| F|  |TAMS 0x0000000088800000| PB 0x0000000088800000| Untracked 
|  89|0x0000000088900000, 0x0000000088900000, 0x0000000088a00000|  0%| F|  |TAMS 0x0000000088900000| PB 0x0000000088900000| Untracked 
|  90|0x0000000088a00000, 0x0000000088a00000, 0x0000000088b00000|  0%| F|  |TAMS 0x0000000088a00000| PB 0x0000000088a00000| Untracked 
|  91|0x0000000088b00000, 0x0000000088b00000, 0x0000000088c00000|  0%| F|  |TAMS 0x0000000088b00000| PB 0x0000000088b00000| Untracked 
|  92|0x0000000088c00000, 0x0000000088c00000, 0x0000000088d00000|  0%| F|  |TAMS 0x0000000088c00000| PB 0x0000000088c00000| Untracked 
|  93|0x0000000088d00000, 0x0000000088d00000, 0x0000000088e00000|  0%| F|  |TAMS 0x0000000088d00000| PB 0x0000000088d00000| Untracked 
|  94|0x0000000088e00000, 0x0000000088e00000, 0x0000000088f00000|  0%| F|  |TAMS 0x0000000088e00000| PB 0x0000000088e00000| Untracked 
|  95|0x0000000088f00000, 0x0000000088f00000, 0x0000000089000000|  0%| F|  |TAMS 0x0000000088f00000| PB 0x0000000088f00000| Untracked 
|  96|0x0000000089000000, 0x0000000089000000, 0x0000000089100000|  0%| F|  |TAMS 0x0000000089000000| PB 0x0000000089000000| Untracked 
|  97|0x0000000089100000, 0x0000000089100000, 0x0000000089200000|  0%| F|  |TAMS 0x0000000089100000| PB 0x0000000089100000| Untracked 
|  98|0x0000000089200000, 0x0000000089200000, 0x0000000089300000|  0%| F|  |TAMS 0x0000000089200000| PB 0x0000000089200000| Untracked 
|  99|0x0000000089300000, 0x0000000089300000, 0x0000000089400000|  0%| F|  |TAMS 0x0000000089300000| PB 0x0000000089300000| Untracked 
| 100|0x0000000089400000, 0x0000000089400000, 0x0000000089500000|  0%| F|  |TAMS 0x0000000089400000| PB 0x0000000089400000| Untracked 
| 101|0x0000000089500000, 0x0000000089500000, 0x0000000089600000|  0%| F|  |TAMS 0x0000000089500000| PB 0x0000000089500000| Untracked 
| 102|0x0000000089600000, 0x0000000089600000, 0x0000000089700000|  0%| F|  |TAMS 0x0000000089600000| PB 0x0000000089600000| Untracked 
| 103|0x0000000089700000, 0x0000000089700000, 0x0000000089800000|  0%| F|  |TAMS 0x0000000089700000| PB 0x0000000089700000| Untracked 
| 104|0x0000000089800000, 0x0000000089800000, 0x0000000089900000|  0%| F|  |TAMS 0x0000000089800000| PB 0x0000000089800000| Untracked 
| 105|0x0000000089900000, 0x0000000089900000, 0x0000000089a00000|  0%| F|  |TAMS 0x0000000089900000| PB 0x0000000089900000| Untracked 
| 106|0x0000000089a00000, 0x0000000089a00000, 0x0000000089b00000|  0%| F|  |TAMS 0x0000000089a00000| PB 0x0000000089a00000| Untracked 
| 107|0x0000000089b00000, 0x0000000089b00000, 0x0000000089c00000|  0%| F|  |TAMS 0x0000000089b00000| PB 0x0000000089b00000| Untracked 
| 108|0x0000000089c00000, 0x0000000089c00000, 0x0000000089d00000|  0%| F|  |TAMS 0x0000000089c00000| PB 0x0000000089c00000| Untracked 
| 109|0x0000000089d00000, 0x0000000089d00000, 0x0000000089e00000|  0%| F|  |TAMS 0x0000000089d00000| PB 0x0000000089d00000| Untracked 
| 110|0x0000000089e00000, 0x0000000089e00000, 0x0000000089f00000|  0%| F|  |TAMS 0x0000000089e00000| PB 0x0000000089e00000| Untracked 
| 111|0x0000000089f00000, 0x0000000089f00000, 0x000000008a000000|  0%| F|  |TAMS 0x0000000089f00000| PB 0x0000000089f00000| Untracked 
| 112|0x000000008a000000, 0x000000008a000000, 0x000000008a100000|  0%| F|  |TAMS 0x000000008a000000| PB 0x000000008a000000| Untracked 
| 113|0x000000008a100000, 0x000000008a100000, 0x000000008a200000|  0%| F|  |TAMS 0x000000008a100000| PB 0x000000008a100000| Untracked 
| 114|0x000000008a200000, 0x000000008a200000, 0x000000008a300000|  0%| F|  |TAMS 0x000000008a200000| PB 0x000000008a200000| Untracked 
| 115|0x000000008a300000, 0x000000008a300000, 0x000000008a400000|  0%| F|  |TAMS 0x000000008a300000| PB 0x000000008a300000| Untracked 
| 116|0x000000008a400000, 0x000000008a400000, 0x000000008a500000|  0%| F|  |TAMS 0x000000008a400000| PB 0x000000008a400000| Untracked 
| 117|0x000000008a500000, 0x000000008a500000, 0x000000008a600000|  0%| F|  |TAMS 0x000000008a500000| PB 0x000000008a500000| Untracked 
| 118|0x000000008a600000, 0x000000008a600000, 0x000000008a700000|  0%| F|  |TAMS 0x000000008a600000| PB 0x000000008a600000| Untracked 
| 119|0x000000008a700000, 0x000000008a700000, 0x000000008a800000|  0%| F|  |TAMS 0x000000008a700000| PB 0x000000008a700000| Untracked 
| 120|0x000000008a800000, 0x000000008a800000, 0x000000008a900000|  0%| F|  |TAMS 0x000000008a800000| PB 0x000000008a800000| Untracked 
| 121|0x000000008a900000, 0x000000008a900000, 0x000000008aa00000|  0%| F|  |TAMS 0x000000008a900000| PB 0x000000008a900000| Untracked 
| 122|0x000000008aa00000, 0x000000008aa00000, 0x000000008ab00000|  0%| F|  |TAMS 0x000000008aa00000| PB 0x000000008aa00000| Untracked 
| 123|0x000000008ab00000, 0x000000008ab00000, 0x000000008ac00000|  0%| F|  |TAMS 0x000000008ab00000| PB 0x000000008ab00000| Untracked 
| 124|0x000000008ac00000, 0x000000008ac00000, 0x000000008ad00000|  0%| F|  |TAMS 0x000000008ac00000| PB 0x000000008ac00000| Untracked 
| 125|0x000000008ad00000, 0x000000008ad00000, 0x000000008ae00000|  0%| F|  |TAMS 0x000000008ad00000| PB 0x000000008ad00000| Untracked 
| 126|0x000000008ae00000, 0x000000008ae00000, 0x000000008af00000|  0%| F|  |TAMS 0x000000008ae00000| PB 0x000000008ae00000| Untracked 
| 127|0x000000008af00000, 0x000000008af00000, 0x000000008b000000|  0%| F|  |TAMS 0x000000008af00000| PB 0x000000008af00000| Untracked 
| 128|0x000000008b000000, 0x000000008b000000, 0x000000008b100000|  0%| F|  |TAMS 0x000000008b000000| PB 0x000000008b000000| Untracked 
| 129|0x000000008b100000, 0x000000008b100000, 0x000000008b200000|  0%| F|  |TAMS 0x000000008b100000| PB 0x000000008b100000| Untracked 
| 130|0x000000008b200000, 0x000000008b200000, 0x000000008b300000|  0%| F|  |TAMS 0x000000008b200000| PB 0x000000008b200000| Untracked 
| 131|0x000000008b300000, 0x000000008b300000, 0x000000008b400000|  0%| F|  |TAMS 0x000000008b300000| PB 0x000000008b300000| Untracked 
| 132|0x000000008b400000, 0x000000008b400000, 0x000000008b500000|  0%| F|  |TAMS 0x000000008b400000| PB 0x000000008b400000| Untracked 
| 133|0x000000008b500000, 0x000000008b500000, 0x000000008b600000|  0%| F|  |TAMS 0x000000008b500000| PB 0x000000008b500000| Untracked 
| 134|0x000000008b600000, 0x000000008b600000, 0x000000008b700000|  0%| F|  |TAMS 0x000000008b600000| PB 0x000000008b600000| Untracked 
| 135|0x000000008b700000, 0x000000008b700000, 0x000000008b800000|  0%| F|  |TAMS 0x000000008b700000| PB 0x000000008b700000| Untracked 
| 136|0x000000008b800000, 0x000000008b800000, 0x000000008b900000|  0%| F|  |TAMS 0x000000008b800000| PB 0x000000008b800000| Untracked 
| 137|0x000000008b900000, 0x000000008b900000, 0x000000008ba00000|  0%| F|  |TAMS 0x000000008b900000| PB 0x000000008b900000| Untracked 
| 138|0x000000008ba00000, 0x000000008ba00000, 0x000000008bb00000|  0%| F|  |TAMS 0x000000008ba00000| PB 0x000000008ba00000| Untracked 
| 139|0x000000008bb00000, 0x000000008bb00000, 0x000000008bc00000|  0%| F|  |TAMS 0x000000008bb00000| PB 0x000000008bb00000| Untracked 
| 140|0x000000008bc00000, 0x000000008bd00000, 0x000000008bd00000|100%| E|  |TAMS 0x000000008bc00000| PB 0x000000008bc00000| Complete 
| 141|0x000000008bd00000, 0x000000008be00000, 0x000000008be00000|100%| E|CS|TAMS 0x000000008bd00000| PB 0x000000008bd00000| Complete 
| 142|0x000000008be00000, 0x000000008bf00000, 0x000000008bf00000|100%| E|CS|TAMS 0x000000008be00000| PB 0x000000008be00000| Complete 
| 143|0x000000008bf00000, 0x000000008c000000, 0x000000008c000000|100%| E|CS|TAMS 0x000000008bf00000| PB 0x000000008bf00000| Complete 
| 144|0x000000008c000000, 0x000000008c100000, 0x000000008c100000|100%| E|CS|TAMS 0x000000008c000000| PB 0x000000008c000000| Complete 
| 145|0x000000008c100000, 0x000000008c200000, 0x000000008c200000|100%| E|CS|TAMS 0x000000008c100000| PB 0x000000008c100000| Complete 
| 146|0x000000008c200000, 0x000000008c300000, 0x000000008c300000|100%| E|CS|TAMS 0x000000008c200000| PB 0x000000008c200000| Complete 
| 147|0x000000008c300000, 0x000000008c400000, 0x000000008c400000|100%| E|CS|TAMS 0x000000008c300000| PB 0x000000008c300000| Complete 
| 148|0x000000008c400000, 0x000000008c500000, 0x000000008c500000|100%| E|CS|TAMS 0x000000008c400000| PB 0x000000008c400000| Complete 
|1988|0x00000000ff400000, 0x00000000ff500000, 0x00000000ff500000|100%| O|  |TAMS 0x00000000ff400000| PB 0x00000000ff400000| Untracked 
|1989|0x00000000ff500000, 0x00000000ff600000, 0x00000000ff600000|100%| O|  |TAMS 0x00000000ff500000| PB 0x00000000ff500000| Untracked 
|1990|0x00000000ff600000, 0x00000000ff700000, 0x00000000ff700000|100%| O|  |TAMS 0x00000000ff600000| PB 0x00000000ff600000| Untracked 
|1991|0x00000000ff700000, 0x00000000ff800000, 0x00000000ff800000|100%| O|  |TAMS 0x00000000ff700000| PB 0x00000000ff700000| Untracked 
|1992|0x00000000ff800000, 0x00000000ff900000, 0x00000000ff900000|100%| O|  |TAMS 0x00000000ff800000| PB 0x00000000ff800000| Untracked 
|1993|0x00000000ff900000, 0x00000000ffa00000, 0x00000000ffa00000|100%| O|  |TAMS 0x00000000ff900000| PB 0x00000000ff900000| Untracked 
|1994|0x00000000ffa00000, 0x00000000ffb00000, 0x00000000ffb00000|100%| O|  |TAMS 0x00000000ffa00000| PB 0x00000000ffa00000| Untracked 
|1995|0x00000000ffb00000, 0x00000000ffc00000, 0x00000000ffc00000|100%| O|  |TAMS 0x00000000ffb00000| PB 0x00000000ffb00000| Untracked 
|1996|0x00000000ffc00000, 0x00000000ffd00000, 0x00000000ffd00000|100%| O|  |TAMS 0x00000000ffc00000| PB 0x00000000ffc00000| Untracked 
|1997|0x00000000ffd00000, 0x00000000ffe00000, 0x00000000ffe00000|100%| O|  |TAMS 0x00000000ffd00000| PB 0x00000000ffd00000| Untracked 
|1998|0x00000000ffe00000, 0x00000000fff00000, 0x00000000fff00000|100%| O|  |TAMS 0x00000000ffe00000| PB 0x00000000ffe00000| Untracked 
|1999|0x00000000fff00000, 0x0000000100000000, 0x0000000100000000|100%| O|  |TAMS 0x00000000fff00000| PB 0x00000000fff00000| Untracked 

Card table byte_map: [0x000002207da50000,0x000002207de40000] _byte_map_base: 0x000002207d638000

Marking Bits: (CMBitMap*) 0x000002207b20a8c0
 Bits: [0x000002207de40000, 0x000002207fd80000)

Polling page: 0x000002207b270000

Metaspace:

Usage:
  Non-class:     26.63 MB used.
      Class:      3.28 MB used.
       Both:     29.91 MB used.

Virtual space:
  Non-class space:       64.00 MB reserved,      26.88 MB ( 42%) committed,  1 nodes.
      Class space:        1.00 GB reserved,       3.50 MB ( <1%) committed,  1 nodes.
             Both:        1.06 GB reserved,      30.38 MB (  3%) committed. 

Chunk freelists:
   Non-Class:  4.91 MB
       Class:  12.22 MB
        Both:  17.13 MB

MaxMetaspaceSize: unlimited
CompressedClassSpaceSize: 1.00 GB
Initial GC threshold: 21.00 MB
Current GC threshold: 35.44 MB
CDS: on
 - commit_granule_bytes: 65536.
 - commit_granule_words: 8192.
 - virtual_space_node_default_size: 8388608.
 - enlarge_chunks_in_place: 1.
 - use_allocation_guard: 0.


Internal statistics:

num_allocs_failed_limit: 3.
num_arena_births: 454.
num_arena_deaths: 0.
num_vsnodes_births: 2.
num_vsnodes_deaths: 0.
num_space_committed: 486.
num_space_uncommitted: 0.
num_chunks_returned_to_freelist: 3.
num_chunks_taken_from_freelist: 1601.
num_chunk_merges: 3.
num_chunk_splits: 1116.
num_chunks_enlarged: 833.
num_inconsistent_stats: 0.

CodeHeap 'non-profiled nmethods': size=120000Kb used=4207Kb max_used=4207Kb free=115792Kb
 bounds [0x00000220100f0000, 0x0000022010510000, 0x0000022017620000]
CodeHeap 'profiled nmethods': size=120000Kb used=16911Kb max_used=16911Kb free=103089Kb
 bounds [0x0000022008620000, 0x00000220096b0000, 0x000002200fb50000]
CodeHeap 'non-nmethods': size=5760Kb used=1469Kb max_used=1524Kb free=4290Kb
 bounds [0x000002200fb50000, 0x000002200fdc0000, 0x00000220100f0000]
 total_blobs=8190 nmethods=7640 adapters=454
 compilation: enabled
              stopped_count=0, restarted_count=0
 full_count=0

Compilation events (20 events):
Event: 7.467 Thread 0x0000022019f70080 7625       2       java.nio.Buffer::nextGetIndex (30 bytes)
Event: 7.467 Thread 0x0000022019f70080 nmethod 7625 0x0000022009694490 code [0x0000022009694640, 0x00000220096947c0]
Event: 7.467 Thread 0x0000022019f70080 7622       2       com.sun.tools.javac.util.Options::keySet (8 bytes)
Event: 7.467 Thread 0x0000022019f70080 nmethod 7622 0x0000022009694890 code [0x0000022009694a40, 0x0000022009694b70]
Event: 7.467 Thread 0x0000022019f70080 7623       2       java.lang.invoke.DirectMethodHandle$Holder::invokeStatic (14 bytes)
Event: 7.467 Thread 0x0000022019f70080 nmethod 7623 0x0000022009694c90 code [0x0000022009694e40, 0x0000022009694f98]
Event: 7.467 Thread 0x0000022019f70080 7626       2       com.sun.tools.javac.tree.TreeScanner::visitSelect (9 bytes)
Event: 7.467 Thread 0x0000022019f70080 nmethod 7626 0x0000022009695090 code [0x0000022009695240, 0x0000022009695378]
Event: 7.467 Thread 0x0000022019f70080 7627       2       lombok.javac.JavacTreeMaker::invoke (10 bytes)
Event: 7.468 Thread 0x0000022019f70080 nmethod 7627 0x0000022009695490 code [0x0000022009695640, 0x0000022009695760]
Event: 7.468 Thread 0x0000022019f70080 7628   !   2       lombok.javac.JavacTreeMaker::invokeAny (83 bytes)
Event: 7.469 Thread 0x0000022019f70080 nmethod 7628 0x0000022009695810 code [0x0000022009695b40, 0x0000022009696658]
Event: 7.469 Thread 0x0000022019f70080 7629       2       com.sun.tools.javac.code.Types$ImplementationCache$Entry::matches (30 bytes)
Event: 7.470 Thread 0x0000022019f70080 nmethod 7629 0x0000022009697110 code [0x00000220096972a0, 0x00000220096973e0]
Event: 7.471 Thread 0x0000022019f70080 7631       2       com.sun.tools.javac.code.Type::equalsIgnoreMetadata (12 bytes)
Event: 7.471 Thread 0x0000022019f70080 nmethod 7631 0x0000022009697490 code [0x0000022009697680, 0x00000220096978a8]
Event: 7.471 Thread 0x0000022019f70080 7632       2       com.sun.tools.javac.tree.TreeInfo$DeclScanner::visitMethodDef (18 bytes)
Event: 7.471 Thread 0x0000022019f70080 nmethod 7632 0x0000022009697a10 code [0x0000022009697bc0, 0x0000022009697d38]
Event: 7.474 Thread 0x0000022019f70080 7633       2       sun.net.util.IPAddressUtil::scan (62 bytes)
Event: 7.475 Thread 0x0000022019f70080 nmethod 7633 0x0000022009697e10 code [0x0000022009697fe0, 0x0000022009698360]

GC Heap History (16 events):
Event: 0.653 GC heap before
{Heap before GC invocations=0 (full 0):
 garbage-first heap   total 129024K, used 23552K [0x0000000083000000, 0x0000000100000000)
  region size 1024K, 23 young (23552K), 0 survivors (0K)
 Metaspace       used 5815K, committed 6016K, reserved 1114112K
  class space    used 664K, committed 768K, reserved 1048576K
}
Event: 0.659 GC heap after
{Heap after GC invocations=1 (full 0):
 garbage-first heap   total 129024K, used 3906K [0x0000000083000000, 0x0000000100000000)
  region size 1024K, 3 young (3072K), 3 survivors (3072K)
 Metaspace       used 5815K, committed 6016K, reserved 1114112K
  class space    used 664K, committed 768K, reserved 1048576K
}
Event: 1.303 GC heap before
{Heap before GC invocations=1 (full 0):
 garbage-first heap   total 129024K, used 35650K [0x0000000083000000, 0x0000000100000000)
  region size 1024K, 34 young (34816K), 3 survivors (3072K)
 Metaspace       used 11028K, committed 11264K, reserved 1114112K
  class space    used 1292K, committed 1408K, reserved 1048576K
}
Event: 1.309 GC heap after
{Heap after GC invocations=2 (full 0):
 garbage-first heap   total 129024K, used 6137K [0x0000000083000000, 0x0000000100000000)
  region size 1024K, 3 young (3072K), 3 survivors (3072K)
 Metaspace       used 11028K, committed 11264K, reserved 1114112K
  class space    used 1292K, committed 1408K, reserved 1048576K
}
Event: 2.775 GC heap before
{Heap before GC invocations=2 (full 0):
 garbage-first heap   total 129024K, used 79865K [0x0000000083000000, 0x0000000100000000)
  region size 1024K, 75 young (76800K), 3 survivors (3072K)
 Metaspace       used 16210K, committed 16448K, reserved 1114112K
  class space    used 1839K, committed 1920K, reserved 1048576K
}
Event: 2.791 GC heap after
{Heap after GC invocations=3 (full 0):
 garbage-first heap   total 129024K, used 14336K [0x0000000083000000, 0x0000000100000000)
  region size 1024K, 10 young (10240K), 10 survivors (10240K)
 Metaspace       used 16210K, committed 16448K, reserved 1114112K
  class space    used 1839K, committed 1920K, reserved 1048576K
}
Event: 3.974 GC heap before
{Heap before GC invocations=3 (full 0):
 garbage-first heap   total 129024K, used 80896K [0x0000000083000000, 0x0000000100000000)
  region size 1024K, 75 young (76800K), 10 survivors (10240K)
 Metaspace       used 17390K, committed 17664K, reserved 1114112K
  class space    used 1928K, committed 2048K, reserved 1048576K
}
Event: 3.994 GC heap after
{Heap after GC invocations=4 (full 0):
 garbage-first heap   total 129024K, used 19582K [0x0000000083000000, 0x0000000100000000)
  region size 1024K, 6 young (6144K), 6 survivors (6144K)
 Metaspace       used 17390K, committed 17664K, reserved 1114112K
  class space    used 1928K, committed 2048K, reserved 1048576K
}
Event: 5.324 GC heap before
{Heap before GC invocations=4 (full 0):
 garbage-first heap   total 129024K, used 69758K [0x0000000083000000, 0x0000000100000000)
  region size 1024K, 51 young (52224K), 6 survivors (6144K)
 Metaspace       used 21239K, committed 21504K, reserved 1114112K
  class space    used 2332K, committed 2432K, reserved 1048576K
}
Event: 5.340 GC heap after
{Heap after GC invocations=5 (full 0):
 garbage-first heap   total 129024K, used 29696K [0x0000000083000000, 0x0000000100000000)
  region size 1024K, 6 young (6144K), 6 survivors (6144K)
 Metaspace       used 21239K, committed 21504K, reserved 1114112K
  class space    used 2332K, committed 2432K, reserved 1048576K
}
Event: 6.318 GC heap before
{Heap before GC invocations=6 (full 0):
 garbage-first heap   total 99328K, used 99328K [0x0000000083000000, 0x0000000100000000)
  region size 1024K, 72 young (73728K), 6 survivors (6144K)
 Metaspace       used 27575K, committed 27968K, reserved 1114112K
  class space    used 3047K, committed 3200K, reserved 1048576K
}
Event: 6.344 GC heap after
{Heap after GC invocations=7 (full 0):
 garbage-first heap   total 121856K, used 46080K [0x0000000083000000, 0x0000000100000000)
  region size 1024K, 10 young (10240K), 10 survivors (10240K)
 Metaspace       used 27575K, committed 27968K, reserved 1114112K
  class space    used 3047K, committed 3200K, reserved 1048576K
}
Event: 6.608 GC heap before
{Heap before GC invocations=7 (full 0):
 garbage-first heap   total 121856K, used 97280K [0x0000000083000000, 0x0000000100000000)
  region size 1024K, 60 young (61440K), 10 survivors (10240K)
 Metaspace       used 28196K, committed 28608K, reserved 1114112K
  class space    used 3069K, committed 3264K, reserved 1048576K
}
Event: 6.636 GC heap after
{Heap after GC invocations=8 (full 0):
 garbage-first heap   total 121856K, used 55296K [0x0000000083000000, 0x0000000100000000)
  region size 1024K, 8 young (8192K), 8 survivors (8192K)
 Metaspace       used 28196K, committed 28608K, reserved 1114112K
  class space    used 3069K, committed 3264K, reserved 1048576K
}
Event: 7.332 GC heap before
{Heap before GC invocations=8 (full 0):
 garbage-first heap   total 121856K, used 98304K [0x0000000083000000, 0x0000000100000000)
  region size 1024K, 51 young (52224K), 8 survivors (8192K)
 Metaspace       used 30152K, committed 30464K, reserved 1114112K
  class space    used 3276K, committed 3456K, reserved 1048576K
}
Event: 7.348 GC heap after
{Heap after GC invocations=9 (full 0):
 garbage-first heap   total 164864K, used 57344K [0x0000000083000000, 0x0000000100000000)
  region size 1024K, 2 young (2048K), 2 survivors (2048K)
 Metaspace       used 30152K, committed 30464K, reserved 1114112K
  class space    used 3276K, committed 3456K, reserved 1048576K
}

Dll operation events (8 events):
Event: 0.008 Loaded shared library C:\Users\bdjar\AppData\Local\Programs\Eclipse Adoptium\jdk-21.0.6.7-hotspot\bin\java.dll
Event: 0.036 Loaded shared library C:\Users\bdjar\AppData\Local\Programs\Eclipse Adoptium\jdk-21.0.6.7-hotspot\bin\jsvml.dll
Event: 0.052 Loaded shared library C:\Users\bdjar\AppData\Local\Programs\Eclipse Adoptium\jdk-21.0.6.7-hotspot\bin\net.dll
Event: 0.054 Loaded shared library C:\Users\bdjar\AppData\Local\Programs\Eclipse Adoptium\jdk-21.0.6.7-hotspot\bin\nio.dll
Event: 0.058 Loaded shared library C:\Users\bdjar\AppData\Local\Programs\Eclipse Adoptium\jdk-21.0.6.7-hotspot\bin\zip.dll
Event: 0.187 Loaded shared library C:\Users\bdjar\AppData\Local\Programs\Eclipse Adoptium\jdk-21.0.6.7-hotspot\bin\jimage.dll
Event: 0.218 Loaded shared library C:\maven\apache-maven-3.9.6\lib\jansi-native\Windows\x86_64\jansi.dll
Event: 0.230 Loaded shared library C:\Users\bdjar\AppData\Local\Programs\Eclipse Adoptium\jdk-21.0.6.7-hotspot\bin\verify.dll

Deoptimization events (20 events):
Event: 7.395 Thread 0x000002207b06b740 Uncommon trap: trap_request=0xffffffde fr.pc=0x00000220103a4174 relative=0x0000000000000054
Event: 7.395 Thread 0x000002207b06b740 Uncommon trap: reason=class_check action=maybe_recompile pc=0x00000220103a4174 method=java.lang.invoke.DirectMethodHandle.internalMemberName(Ljava/lang/Object;)Ljava/lang/Object; @ 1 c2
Event: 7.395 Thread 0x000002207b06b740 DEOPT PACKING pc=0x00000220103a4174 sp=0x000000ccde8fcb80
Event: 7.395 Thread 0x000002207b06b740 DEOPT UNPACKING pc=0x000002200fba46a2 sp=0x000000ccde8fcb10 mode 2
Event: 7.399 Thread 0x000002207b06b740 Uncommon trap: trap_request=0xffffff45 fr.pc=0x00000220103ccc20 relative=0x0000000000000240
Event: 7.399 Thread 0x000002207b06b740 Uncommon trap: reason=unstable_if action=reinterpret pc=0x00000220103ccc20 method=java.lang.invoke.MethodType.methodType(Ljava/lang/Class;[Ljava/lang/Class;Z)Ljava/lang/invoke/MethodType; @ 53 c2
Event: 7.399 Thread 0x000002207b06b740 DEOPT PACKING pc=0x00000220103ccc20 sp=0x000000ccde8f9460
Event: 7.399 Thread 0x000002207b06b740 DEOPT UNPACKING pc=0x000002200fba46a2 sp=0x000000ccde8f93e0 mode 2
Event: 7.401 Thread 0x000002207b06b740 Uncommon trap: trap_request=0xffffffde fr.pc=0x00000220103a4174 relative=0x0000000000000054
Event: 7.401 Thread 0x000002207b06b740 Uncommon trap: reason=class_check action=maybe_recompile pc=0x00000220103a4174 method=java.lang.invoke.DirectMethodHandle.internalMemberName(Ljava/lang/Object;)Ljava/lang/Object; @ 1 c2
Event: 7.401 Thread 0x000002207b06b740 DEOPT PACKING pc=0x00000220103a4174 sp=0x000000ccde8fcab0
Event: 7.401 Thread 0x000002207b06b740 DEOPT UNPACKING pc=0x000002200fba46a2 sp=0x000000ccde8fca40 mode 2
Event: 7.401 Thread 0x000002207b06b740 Uncommon trap: trap_request=0xffffffde fr.pc=0x00000220103a4174 relative=0x0000000000000054
Event: 7.401 Thread 0x000002207b06b740 Uncommon trap: reason=class_check action=maybe_recompile pc=0x00000220103a4174 method=java.lang.invoke.DirectMethodHandle.internalMemberName(Ljava/lang/Object;)Ljava/lang/Object; @ 1 c2
Event: 7.401 Thread 0x000002207b06b740 DEOPT PACKING pc=0x00000220103a4174 sp=0x000000ccde8fcb80
Event: 7.401 Thread 0x000002207b06b740 DEOPT UNPACKING pc=0x000002200fba46a2 sp=0x000000ccde8fcb10 mode 2
Event: 7.401 Thread 0x000002207b06b740 Uncommon trap: trap_request=0xffffff45 fr.pc=0x00000220103c2c2c relative=0x00000000000060cc
Event: 7.401 Thread 0x000002207b06b740 Uncommon trap: reason=unstable_if action=reinterpret pc=0x00000220103c2c2c method=java.lang.invoke.MethodType.genericMethodType(IZ)Ljava/lang/invoke/MethodType; @ 38 c2
Event: 7.401 Thread 0x000002207b06b740 DEOPT PACKING pc=0x00000220103c2c2c sp=0x000000ccde8fc6e0
Event: 7.401 Thread 0x000002207b06b740 DEOPT UNPACKING pc=0x000002200fba46a2 sp=0x000000ccde8fc508 mode 2

Classes loaded (20 events):
Event: 7.135 Loading class java/util/Collections$UnmodifiableSortedSet
Event: 7.135 Loading class java/util/Collections$UnmodifiableSortedSet done
Event: 7.143 Loading class java/util/IdentityHashMap$EntrySet
Event: 7.143 Loading class java/util/IdentityHashMap$EntrySet done
Event: 7.144 Loading class java/util/IdentityHashMap$EntryIterator
Event: 7.144 Loading class java/util/IdentityHashMap$EntryIterator done
Event: 7.144 Loading class java/util/IdentityHashMap$EntryIterator$Entry
Event: 7.144 Loading class java/util/IdentityHashMap$EntryIterator$Entry done
Event: 7.153 Loading class java/util/function/UnaryOperator
Event: 7.153 Loading class java/util/function/UnaryOperator done
Event: 7.164 Loading class java/util/regex/Pattern$Caret
Event: 7.164 Loading class java/util/regex/Pattern$Caret done
Event: 7.368 Loading class java/util/regex/Pattern$SliceI
Event: 7.368 Loading class java/util/regex/Pattern$SliceI done
Event: 7.442 Loading class java/util/regex/Pattern$Loop
Event: 7.442 Loading class java/util/regex/Pattern$Loop done
Event: 7.442 Loading class java/util/regex/Pattern$Prolog
Event: 7.442 Loading class java/util/regex/Pattern$Prolog done
Event: 7.453 Loading class java/util/regex/Pattern$LazyLoop
Event: 7.453 Loading class java/util/regex/Pattern$LazyLoop done

Classes unloaded (0 events):
No events

Classes redefined (0 events):
No events

Internal exceptions (20 events):
Event: 6.569 Thread 0x000002207b06b740 Exception <a 'sun/nio/fs/WindowsException'{0x00000000861b0740}> (0x00000000861b0740) 
thrown [s\src\hotspot\share\prims\jni.cpp, line 520]
Event: 6.569 Thread 0x000002207b06b740 Exception <a 'sun/nio/fs/WindowsException'{0x00000000861b1150}> (0x00000000861b1150) 
thrown [s\src\hotspot\share\prims\jni.cpp, line 520]
Event: 6.582 Thread 0x000002207b06b740 Exception <a 'sun/nio/fs/WindowsException'{0x00000000860555a8}> (0x00000000860555a8) 
thrown [s\src\hotspot\share\prims\jni.cpp, line 520]
Event: 6.582 Thread 0x000002207b06b740 Exception <a 'sun/nio/fs/WindowsException'{0x000000008605e8b0}> (0x000000008605e8b0) 
thrown [s\src\hotspot\share\prims\jni.cpp, line 520]
Event: 6.582 Thread 0x000002207b06b740 Exception <a 'sun/nio/fs/WindowsException'{0x0000000086072168}> (0x0000000086072168) 
thrown [s\src\hotspot\share\prims\jni.cpp, line 520]
Event: 6.582 Thread 0x000002207b06b740 Exception <a 'sun/nio/fs/WindowsException'{0x00000000860730e8}> (0x00000000860730e8) 
thrown [s\src\hotspot\share\prims\jni.cpp, line 520]
Event: 6.693 Thread 0x000002207b06b740 Implicit null exception at 0x0000022010242b00 to 0x0000022010242fc8
Event: 6.710 Thread 0x000002207b06b740 Implicit null exception at 0x00000220103284a0 to 0x00000220103286a0
Event: 7.211 Thread 0x000002207b06b740 Implicit null exception at 0x0000022010353ccd to 0x0000022010354340
Event: 7.393 Thread 0x000002207b06b740 Exception <a 'java/lang/NoSuchMethodError'{0x000000008c237260}: 'void java.lang.invoke.DirectMethodHandle$Holder.invokeInterface(java.lang.Object, java.lang.Object, java.lang.Object, int)'> (0x000000008c237260) 
thrown [s\src\hotspot\share\interpreter\linkResolver.cpp, line 773]
Event: 7.394 Thread 0x000002207b06b740 Exception <a 'java/lang/NoSuchMethodError'{0x000000008c23e948}: 'void java.lang.invoke.DelegatingMethodHandle$Holder.reinvoke_L(java.lang.Object, java.lang.Object, java.lang.Object, int)'> (0x000000008c23e948) 
thrown [s\src\hotspot\share\interpreter\linkResolver.cpp, line 773]
Event: 7.395 Thread 0x000002207b06b740 Exception <a 'java/lang/NoSuchMethodError'{0x000000008c256818}: 'java.lang.Object java.lang.invoke.DirectMethodHandle$Holder.invokeSpecial(java.lang.Object, java.lang.Object, java.lang.Object, long, java.lang.Object)'> (0x000000008c256818) 
thrown [s\src\hotspot\share\interpreter\linkResolver.cpp, line 773]
Event: 7.395 Thread 0x000002207b06b740 Exception <a 'java/lang/NoSuchMethodError'{0x000000008c25a4e8}: 'java.lang.Object java.lang.invoke.DelegatingMethodHandle$Holder.reinvoke_L(java.lang.Object, java.lang.Object, long, java.lang.Object)'> (0x000000008c25a4e8) 
thrown [s\src\hotspot\share\interpreter\linkResolver.cpp, line 773]
Event: 7.396 Thread 0x000002207b06b740 Exception <a 'java/lang/NoSuchMethodError'{0x000000008c26b5f0}: 'java.lang.Object java.lang.invoke.DirectMethodHandle$Holder.invokeVirtual(java.lang.Object, java.lang.Object, java.lang.Object, java.lang.Object, java.lang.Object, java.lang.Object)'> (0x000000008c26b5f0) 
thrown [s\src\hotspot\share\interpreter\linkResolver.cpp, line 773]
Event: 7.397 Thread 0x000002207b06b740 Exception <a 'java/lang/NoSuchMethodError'{0x000000008c27e7a0}: 'java.lang.Object java.lang.invoke.DirectMethodHandle$Holder.invokeStatic(java.lang.Object, java.lang.Object, int)'> (0x000000008c27e7a0) 
thrown [s\src\hotspot\share\interpreter\linkResolver.cpp, line 773]
Event: 7.398 Thread 0x000002207b06b740 Exception <a 'java/lang/NoSuchMethodError'{0x000000008c289168}: 'void java.lang.invoke.DirectMethodHandle$Holder.invokeStatic(java.lang.Object, java.lang.Object, int, java.lang.Object)'> (0x000000008c289168) 
thrown [s\src\hotspot\share\interpreter\linkResolver.cpp, line 773]
Event: 7.398 Thread 0x000002207b06b740 Exception <a 'java/lang/NoSuchMethodError'{0x000000008c290450}: 'void java.lang.invoke.DelegatingMethodHandle$Holder.delegate(java.lang.Object, java.lang.Object, int, java.lang.Object)'> (0x000000008c290450) 
thrown [s\src\hotspot\share\interpreter\linkResolver.cpp, line 773]
Event: 7.399 Thread 0x000002207b06b740 Exception <a 'java/lang/NoSuchMethodError'{0x000000008c2a03e8}: 'java.lang.Object java.lang.invoke.DirectMethodHandle$Holder.invokeVirtual(java.lang.Object, java.lang.Object, java.lang.Object, java.lang.Object)'> (0x000000008c2a03e8) 
thrown [s\src\hotspot\share\interpreter\linkResolver.cpp, line 773]
Event: 7.401 Thread 0x000002207b06b740 Exception <a 'java/lang/NoSuchMethodError'{0x000000008c2c3d30}: 'java.lang.Object java.lang.invoke.DirectMethodHandle$Holder.invokeVirtual(java.lang.Object, java.lang.Object, java.lang.Object, java.lang.Object, java.lang.Object, java.lang.Object, java.lang.Object, java.lang.Object, java.lang.Object, java.lang.Object)'> (0x000000008c2c3d30) 
thrown [s\src\hotspot\share\interpreter\linkResolver.cpp, line 773]
Event: 7.419 Thread 0x000002207b06b740 Exception <a 'java/lang/NoSuchMethodError'{0x000000008c144310}: 'void java.lang.invoke.DirectMethodHandle$Holder.invokeVirtual(java.lang.Object, java.lang.Object, java.lang.Object, java.lang.Object)'> (0x000000008c144310) 
thrown [s\src\hotspot\share\interpreter\linkResolver.cpp, line 773]

ZGC Phase Switch (0 events):
No events

VM Operations (20 events):
Event: 5.385 Executing VM operation: G1PauseCleanup
Event: 5.385 Executing VM operation: G1PauseCleanup done
Event: 6.173 Executing VM operation: HandshakeAllThreads (Deoptimize)
Event: 6.173 Executing VM operation: HandshakeAllThreads (Deoptimize) done
Event: 6.205 Executing VM operation: ICBufferFull
Event: 6.205 Executing VM operation: ICBufferFull done
Event: 6.318 Executing VM operation: G1CollectForAllocation (G1 Evacuation Pause)
Event: 6.344 Executing VM operation: G1CollectForAllocation (G1 Evacuation Pause) done
Event: 6.419 Executing VM operation: HandshakeAllThreads (Deoptimize)
Event: 6.419 Executing VM operation: HandshakeAllThreads (Deoptimize) done
Event: 6.444 Executing VM operation: ICBufferFull
Event: 6.444 Executing VM operation: ICBufferFull done
Event: 6.545 Executing VM operation: ICBufferFull
Event: 6.545 Executing VM operation: ICBufferFull done
Event: 6.591 Executing VM operation: HandshakeAllThreads (Deoptimize)
Event: 6.591 Executing VM operation: HandshakeAllThreads (Deoptimize) done
Event: 6.608 Executing VM operation: G1CollectForAllocation (G1 Evacuation Pause)
Event: 6.636 Executing VM operation: G1CollectForAllocation (G1 Evacuation Pause) done
Event: 7.332 Executing VM operation: G1CollectForAllocation (G1 Evacuation Pause)
Event: 7.348 Executing VM operation: G1CollectForAllocation (G1 Evacuation Pause) done

Memory protections (0 events):
No events

Nmethod flushes (0 events):
No events

Events (16 events):
Event: 0.021 Thread 0x000002207b06b740 Thread added: 0x000002207b06b740
Event: 0.034 Thread 0x000002207b06b740 Thread added: 0x0000022019f571c0
Event: 0.034 Thread 0x000002207b06b740 Thread added: 0x0000022019f57e10
Event: 0.034 Thread 0x000002207b06b740 Thread added: 0x0000022019f5c880
Event: 0.034 Thread 0x000002207b06b740 Thread added: 0x0000022019f5d2d0
Event: 0.034 Thread 0x000002207b06b740 Thread added: 0x0000022019f5f450
Event: 0.034 Thread 0x000002207b06b740 Thread added: 0x0000022019f67ac0
Event: 0.034 Thread 0x000002207b06b740 Thread added: 0x0000022019f69ad0
Event: 0.034 Thread 0x000002207b06b740 Thread added: 0x0000022019f70080
Event: 0.047 Thread 0x000002207b06b740 Thread added: 0x000002205f17a410
Event: 0.048 Thread 0x000002207b06b740 Thread added: 0x000002205f17f070
Event: 0.385 Thread 0x0000022019f70080 Thread added: 0x000002205f5ff230
Event: 0.605 Thread 0x0000022019f70080 Thread added: 0x000002205fb155a0
Event: 3.892 Thread 0x000002205fb155a0 Thread exited: 0x000002205fb155a0
Event: 4.224 Thread 0x000002205f5ff230 Thread exited: 0x000002205f5ff230
Event: 4.512 Thread 0x0000022019f70080 Thread added: 0x000002205f5ff230


Dynamic libraries:
0x00007ff64ffc0000 - 0x00007ff64ffce000 	C:\Users\bdjar\AppData\Local\Programs\Eclipse Adoptium\jdk-21.0.6.7-hotspot\bin\java.exe
0x00007ffd2fd20000 - 0x00007ffd2ff85000 	C:\WINDOWS\SYSTEM32\ntdll.dll
0x00007ffd2e970000 - 0x00007ffd2ea39000 	C:\WINDOWS\System32\KERNEL32.DLL
0x00007ffd2cf10000 - 0x00007ffd2d2f8000 	C:\WINDOWS\System32\KERNELBASE.dll
0x00007ffd2d3e0000 - 0x00007ffd2d52b000 	C:\WINDOWS\System32\ucrtbase.dll
0x00007ffcfba80000 - 0x00007ffcfba98000 	C:\Users\bdjar\AppData\Local\Programs\Eclipse Adoptium\jdk-21.0.6.7-hotspot\bin\jli.dll
0x00007ffcf53b0000 - 0x00007ffcf53ce000 	C:\Users\bdjar\AppData\Local\Programs\Eclipse Adoptium\jdk-21.0.6.7-hotspot\bin\VCRUNTIME140.dll
0x00007ffd2e210000 - 0x00007ffd2e3da000 	C:\WINDOWS\System32\USER32.dll
0x00007ffd2d3b0000 - 0x00007ffd2d3d7000 	C:\WINDOWS\System32\win32u.dll
0x00007ffd0c300000 - 0x00007ffd0c59a000 	C:\WINDOWS\WinSxS\amd64_microsoft.windows.common-controls_6595b64144ccf1df_6.0.26100.4202_none_3e0698d4e335f517\COMCTL32.dll
0x00007ffd2dc80000 - 0x00007ffd2dcab000 	C:\WINDOWS\System32\GDI32.dll
0x00007ffd2e590000 - 0x00007ffd2e639000 	C:\WINDOWS\System32\msvcrt.dll
0x00007ffd2d980000 - 0x00007ffd2dab7000 	C:\WINDOWS\System32\gdi32full.dll
0x00007ffd2d300000 - 0x00007ffd2d3a3000 	C:\WINDOWS\System32\msvcp_win.dll
0x00007ffd2dd70000 - 0x00007ffd2dda0000 	C:\WINDOWS\System32\IMM32.DLL
0x00007ffcfcf10000 - 0x00007ffcfcf1c000 	C:\Users\bdjar\AppData\Local\Programs\Eclipse Adoptium\jdk-21.0.6.7-hotspot\bin\vcruntime140_1.dll
0x00007ffcea690000 - 0x00007ffcea71d000 	C:\Users\bdjar\AppData\Local\Programs\Eclipse Adoptium\jdk-21.0.6.7-hotspot\bin\msvcp140.dll
0x00007ffc8bf70000 - 0x00007ffc8cd00000 	C:\Users\bdjar\AppData\Local\Programs\Eclipse Adoptium\jdk-21.0.6.7-hotspot\bin\server\jvm.dll
0x00007ffd2dcb0000 - 0x00007ffd2dd63000 	C:\WINDOWS\System32\ADVAPI32.dll
0x00007ffd2ecb0000 - 0x00007ffd2ed56000 	C:\WINDOWS\System32\sechost.dll
0x00007ffd2ed60000 - 0x00007ffd2ee75000 	C:\WINDOWS\System32\RPCRT4.dll
0x00007ffd2dc00000 - 0x00007ffd2dc74000 	C:\WINDOWS\System32\WS2_32.dll
0x00007ffd2ba70000 - 0x00007ffd2bace000 	C:\WINDOWS\SYSTEM32\POWRPROF.dll
0x00007ffd25650000 - 0x00007ffd2565b000 	C:\WINDOWS\SYSTEM32\VERSION.dll
0x00007ffd12d00000 - 0x00007ffd12d35000 	C:\WINDOWS\SYSTEM32\WINMM.dll
0x00007ffd2ba50000 - 0x00007ffd2ba64000 	C:\WINDOWS\SYSTEM32\UMPDC.dll
0x00007ffd2bd50000 - 0x00007ffd2bd6b000 	C:\WINDOWS\SYSTEM32\kernel.appcore.dll
0x00007ffcfc620000 - 0x00007ffcfc62a000 	C:\Users\bdjar\AppData\Local\Programs\Eclipse Adoptium\jdk-21.0.6.7-hotspot\bin\jimage.dll
0x00007ffd2a620000 - 0x00007ffd2a861000 	C:\WINDOWS\SYSTEM32\DBGHELP.DLL
0x00007ffd2ddf0000 - 0x00007ffd2e175000 	C:\WINDOWS\System32\combase.dll
0x00007ffd2db10000 - 0x00007ffd2dbf1000 	C:\WINDOWS\System32\OLEAUT32.dll
0x00007ffd0a8d0000 - 0x00007ffd0a909000 	C:\WINDOWS\SYSTEM32\dbgcore.DLL
0x00007ffd2ce70000 - 0x00007ffd2cf09000 	C:\WINDOWS\System32\bcryptPrimitives.dll
0x00007ffcf5140000 - 0x00007ffcf515f000 	C:\Users\bdjar\AppData\Local\Programs\Eclipse Adoptium\jdk-21.0.6.7-hotspot\bin\java.dll
0x00007ffd2f590000 - 0x00007ffd2fcd2000 	C:\WINDOWS\System32\SHELL32.dll
0x00007ffd2d680000 - 0x00007ffd2d7f4000 	C:\WINDOWS\System32\wintypes.dll
0x00007ffd2aae0000 - 0x00007ffd2b338000 	C:\WINDOWS\SYSTEM32\windows.storage.dll
0x00007ffd2e870000 - 0x00007ffd2e961000 	C:\WINDOWS\System32\SHCORE.dll
0x00007ffd2e7f0000 - 0x00007ffd2e85a000 	C:\WINDOWS\System32\shlwapi.dll
0x00007ffd2cd80000 - 0x00007ffd2cdaf000 	C:\WINDOWS\SYSTEM32\profapi.dll
0x00007ffce3310000 - 0x00007ffce33e7000 	C:\Users\bdjar\AppData\Local\Programs\Eclipse Adoptium\jdk-21.0.6.7-hotspot\bin\jsvml.dll
0x00007ffcfc5d0000 - 0x00007ffcfc5e0000 	C:\Users\bdjar\AppData\Local\Programs\Eclipse Adoptium\jdk-21.0.6.7-hotspot\bin\net.dll
0x00007ffd243a0000 - 0x00007ffd244be000 	C:\WINDOWS\SYSTEM32\WINHTTP.dll
0x00007ffd2c2c0000 - 0x00007ffd2c32a000 	C:\WINDOWS\system32\mswsock.dll
0x00007ffcf4d70000 - 0x00007ffcf4d86000 	C:\Users\bdjar\AppData\Local\Programs\Eclipse Adoptium\jdk-21.0.6.7-hotspot\bin\nio.dll
0x00007ffcf33c0000 - 0x00007ffcf33d8000 	C:\Users\bdjar\AppData\Local\Programs\Eclipse Adoptium\jdk-21.0.6.7-hotspot\bin\zip.dll
0x0000000069ac0000 - 0x0000000069ae4000 	C:\maven\apache-maven-3.9.6\lib\jansi-native\Windows\x86_64\jansi.dll
0x00007ffcfc470000 - 0x00007ffcfc480000 	C:\Users\bdjar\AppData\Local\Programs\Eclipse Adoptium\jdk-21.0.6.7-hotspot\bin\verify.dll
0x00007ffd2be70000 - 0x00007ffd2bea6000 	C:\WINDOWS\SYSTEM32\ntmarta.dll

dbghelp: loaded successfully - version: 4.0.5 - missing functions: none
symbol engine: initialized successfully - sym options: 0x614 - pdb path: .;C:\Users\bdjar\AppData\Local\Programs\Eclipse Adoptium\jdk-21.0.6.7-hotspot\bin;C:\WINDOWS\SYSTEM32;C:\WINDOWS\WinSxS\amd64_microsoft.windows.common-controls_6595b64144ccf1df_6.0.26100.4202_none_3e0698d4e335f517;C:\Users\bdjar\AppData\Local\Programs\Eclipse Adoptium\jdk-21.0.6.7-hotspot\bin\server;C:\maven\apache-maven-3.9.6\lib\jansi-native\Windows\x86_64

VM Arguments:
jvm_args: -Dclassworlds.conf=C:/maven/apache-maven-3.9.6/bin/m2.conf -Dmaven.home=C:/maven/apache-maven-3.9.6 -Dlibrary.jansi.path=C:/maven/apache-maven-3.9.6/lib/jansi-native -Dmaven.multiModuleProjectDirectory=C:/Users/bdjar/Desktop/appb3/ticketjo-backend 
java_command: org.codehaus.plexus.classworlds.launcher.Launcher clean package -DsckipTests
java_class_path (initial): C:/maven/apache-maven-3.9.6/boot/plexus-classworlds-2.7.0.jar
Launcher Type: SUN_STANDARD

[Global flags]
     intx CICompilerCount                          = 4                                         {product} {ergonomic}
     uint ConcGCThreads                            = 2                                         {product} {ergonomic}
     uint G1ConcRefinementThreads                  = 8                                         {product} {ergonomic}
   size_t G1HeapRegionSize                         = 1048576                                   {product} {ergonomic}
    uintx GCDrainStackTargetSize                   = 64                                        {product} {ergonomic}
   size_t InitialHeapSize                          = 132120576                                 {product} {ergonomic}
   size_t MarkStackSize                            = 4194304                                   {product} {ergonomic}
   size_t MaxHeapSize                              = 2097152000                                {product} {ergonomic}
   size_t MaxNewSize                               = 1258291200                                {product} {ergonomic}
   size_t MinHeapDeltaBytes                        = 1048576                                   {product} {ergonomic}
   size_t MinHeapSize                              = 8388608                                   {product} {ergonomic}
    uintx NonNMethodCodeHeapSize                   = 5839372                                {pd product} {ergonomic}
    uintx NonProfiledCodeHeapSize                  = 122909434                              {pd product} {ergonomic}
    uintx ProfiledCodeHeapSize                     = 122909434                              {pd product} {ergonomic}
    uintx ReservedCodeCacheSize                    = 251658240                              {pd product} {ergonomic}
     bool SegmentedCodeCache                       = true                                      {product} {ergonomic}
   size_t SoftMaxHeapSize                          = 2097152000                             {manageable} {ergonomic}
     bool UseCompressedOops                        = true                           {product lp64_product} {ergonomic}
     bool UseG1GC                                  = true                                      {product} {ergonomic}
     bool UseLargePagesIndividualAllocation        = false                                  {pd product} {ergonomic}

Logging:
Log output configuration:
 #0: stdout all=warning uptime,level,tags foldmultilines=false
 #1: stderr all=off uptime,level,tags foldmultilines=false

Environment Variables:
JAVA_HOME=C:/Users/bdjar/AppData/Local/Programs/Eclipse Adoptium/jdk-21.0.6.7-hotspot
PATH=C:\Users\bdjar\bin;C:\Program Files\Git\mingw64\bin;C:\Program Files\Git\usr\local\bin;C:\Program Files\Git\usr\bin;C:\Program Files\Git\usr\bin;C:\Program Files\Git\mingw64\bin;C:\Program Files\Git\usr\bin;C:\Users\bdjar\bin;C:\Users\bdjar\Downloads\sts-4.22.0.RELEASE\plugins\org.eclipse.justj.openjdk.hotspot.jre.full.win32.x86_64_17.0.10.v20240120-1143\jre\bin\server;C:\Users\bdjar\Downloads\sts-4.22.0.RELEASE\plugins\org.eclipse.justj.openjdk.hotspot.jre.full.win32.x86_64_17.0.10.v20240120-1143\jre\bin;C:\maven\apache-maven-3.9.6\bin;C:\WINDOWS\system32;C:\WINDOWS;C:\WINDOWS\System32\Wbem;C:\WINDOWS\System32\WindowsPowerShell\v1.0;C:\WINDOWS\System32\OpenSSH;C:\Program Files\Symfony;C:\Program Files (x86)\Yarn\bin;C:\Program Files\Docker\Docker\resources\bin;C:\Program Files\nodejs;C:\Program Files\Git\cmd;C:\Program Files\apache-maven\bin;C:\ProgramData\ComposerSetup\bin;C:\Users\bdjar\AppData\Local\Programs\Python\Python311\Scripts;C:\Users\bdjar\AppData\Local\Programs\Python\Python311;C:\Users\bdjar\scoop\shims;C:\Program Files\MySQL\MySQL Shell 8.0\bin;C:\Users\bdjar\AppData\Local\Microsoft\WindowsApps;C:\Users\bdjar\AppData\Local\Programs\Microsoft VS Code\bin;C:\Users\bdjar\composer;C:\Users\bdjar\AppData\Roaming\Composer\vendor\bin;C:\Users\bdjar\AppData\Local\GitHubDesktop\bin;C:\Users\bdjar\AppData\Local\Yarn\bin;C:\Users\bdjar\AppData\Roaming\npm;C:\Program Files\php-8.2.9;C:\Program Files\heroku\bin;C:\WINDOWS\system32;C:\WINDOWS;C:\WINDOWS\System32\Wbem;C:\WINDOWS\System32\WindowsPowerShell\v1.0;C:\WINDOWS\System32\OpenSSH;C:\Users\bdjar\AppData\Local\Programs\Eclipse Adoptium\jdk-21.0.6.7-hotspot\bin;C:\Program Files\MySQL\MySQL Shell 8.0\bin;C:\Users\bdjar\AppData\Local\Programs\Python\Python311\Scripts;C:\Users\bdjar\AppData\Local\Programs\Python\Python311;C:\Users\bdjar\scoop\shims;C:\Users\bdjar\AppData\Local\Microsoft\WindowsApps;C:\Users\bdjar\AppData\Local\Programs\Microsoft VS Code\bin;C:\Users\bdjar\composer;C:\Users\bdjar\AppData\Roaming\Composer\vendor\bin;C:\Users\bdjar\AppData\Local\GitHubDesktop\bin;C:\Users\bdjar\AppData\Local\Yarn\bin;C:\Users\bdjar\AppData\Roaming\npm;C:\Program Files\php-8.2.9;C:\Program Files\heroku\bin;C:\Program Files\JetBrains\IntelliJ IDEA 2024.3\bin;C:\Program Files\PostgreSQL\17\bin;C:\Program Files\mosquitto;C:\Users\bdjar\Downloads\sts-4.22.0.RELEASE;C:\Program Files\Git\usr\bin\vendor_perl;C:\Program Files\Git\usr\bin\core_perl
USERNAME=Bdjaraye
SHELL=C:\Program Files\Git\usr\bin\bash.exe
DISPLAY=needs-to-be-defined
LANG=fr_FR.UTF-8
TERM=xterm
TMPDIR=C:\Users\bdjar\AppData\Local\Temp
OS=Windows_NT
PROCESSOR_IDENTIFIER=Intel64 Family 6 Model 142 Stepping 12, GenuineIntel
TMP=C:\Users\bdjar\AppData\Local\Temp
TEMP=C:\Users\bdjar\AppData\Local\Temp




Periodic native trim disabled

---------------  S Y S T E M  ---------------

OS:
 Windows 11 , 64 bit Build 26100 (10.0.26100.4202)
OS uptime: 6 days 9:15 hours
Hyper-V role detected

CPU: total 8 (initial active 8) (4 cores per cpu, 2 threads per core) family 6 model 142 stepping 12 microcode 0xea, cx8, cmov, fxsr, ht, mmx, 3dnowpref, sse, sse2, sse3, ssse3, sse4.1, sse4.2, popcnt, lzcnt, tsc, tscinvbit, avx, avx2, aes, erms, clmul, bmi1, bmi2, adx, fma, vzeroupper, clflush, clflushopt, hv, rdtscp, f16c
Processor Information for the first 8 processors :
  Max Mhz: 2304, Current Mhz: 1803, Mhz Limit: 1797

Memory: 4k page, system-wide physical 7995M (578M free)
TotalPageFile size 32571M (AvailPageFile size 8M)
current process WorkingSet (physical memory assigned to process): 285M, peak: 285M
current process commit charge ("private bytes"): 351M, peak: 351M

vm_info: OpenJDK 64-Bit Server VM (21.0.6+7-LTS) for windows-amd64 JRE (21.0.6+7-LTS), built on 2025-01-21T00:00:00Z by "admin" with MS VC++ 17.7 (VS2022)

END.
